	.text
	.syntax unified
	.eabi_attribute	67, "2.09"	@ Tag_conformance
	.cpu	cortex-m4
	.eabi_attribute	6, 13	@ Tag_CPU_arch
	.eabi_attribute	7, 77	@ Tag_CPU_arch_profile
	.eabi_attribute	8, 0	@ Tag_ARM_ISA_use
	.eabi_attribute	9, 2	@ Tag_THUMB_ISA_use
	.fpu	fpv4-sp-d16
	.eabi_attribute	27, 1	@ Tag_ABI_HardFP_use
	.eabi_attribute	36, 1	@ Tag_FP_HP_extension
	.eabi_attribute	34, 1	@ Tag_CPU_unaligned_access
	.eabi_attribute	17, 1	@ Tag_ABI_PCS_GOT_use
	.eabi_attribute	20, 2	@ Tag_ABI_FP_denormal
	.eabi_attribute	21, 0	@ Tag_ABI_FP_exceptions
	.eabi_attribute	23, 1	@ Tag_ABI_FP_number_model
	.eabi_attribute	24, 1	@ Tag_ABI_align_needed
	.eabi_attribute	25, 1	@ Tag_ABI_align_preserved
	.eabi_attribute	28, 1	@ Tag_ABI_VFP_args
	.eabi_attribute	38, 1	@ Tag_ABI_FP_16bit_format
	.eabi_attribute	18, 2	@ Tag_ABI_PCS_wchar_t
	.eabi_attribute	26, 1	@ Tag_ABI_enum_size
	.eabi_attribute	14, 0	@ Tag_ABI_PCS_R9_use
	.file	"gpio.c"
	.file	1 "f:\\OwnProject\\CubeMX\\stm32f407_ll_usart_dma\\MDK-ARM" "../Drivers/CMSIS/Device/ST/STM32F4xx/Include\\stm32f4xx.h"
	.file	2 "D:\\ProgramFiles\\KEIL\\ARM\\ARMCLANG\\Bin\\..\\include" "stdint.h"
	.file	3 "f:\\OwnProject\\CubeMX\\stm32f407_ll_usart_dma\\MDK-ARM" "../Drivers/CMSIS/Device/ST/STM32F4xx/Include/stm32f407xx.h"
	.section	.text.MX_GPIO_Init,"ax",%progbits
	.hidden	MX_GPIO_Init                    @ -- Begin function MX_GPIO_Init
	.globl	MX_GPIO_Init
	.p2align	2
	.type	MX_GPIO_Init,%function
	.code	16                              @ @MX_GPIO_Init
	.thumb_func
MX_GPIO_Init:
.Lfunc_begin0:
	.file	4 "f:\\OwnProject\\CubeMX\\stm32f407_ll_usart_dma\\MDK-ARM" "../Core/Src/gpio.c"
	.loc	4 45 0                          @ ../Core/Src/gpio.c:45:0
	.fnstart
	.cfi_sections .debug_frame
	.cfi_startproc
@ %bb.0:
	.save	{r4, r5, r6, r7, r8, lr}
	push.w	{r4, r5, r6, r7, r8, lr}
	.cfi_def_cfa_offset 24
	.cfi_offset lr, -4
	.cfi_offset r8, -8
	.cfi_offset r7, -12
	.cfi_offset r6, -16
	.cfi_offset r5, -20
	.cfi_offset r4, -24
	.pad	#32
	sub	sp, #32
	.cfi_def_cfa_offset 56
	movs	r6, #0
	movw	r0, #14384
.Ltmp0:
	.loc	4 47 23 prologue_end            @ ../Core/Src/gpio.c:47:23
	strd	r6, r6, [sp, #20]
	strd	r6, r6, [sp, #12]
	movt	r0, #16386
.Ltmp1:
	@DEBUG_VALUE: LL_AHB1_GRP1_EnableClock:Periphs <- 16
	.file	5 "f:\\OwnProject\\CubeMX\\stm32f407_ll_usart_dma\\MDK-ARM" "../Drivers/STM32F4xx_HAL_Driver/Inc\\stm32f4xx_ll_bus.h"
	.loc	5 412 3                         @ ../Drivers/STM32F4xx_HAL_Driver/Inc\stm32f4xx_ll_bus.h:412:3
	ldr	r1, [r0]
	movs	r4, #0
	orr	r1, r1, #16
	str	r1, [r0]
	.loc	5 414 12                        @ ../Drivers/STM32F4xx_HAL_Driver/Inc\stm32f4xx_ll_bus.h:414:12
	ldr	r1, [r0]
	movt	r4, #16386
	and	r1, r1, #16
	.loc	5 414 10 is_stmt 0              @ ../Drivers/STM32F4xx_HAL_Driver/Inc\stm32f4xx_ll_bus.h:414:10
	str	r1, [sp, #28]
	.loc	5 415 9 is_stmt 1               @ ../Drivers/STM32F4xx_HAL_Driver/Inc\stm32f4xx_ll_bus.h:415:9
	ldr	r1, [sp, #28]
.Ltmp2:
	@DEBUG_VALUE: LL_AHB1_GRP1_EnableClock:Periphs <- 4
	.loc	5 412 3                         @ ../Drivers/STM32F4xx_HAL_Driver/Inc\stm32f4xx_ll_bus.h:412:3
	ldr	r1, [r0]
	add	r5, sp, #4
	orr	r1, r1, #4
	str	r1, [r0]
	.loc	5 414 12                        @ ../Drivers/STM32F4xx_HAL_Driver/Inc\stm32f4xx_ll_bus.h:414:12
	ldr	r1, [r0]
	movw	r8, #65535
	and	r1, r1, #4
	.loc	5 414 10 is_stmt 0              @ ../Drivers/STM32F4xx_HAL_Driver/Inc\stm32f4xx_ll_bus.h:414:10
	str	r1, [sp, #28]
	.loc	5 415 9 is_stmt 1               @ ../Drivers/STM32F4xx_HAL_Driver/Inc\stm32f4xx_ll_bus.h:415:9
	ldr	r1, [sp, #28]
.Ltmp3:
	@DEBUG_VALUE: LL_AHB1_GRP1_EnableClock:Periphs <- 32
	.loc	5 412 3                         @ ../Drivers/STM32F4xx_HAL_Driver/Inc\stm32f4xx_ll_bus.h:412:3
	ldr	r1, [r0]
	movs	r7, #3
	orr	r1, r1, #32
	str	r1, [r0]
	.loc	5 414 12                        @ ../Drivers/STM32F4xx_HAL_Driver/Inc\stm32f4xx_ll_bus.h:414:12
	ldr	r1, [r0]
	and	r1, r1, #32
	.loc	5 414 10 is_stmt 0              @ ../Drivers/STM32F4xx_HAL_Driver/Inc\stm32f4xx_ll_bus.h:414:10
	str	r1, [sp, #28]
	.loc	5 415 9 is_stmt 1               @ ../Drivers/STM32F4xx_HAL_Driver/Inc\stm32f4xx_ll_bus.h:415:9
	ldr	r1, [sp, #28]
.Ltmp4:
	@DEBUG_VALUE: LL_AHB1_GRP1_EnableClock:Periphs <- 128
	.loc	5 412 3                         @ ../Drivers/STM32F4xx_HAL_Driver/Inc\stm32f4xx_ll_bus.h:412:3
	ldr	r1, [r0]
	orr	r1, r1, #128
	str	r1, [r0]
	.loc	5 414 12                        @ ../Drivers/STM32F4xx_HAL_Driver/Inc\stm32f4xx_ll_bus.h:414:12
	ldr	r1, [r0]
	and	r1, r1, #128
	.loc	5 414 10 is_stmt 0              @ ../Drivers/STM32F4xx_HAL_Driver/Inc\stm32f4xx_ll_bus.h:414:10
	str	r1, [sp, #28]
	.loc	5 415 9 is_stmt 1               @ ../Drivers/STM32F4xx_HAL_Driver/Inc\stm32f4xx_ll_bus.h:415:9
	ldr	r1, [sp, #28]
.Ltmp5:
	@DEBUG_VALUE: LL_AHB1_GRP1_EnableClock:Periphs <- 1
	.loc	5 412 3                         @ ../Drivers/STM32F4xx_HAL_Driver/Inc\stm32f4xx_ll_bus.h:412:3
	ldr	r1, [r0]
	orr	r1, r1, #1
	str	r1, [r0]
	.loc	5 414 12                        @ ../Drivers/STM32F4xx_HAL_Driver/Inc\stm32f4xx_ll_bus.h:414:12
	ldr	r1, [r0]
	and	r1, r1, #1
	.loc	5 414 10 is_stmt 0              @ ../Drivers/STM32F4xx_HAL_Driver/Inc\stm32f4xx_ll_bus.h:414:10
	str	r1, [sp, #28]
	.loc	5 415 9 is_stmt 1               @ ../Drivers/STM32F4xx_HAL_Driver/Inc\stm32f4xx_ll_bus.h:415:9
	ldr	r1, [sp, #28]
.Ltmp6:
	@DEBUG_VALUE: LL_AHB1_GRP1_EnableClock:Periphs <- 2
	.loc	5 412 3                         @ ../Drivers/STM32F4xx_HAL_Driver/Inc\stm32f4xx_ll_bus.h:412:3
	ldr	r1, [r0]
	orr	r1, r1, #2
	str	r1, [r0]
	.loc	5 414 12                        @ ../Drivers/STM32F4xx_HAL_Driver/Inc\stm32f4xx_ll_bus.h:414:12
	ldr	r1, [r0]
	and	r1, r1, #2
	.loc	5 414 10 is_stmt 0              @ ../Drivers/STM32F4xx_HAL_Driver/Inc\stm32f4xx_ll_bus.h:414:10
	str	r1, [sp, #28]
	.loc	5 415 9 is_stmt 1               @ ../Drivers/STM32F4xx_HAL_Driver/Inc\stm32f4xx_ll_bus.h:415:9
	ldr	r1, [sp, #28]
.Ltmp7:
	@DEBUG_VALUE: LL_AHB1_GRP1_EnableClock:Periphs <- 64
	.loc	5 412 3                         @ ../Drivers/STM32F4xx_HAL_Driver/Inc\stm32f4xx_ll_bus.h:412:3
	ldr	r1, [r0]
	orr	r1, r1, #64
	str	r1, [r0]
	.loc	5 414 12                        @ ../Drivers/STM32F4xx_HAL_Driver/Inc\stm32f4xx_ll_bus.h:414:12
	ldr	r1, [r0]
	and	r1, r1, #64
	.loc	5 414 10 is_stmt 0              @ ../Drivers/STM32F4xx_HAL_Driver/Inc\stm32f4xx_ll_bus.h:414:10
	str	r1, [sp, #28]
	.loc	5 415 9 is_stmt 1               @ ../Drivers/STM32F4xx_HAL_Driver/Inc\stm32f4xx_ll_bus.h:415:9
	ldr	r1, [sp, #28]
.Ltmp8:
	@DEBUG_VALUE: LL_AHB1_GRP1_EnableClock:Periphs <- 8
	.loc	5 412 3                         @ ../Drivers/STM32F4xx_HAL_Driver/Inc\stm32f4xx_ll_bus.h:412:3
	ldr	r1, [r0]
	orr	r1, r1, #8
	str	r1, [r0]
	.loc	5 414 12                        @ ../Drivers/STM32F4xx_HAL_Driver/Inc\stm32f4xx_ll_bus.h:414:12
	ldr	r0, [r0]
.Ltmp9:
	.loc	4 66 3                          @ ../Core/Src/gpio.c:66:3
	mov	r1, r5
.Ltmp10:
	.loc	5 414 12                        @ ../Drivers/STM32F4xx_HAL_Driver/Inc\stm32f4xx_ll_bus.h:414:12
	and	r0, r0, #8
	.loc	5 414 10 is_stmt 0              @ ../Drivers/STM32F4xx_HAL_Driver/Inc\stm32f4xx_ll_bus.h:414:10
	str	r0, [sp, #28]
	.loc	5 415 9 is_stmt 1               @ ../Drivers/STM32F4xx_HAL_Driver/Inc\stm32f4xx_ll_bus.h:415:9
	ldr	r0, [sp, #28]
.Ltmp11:
	.loc	4 66 3                          @ ../Core/Src/gpio.c:66:3
	add.w	r0, r4, #4096
	.loc	4 60 23                         @ ../Core/Src/gpio.c:60:23
	str.w	r8, [sp, #4]
	.loc	4 64 24                         @ ../Core/Src/gpio.c:64:24
	str	r7, [sp, #8]
	.loc	4 65 24                         @ ../Core/Src/gpio.c:65:24
	str	r6, [sp, #20]
	.loc	4 66 3                          @ ../Core/Src/gpio.c:66:3
	bl	LL_GPIO_Init
.Ltmp12:
	.loc	4 0 3 is_stmt 0                 @ ../Core/Src/gpio.c:0:3
	movw	r0, #16383
	.loc	4 69 23 is_stmt 1               @ ../Core/Src/gpio.c:69:23
	strd	r0, r7, [sp, #4]
	.loc	4 75 3                          @ ../Core/Src/gpio.c:75:3
	add.w	r0, r4, #2048
	mov	r1, r5
	.loc	4 74 24                         @ ../Core/Src/gpio.c:74:24
	str	r6, [sp, #20]
	.loc	4 75 3                          @ ../Core/Src/gpio.c:75:3
	bl	LL_GPIO_Init
.Ltmp13:
	.loc	4 84 3                          @ ../Core/Src/gpio.c:84:3
	add.w	r0, r4, #5120
	mov	r1, r5
	.loc	4 78 23                         @ ../Core/Src/gpio.c:78:23
	strd	r8, r7, [sp, #4]
	.loc	4 83 24                         @ ../Core/Src/gpio.c:83:24
	str	r6, [sp, #20]
	.loc	4 84 3                          @ ../Core/Src/gpio.c:84:3
	bl	LL_GPIO_Init
.Ltmp14:
	.loc	4 0 3 is_stmt 0                 @ ../Core/Src/gpio.c:0:3
	movw	r0, #6643
	.loc	4 87 23 is_stmt 1               @ ../Core/Src/gpio.c:87:23
	strd	r0, r7, [sp, #4]
	.loc	4 92 3                          @ ../Core/Src/gpio.c:92:3
	mov	r0, r4
	mov	r1, r5
	.loc	4 91 24                         @ ../Core/Src/gpio.c:91:24
	str	r6, [sp, #20]
	.loc	4 92 3                          @ ../Core/Src/gpio.c:92:3
	bl	LL_GPIO_Init
.Ltmp15:
	.loc	4 101 3                         @ ../Core/Src/gpio.c:101:3
	add.w	r0, r4, #1024
	mov	r1, r5
	.loc	4 95 23                         @ ../Core/Src/gpio.c:95:23
	strd	r8, r7, [sp, #4]
	.loc	4 100 24                        @ ../Core/Src/gpio.c:100:24
	str	r6, [sp, #20]
	.loc	4 101 3                         @ ../Core/Src/gpio.c:101:3
	bl	LL_GPIO_Init
.Ltmp16:
	.loc	4 110 3                         @ ../Core/Src/gpio.c:110:3
	add.w	r0, r4, #6144
	mov	r1, r5
	.loc	4 104 23                        @ ../Core/Src/gpio.c:104:23
	strd	r8, r7, [sp, #4]
	.loc	4 109 24                        @ ../Core/Src/gpio.c:109:24
	str	r6, [sp, #20]
	.loc	4 110 3                         @ ../Core/Src/gpio.c:110:3
	bl	LL_GPIO_Init
.Ltmp17:
	.loc	4 119 3                         @ ../Core/Src/gpio.c:119:3
	add.w	r0, r4, #3072
	mov	r1, r5
	.loc	4 113 23                        @ ../Core/Src/gpio.c:113:23
	strd	r8, r7, [sp, #4]
	.loc	4 118 24                        @ ../Core/Src/gpio.c:118:24
	str	r6, [sp, #20]
	.loc	4 119 3                         @ ../Core/Src/gpio.c:119:3
	bl	LL_GPIO_Init
.Ltmp18:
	.loc	4 121 1                         @ ../Core/Src/gpio.c:121:1
	add	sp, #32
	pop.w	{r4, r5, r6, r7, r8, pc}
.Ltmp19:
.Lfunc_end0:
	.size	MX_GPIO_Init, .Lfunc_end0-MX_GPIO_Init
	.cfi_endproc
	.cantunwind
	.fnend
                                        @ -- End function
	.file	6 "f:\\OwnProject\\CubeMX\\stm32f407_ll_usart_dma\\MDK-ARM" "../Drivers/STM32F4xx_HAL_Driver/Inc\\stm32f4xx_ll_gpio.h"
	.section	.debug_abbrev,"",%progbits
	.byte	1                               @ Abbreviation Code
	.byte	17                              @ DW_TAG_compile_unit
	.byte	1                               @ DW_CHILDREN_yes
	.byte	37                              @ DW_AT_producer
	.byte	14                              @ DW_FORM_strp
	.byte	19                              @ DW_AT_language
	.byte	5                               @ DW_FORM_data2
	.byte	3                               @ DW_AT_name
	.byte	14                              @ DW_FORM_strp
	.byte	16                              @ DW_AT_stmt_list
	.byte	23                              @ DW_FORM_sec_offset
	.byte	27                              @ DW_AT_comp_dir
	.byte	14                              @ DW_FORM_strp
	.byte	17                              @ DW_AT_low_pc
	.byte	1                               @ DW_FORM_addr
	.byte	18                              @ DW_AT_high_pc
	.byte	6                               @ DW_FORM_data4
	.byte	0                               @ EOM(1)
	.byte	0                               @ EOM(2)
	.byte	2                               @ Abbreviation Code
	.byte	4                               @ DW_TAG_enumeration_type
	.byte	1                               @ DW_CHILDREN_yes
	.byte	73                              @ DW_AT_type
	.byte	19                              @ DW_FORM_ref4
	.byte	11                              @ DW_AT_byte_size
	.byte	11                              @ DW_FORM_data1
	.byte	58                              @ DW_AT_decl_file
	.byte	11                              @ DW_FORM_data1
	.byte	59                              @ DW_AT_decl_line
	.byte	11                              @ DW_FORM_data1
	.byte	0                               @ EOM(1)
	.byte	0                               @ EOM(2)
	.byte	3                               @ Abbreviation Code
	.byte	40                              @ DW_TAG_enumerator
	.byte	0                               @ DW_CHILDREN_no
	.byte	3                               @ DW_AT_name
	.byte	14                              @ DW_FORM_strp
	.byte	28                              @ DW_AT_const_value
	.byte	15                              @ DW_FORM_udata
	.byte	0                               @ EOM(1)
	.byte	0                               @ EOM(2)
	.byte	4                               @ Abbreviation Code
	.byte	36                              @ DW_TAG_base_type
	.byte	0                               @ DW_CHILDREN_no
	.byte	3                               @ DW_AT_name
	.byte	14                              @ DW_FORM_strp
	.byte	62                              @ DW_AT_encoding
	.byte	11                              @ DW_FORM_data1
	.byte	11                              @ DW_AT_byte_size
	.byte	11                              @ DW_FORM_data1
	.byte	0                               @ EOM(1)
	.byte	0                               @ EOM(2)
	.byte	5                               @ Abbreviation Code
	.byte	15                              @ DW_TAG_pointer_type
	.byte	0                               @ DW_CHILDREN_no
	.byte	73                              @ DW_AT_type
	.byte	19                              @ DW_FORM_ref4
	.byte	0                               @ EOM(1)
	.byte	0                               @ EOM(2)
	.byte	6                               @ Abbreviation Code
	.byte	22                              @ DW_TAG_typedef
	.byte	0                               @ DW_CHILDREN_no
	.byte	73                              @ DW_AT_type
	.byte	19                              @ DW_FORM_ref4
	.byte	3                               @ DW_AT_name
	.byte	14                              @ DW_FORM_strp
	.byte	58                              @ DW_AT_decl_file
	.byte	11                              @ DW_FORM_data1
	.byte	59                              @ DW_AT_decl_line
	.byte	5                               @ DW_FORM_data2
	.byte	0                               @ EOM(1)
	.byte	0                               @ EOM(2)
	.byte	7                               @ Abbreviation Code
	.byte	19                              @ DW_TAG_structure_type
	.byte	1                               @ DW_CHILDREN_yes
	.byte	11                              @ DW_AT_byte_size
	.byte	11                              @ DW_FORM_data1
	.byte	58                              @ DW_AT_decl_file
	.byte	11                              @ DW_FORM_data1
	.byte	59                              @ DW_AT_decl_line
	.byte	5                               @ DW_FORM_data2
	.byte	0                               @ EOM(1)
	.byte	0                               @ EOM(2)
	.byte	8                               @ Abbreviation Code
	.byte	13                              @ DW_TAG_member
	.byte	0                               @ DW_CHILDREN_no
	.byte	3                               @ DW_AT_name
	.byte	14                              @ DW_FORM_strp
	.byte	73                              @ DW_AT_type
	.byte	19                              @ DW_FORM_ref4
	.byte	58                              @ DW_AT_decl_file
	.byte	11                              @ DW_FORM_data1
	.byte	59                              @ DW_AT_decl_line
	.byte	5                               @ DW_FORM_data2
	.byte	56                              @ DW_AT_data_member_location
	.byte	11                              @ DW_FORM_data1
	.byte	0                               @ EOM(1)
	.byte	0                               @ EOM(2)
	.byte	9                               @ Abbreviation Code
	.byte	53                              @ DW_TAG_volatile_type
	.byte	0                               @ DW_CHILDREN_no
	.byte	73                              @ DW_AT_type
	.byte	19                              @ DW_FORM_ref4
	.byte	0                               @ EOM(1)
	.byte	0                               @ EOM(2)
	.byte	10                              @ Abbreviation Code
	.byte	22                              @ DW_TAG_typedef
	.byte	0                               @ DW_CHILDREN_no
	.byte	73                              @ DW_AT_type
	.byte	19                              @ DW_FORM_ref4
	.byte	3                               @ DW_AT_name
	.byte	14                              @ DW_FORM_strp
	.byte	58                              @ DW_AT_decl_file
	.byte	11                              @ DW_FORM_data1
	.byte	59                              @ DW_AT_decl_line
	.byte	11                              @ DW_FORM_data1
	.byte	0                               @ EOM(1)
	.byte	0                               @ EOM(2)
	.byte	11                              @ Abbreviation Code
	.byte	1                               @ DW_TAG_array_type
	.byte	1                               @ DW_CHILDREN_yes
	.byte	73                              @ DW_AT_type
	.byte	19                              @ DW_FORM_ref4
	.byte	0                               @ EOM(1)
	.byte	0                               @ EOM(2)
	.byte	12                              @ Abbreviation Code
	.byte	33                              @ DW_TAG_subrange_type
	.byte	0                               @ DW_CHILDREN_no
	.byte	73                              @ DW_AT_type
	.byte	19                              @ DW_FORM_ref4
	.byte	55                              @ DW_AT_count
	.byte	11                              @ DW_FORM_data1
	.byte	0                               @ EOM(1)
	.byte	0                               @ EOM(2)
	.byte	13                              @ Abbreviation Code
	.byte	36                              @ DW_TAG_base_type
	.byte	0                               @ DW_CHILDREN_no
	.byte	3                               @ DW_AT_name
	.byte	14                              @ DW_FORM_strp
	.byte	11                              @ DW_AT_byte_size
	.byte	11                              @ DW_FORM_data1
	.byte	62                              @ DW_AT_encoding
	.byte	11                              @ DW_FORM_data1
	.byte	0                               @ EOM(1)
	.byte	0                               @ EOM(2)
	.byte	14                              @ Abbreviation Code
	.byte	46                              @ DW_TAG_subprogram
	.byte	1                               @ DW_CHILDREN_yes
	.byte	3                               @ DW_AT_name
	.byte	14                              @ DW_FORM_strp
	.byte	58                              @ DW_AT_decl_file
	.byte	11                              @ DW_FORM_data1
	.byte	59                              @ DW_AT_decl_line
	.byte	5                               @ DW_FORM_data2
	.byte	39                              @ DW_AT_prototyped
	.byte	25                              @ DW_FORM_flag_present
	.byte	32                              @ DW_AT_inline
	.byte	11                              @ DW_FORM_data1
	.byte	0                               @ EOM(1)
	.byte	0                               @ EOM(2)
	.byte	15                              @ Abbreviation Code
	.byte	5                               @ DW_TAG_formal_parameter
	.byte	0                               @ DW_CHILDREN_no
	.byte	3                               @ DW_AT_name
	.byte	14                              @ DW_FORM_strp
	.byte	58                              @ DW_AT_decl_file
	.byte	11                              @ DW_FORM_data1
	.byte	59                              @ DW_AT_decl_line
	.byte	5                               @ DW_FORM_data2
	.byte	73                              @ DW_AT_type
	.byte	19                              @ DW_FORM_ref4
	.byte	0                               @ EOM(1)
	.byte	0                               @ EOM(2)
	.byte	16                              @ Abbreviation Code
	.byte	52                              @ DW_TAG_variable
	.byte	0                               @ DW_CHILDREN_no
	.byte	3                               @ DW_AT_name
	.byte	14                              @ DW_FORM_strp
	.byte	58                              @ DW_AT_decl_file
	.byte	11                              @ DW_FORM_data1
	.byte	59                              @ DW_AT_decl_line
	.byte	5                               @ DW_FORM_data2
	.byte	73                              @ DW_AT_type
	.byte	19                              @ DW_FORM_ref4
	.byte	0                               @ EOM(1)
	.byte	0                               @ EOM(2)
	.byte	17                              @ Abbreviation Code
	.byte	46                              @ DW_TAG_subprogram
	.byte	1                               @ DW_CHILDREN_yes
	.byte	17                              @ DW_AT_low_pc
	.byte	1                               @ DW_FORM_addr
	.byte	18                              @ DW_AT_high_pc
	.byte	6                               @ DW_FORM_data4
	.byte	64                              @ DW_AT_frame_base
	.byte	24                              @ DW_FORM_exprloc
	.ascii	"\227B"                         @ DW_AT_GNU_all_call_sites
	.byte	25                              @ DW_FORM_flag_present
	.byte	3                               @ DW_AT_name
	.byte	14                              @ DW_FORM_strp
	.byte	58                              @ DW_AT_decl_file
	.byte	11                              @ DW_FORM_data1
	.byte	59                              @ DW_AT_decl_line
	.byte	11                              @ DW_FORM_data1
	.byte	39                              @ DW_AT_prototyped
	.byte	25                              @ DW_FORM_flag_present
	.byte	63                              @ DW_AT_external
	.byte	25                              @ DW_FORM_flag_present
	.byte	0                               @ EOM(1)
	.byte	0                               @ EOM(2)
	.byte	18                              @ Abbreviation Code
	.byte	52                              @ DW_TAG_variable
	.byte	0                               @ DW_CHILDREN_no
	.byte	2                               @ DW_AT_location
	.byte	24                              @ DW_FORM_exprloc
	.byte	3                               @ DW_AT_name
	.byte	14                              @ DW_FORM_strp
	.byte	58                              @ DW_AT_decl_file
	.byte	11                              @ DW_FORM_data1
	.byte	59                              @ DW_AT_decl_line
	.byte	11                              @ DW_FORM_data1
	.byte	73                              @ DW_AT_type
	.byte	19                              @ DW_FORM_ref4
	.byte	0                               @ EOM(1)
	.byte	0                               @ EOM(2)
	.byte	19                              @ Abbreviation Code
	.byte	29                              @ DW_TAG_inlined_subroutine
	.byte	1                               @ DW_CHILDREN_yes
	.byte	49                              @ DW_AT_abstract_origin
	.byte	19                              @ DW_FORM_ref4
	.byte	17                              @ DW_AT_low_pc
	.byte	1                               @ DW_FORM_addr
	.byte	18                              @ DW_AT_high_pc
	.byte	6                               @ DW_FORM_data4
	.byte	88                              @ DW_AT_call_file
	.byte	11                              @ DW_FORM_data1
	.byte	89                              @ DW_AT_call_line
	.byte	11                              @ DW_FORM_data1
	.byte	87                              @ DW_AT_call_column
	.byte	11                              @ DW_FORM_data1
	.byte	0                               @ EOM(1)
	.byte	0                               @ EOM(2)
	.byte	20                              @ Abbreviation Code
	.byte	5                               @ DW_TAG_formal_parameter
	.byte	0                               @ DW_CHILDREN_no
	.byte	28                              @ DW_AT_const_value
	.byte	15                              @ DW_FORM_udata
	.byte	49                              @ DW_AT_abstract_origin
	.byte	19                              @ DW_FORM_ref4
	.byte	0                               @ EOM(1)
	.byte	0                               @ EOM(2)
	.byte	21                              @ Abbreviation Code
	.byte	52                              @ DW_TAG_variable
	.byte	0                               @ DW_CHILDREN_no
	.byte	2                               @ DW_AT_location
	.byte	24                              @ DW_FORM_exprloc
	.byte	49                              @ DW_AT_abstract_origin
	.byte	19                              @ DW_FORM_ref4
	.byte	0                               @ EOM(1)
	.byte	0                               @ EOM(2)
	.byte	22                              @ Abbreviation Code
	.byte	29                              @ DW_TAG_inlined_subroutine
	.byte	1                               @ DW_CHILDREN_yes
	.byte	49                              @ DW_AT_abstract_origin
	.byte	19                              @ DW_FORM_ref4
	.byte	85                              @ DW_AT_ranges
	.byte	23                              @ DW_FORM_sec_offset
	.byte	88                              @ DW_AT_call_file
	.byte	11                              @ DW_FORM_data1
	.byte	89                              @ DW_AT_call_line
	.byte	11                              @ DW_FORM_data1
	.byte	87                              @ DW_AT_call_column
	.byte	11                              @ DW_FORM_data1
	.byte	0                               @ EOM(1)
	.byte	0                               @ EOM(2)
	.byte	23                              @ Abbreviation Code
	.byte	19                              @ DW_TAG_structure_type
	.byte	1                               @ DW_CHILDREN_yes
	.byte	11                              @ DW_AT_byte_size
	.byte	11                              @ DW_FORM_data1
	.byte	58                              @ DW_AT_decl_file
	.byte	11                              @ DW_FORM_data1
	.byte	59                              @ DW_AT_decl_line
	.byte	11                              @ DW_FORM_data1
	.byte	0                               @ EOM(1)
	.byte	0                               @ EOM(2)
	.byte	24                              @ Abbreviation Code
	.byte	13                              @ DW_TAG_member
	.byte	0                               @ DW_CHILDREN_no
	.byte	3                               @ DW_AT_name
	.byte	14                              @ DW_FORM_strp
	.byte	73                              @ DW_AT_type
	.byte	19                              @ DW_FORM_ref4
	.byte	58                              @ DW_AT_decl_file
	.byte	11                              @ DW_FORM_data1
	.byte	59                              @ DW_AT_decl_line
	.byte	11                              @ DW_FORM_data1
	.byte	56                              @ DW_AT_data_member_location
	.byte	11                              @ DW_FORM_data1
	.byte	0                               @ EOM(1)
	.byte	0                               @ EOM(2)
	.byte	0                               @ EOM(3)
	.section	.debug_info,"",%progbits
.Lcu_begin0:
	.long	.Ldebug_info_end0-.Ldebug_info_start0 @ Length of Unit
.Ldebug_info_start0:
	.short	4                               @ DWARF version number
	.long	.debug_abbrev                   @ Offset Into Abbrev. Section
	.byte	4                               @ Address Size (in bytes)
	.byte	1                               @ Abbrev [1] 0xb:0x426 DW_TAG_compile_unit
	.long	.Linfo_string0                  @ DW_AT_producer
	.short	12                              @ DW_AT_language
	.long	.Linfo_string1                  @ DW_AT_name
	.long	.Lline_table_start0             @ DW_AT_stmt_list
	.long	.Linfo_string2                  @ DW_AT_comp_dir
	.long	.Lfunc_begin0                   @ DW_AT_low_pc
	.long	.Lfunc_end0-.Lfunc_begin0       @ DW_AT_high_pc
	.byte	2                               @ Abbrev [2] 0x26:0x15 DW_TAG_enumeration_type
	.long	59                              @ DW_AT_type
	.byte	1                               @ DW_AT_byte_size
	.byte	1                               @ DW_AT_decl_file
	.byte	197                             @ DW_AT_decl_line
	.byte	3                               @ Abbrev [3] 0x2e:0x6 DW_TAG_enumerator
	.long	.Linfo_string4                  @ DW_AT_name
	.byte	0                               @ DW_AT_const_value
	.byte	3                               @ Abbrev [3] 0x34:0x6 DW_TAG_enumerator
	.long	.Linfo_string5                  @ DW_AT_name
	.byte	1                               @ DW_AT_const_value
	.byte	0                               @ End Of Children Mark
	.byte	4                               @ Abbrev [4] 0x3b:0x7 DW_TAG_base_type
	.long	.Linfo_string3                  @ DW_AT_name
	.byte	8                               @ DW_AT_encoding
	.byte	1                               @ DW_AT_byte_size
	.byte	5                               @ Abbrev [5] 0x42:0x5 DW_TAG_pointer_type
	.long	71                              @ DW_AT_type
	.byte	6                               @ Abbrev [6] 0x47:0xc DW_TAG_typedef
	.long	83                              @ DW_AT_type
	.long	.Linfo_string18                 @ DW_AT_name
	.byte	3                               @ DW_AT_decl_file
	.short	537                             @ DW_AT_decl_line
	.byte	7                               @ Abbrev [7] 0x53:0x7b DW_TAG_structure_type
	.byte	40                              @ DW_AT_byte_size
	.byte	3                               @ DW_AT_decl_file
	.short	526                             @ DW_AT_decl_line
	.byte	8                               @ Abbrev [8] 0x58:0xd DW_TAG_member
	.long	.Linfo_string6                  @ DW_AT_name
	.long	206                             @ DW_AT_type
	.byte	3                               @ DW_AT_decl_file
	.short	528                             @ DW_AT_decl_line
	.byte	0                               @ DW_AT_data_member_location
	.byte	8                               @ Abbrev [8] 0x65:0xd DW_TAG_member
	.long	.Linfo_string9                  @ DW_AT_name
	.long	206                             @ DW_AT_type
	.byte	3                               @ DW_AT_decl_file
	.short	529                             @ DW_AT_decl_line
	.byte	4                               @ DW_AT_data_member_location
	.byte	8                               @ Abbrev [8] 0x72:0xd DW_TAG_member
	.long	.Linfo_string10                 @ DW_AT_name
	.long	206                             @ DW_AT_type
	.byte	3                               @ DW_AT_decl_file
	.short	530                             @ DW_AT_decl_line
	.byte	8                               @ DW_AT_data_member_location
	.byte	8                               @ Abbrev [8] 0x7f:0xd DW_TAG_member
	.long	.Linfo_string11                 @ DW_AT_name
	.long	206                             @ DW_AT_type
	.byte	3                               @ DW_AT_decl_file
	.short	531                             @ DW_AT_decl_line
	.byte	12                              @ DW_AT_data_member_location
	.byte	8                               @ Abbrev [8] 0x8c:0xd DW_TAG_member
	.long	.Linfo_string12                 @ DW_AT_name
	.long	206                             @ DW_AT_type
	.byte	3                               @ DW_AT_decl_file
	.short	532                             @ DW_AT_decl_line
	.byte	16                              @ DW_AT_data_member_location
	.byte	8                               @ Abbrev [8] 0x99:0xd DW_TAG_member
	.long	.Linfo_string13                 @ DW_AT_name
	.long	206                             @ DW_AT_type
	.byte	3                               @ DW_AT_decl_file
	.short	533                             @ DW_AT_decl_line
	.byte	20                              @ DW_AT_data_member_location
	.byte	8                               @ Abbrev [8] 0xa6:0xd DW_TAG_member
	.long	.Linfo_string14                 @ DW_AT_name
	.long	206                             @ DW_AT_type
	.byte	3                               @ DW_AT_decl_file
	.short	534                             @ DW_AT_decl_line
	.byte	24                              @ DW_AT_data_member_location
	.byte	8                               @ Abbrev [8] 0xb3:0xd DW_TAG_member
	.long	.Linfo_string15                 @ DW_AT_name
	.long	206                             @ DW_AT_type
	.byte	3                               @ DW_AT_decl_file
	.short	535                             @ DW_AT_decl_line
	.byte	28                              @ DW_AT_data_member_location
	.byte	8                               @ Abbrev [8] 0xc0:0xd DW_TAG_member
	.long	.Linfo_string16                 @ DW_AT_name
	.long	229                             @ DW_AT_type
	.byte	3                               @ DW_AT_decl_file
	.short	536                             @ DW_AT_decl_line
	.byte	32                              @ DW_AT_data_member_location
	.byte	0                               @ End Of Children Mark
	.byte	9                               @ Abbrev [9] 0xce:0x5 DW_TAG_volatile_type
	.long	211                             @ DW_AT_type
	.byte	10                              @ Abbrev [10] 0xd3:0xb DW_TAG_typedef
	.long	222                             @ DW_AT_type
	.long	.Linfo_string8                  @ DW_AT_name
	.byte	2                               @ DW_AT_decl_file
	.byte	64                              @ DW_AT_decl_line
	.byte	4                               @ Abbrev [4] 0xde:0x7 DW_TAG_base_type
	.long	.Linfo_string7                  @ DW_AT_name
	.byte	7                               @ DW_AT_encoding
	.byte	4                               @ DW_AT_byte_size
	.byte	11                              @ Abbrev [11] 0xe5:0xc DW_TAG_array_type
	.long	206                             @ DW_AT_type
	.byte	12                              @ Abbrev [12] 0xea:0x6 DW_TAG_subrange_type
	.long	241                             @ DW_AT_type
	.byte	2                               @ DW_AT_count
	.byte	0                               @ End Of Children Mark
	.byte	13                              @ Abbrev [13] 0xf1:0x7 DW_TAG_base_type
	.long	.Linfo_string17                 @ DW_AT_name
	.byte	8                               @ DW_AT_byte_size
	.byte	7                               @ DW_AT_encoding
	.byte	5                               @ Abbrev [5] 0xf8:0x5 DW_TAG_pointer_type
	.long	253                             @ DW_AT_type
	.byte	6                               @ Abbrev [6] 0xfd:0xc DW_TAG_typedef
	.long	265                             @ DW_AT_type
	.long	.Linfo_string49                 @ DW_AT_name
	.byte	3                               @ DW_AT_decl_file
	.short	628                             @ DW_AT_decl_line
	.byte	7                               @ Abbrev [7] 0x109:0x18c DW_TAG_structure_type
	.byte	136                             @ DW_AT_byte_size
	.byte	3                               @ DW_AT_decl_file
	.short	596                             @ DW_AT_decl_line
	.byte	8                               @ Abbrev [8] 0x10e:0xd DW_TAG_member
	.long	.Linfo_string19                 @ DW_AT_name
	.long	206                             @ DW_AT_type
	.byte	3                               @ DW_AT_decl_file
	.short	598                             @ DW_AT_decl_line
	.byte	0                               @ DW_AT_data_member_location
	.byte	8                               @ Abbrev [8] 0x11b:0xd DW_TAG_member
	.long	.Linfo_string20                 @ DW_AT_name
	.long	206                             @ DW_AT_type
	.byte	3                               @ DW_AT_decl_file
	.short	599                             @ DW_AT_decl_line
	.byte	4                               @ DW_AT_data_member_location
	.byte	8                               @ Abbrev [8] 0x128:0xd DW_TAG_member
	.long	.Linfo_string21                 @ DW_AT_name
	.long	206                             @ DW_AT_type
	.byte	3                               @ DW_AT_decl_file
	.short	600                             @ DW_AT_decl_line
	.byte	8                               @ DW_AT_data_member_location
	.byte	8                               @ Abbrev [8] 0x135:0xd DW_TAG_member
	.long	.Linfo_string22                 @ DW_AT_name
	.long	206                             @ DW_AT_type
	.byte	3                               @ DW_AT_decl_file
	.short	601                             @ DW_AT_decl_line
	.byte	12                              @ DW_AT_data_member_location
	.byte	8                               @ Abbrev [8] 0x142:0xd DW_TAG_member
	.long	.Linfo_string23                 @ DW_AT_name
	.long	206                             @ DW_AT_type
	.byte	3                               @ DW_AT_decl_file
	.short	602                             @ DW_AT_decl_line
	.byte	16                              @ DW_AT_data_member_location
	.byte	8                               @ Abbrev [8] 0x14f:0xd DW_TAG_member
	.long	.Linfo_string24                 @ DW_AT_name
	.long	206                             @ DW_AT_type
	.byte	3                               @ DW_AT_decl_file
	.short	603                             @ DW_AT_decl_line
	.byte	20                              @ DW_AT_data_member_location
	.byte	8                               @ Abbrev [8] 0x15c:0xd DW_TAG_member
	.long	.Linfo_string25                 @ DW_AT_name
	.long	206                             @ DW_AT_type
	.byte	3                               @ DW_AT_decl_file
	.short	604                             @ DW_AT_decl_line
	.byte	24                              @ DW_AT_data_member_location
	.byte	8                               @ Abbrev [8] 0x169:0xd DW_TAG_member
	.long	.Linfo_string26                 @ DW_AT_name
	.long	211                             @ DW_AT_type
	.byte	3                               @ DW_AT_decl_file
	.short	605                             @ DW_AT_decl_line
	.byte	28                              @ DW_AT_data_member_location
	.byte	8                               @ Abbrev [8] 0x176:0xd DW_TAG_member
	.long	.Linfo_string27                 @ DW_AT_name
	.long	206                             @ DW_AT_type
	.byte	3                               @ DW_AT_decl_file
	.short	606                             @ DW_AT_decl_line
	.byte	32                              @ DW_AT_data_member_location
	.byte	8                               @ Abbrev [8] 0x183:0xd DW_TAG_member
	.long	.Linfo_string28                 @ DW_AT_name
	.long	206                             @ DW_AT_type
	.byte	3                               @ DW_AT_decl_file
	.short	607                             @ DW_AT_decl_line
	.byte	36                              @ DW_AT_data_member_location
	.byte	8                               @ Abbrev [8] 0x190:0xd DW_TAG_member
	.long	.Linfo_string29                 @ DW_AT_name
	.long	661                             @ DW_AT_type
	.byte	3                               @ DW_AT_decl_file
	.short	608                             @ DW_AT_decl_line
	.byte	40                              @ DW_AT_data_member_location
	.byte	8                               @ Abbrev [8] 0x19d:0xd DW_TAG_member
	.long	.Linfo_string30                 @ DW_AT_name
	.long	206                             @ DW_AT_type
	.byte	3                               @ DW_AT_decl_file
	.short	609                             @ DW_AT_decl_line
	.byte	48                              @ DW_AT_data_member_location
	.byte	8                               @ Abbrev [8] 0x1aa:0xd DW_TAG_member
	.long	.Linfo_string31                 @ DW_AT_name
	.long	206                             @ DW_AT_type
	.byte	3                               @ DW_AT_decl_file
	.short	610                             @ DW_AT_decl_line
	.byte	52                              @ DW_AT_data_member_location
	.byte	8                               @ Abbrev [8] 0x1b7:0xd DW_TAG_member
	.long	.Linfo_string32                 @ DW_AT_name
	.long	206                             @ DW_AT_type
	.byte	3                               @ DW_AT_decl_file
	.short	611                             @ DW_AT_decl_line
	.byte	56                              @ DW_AT_data_member_location
	.byte	8                               @ Abbrev [8] 0x1c4:0xd DW_TAG_member
	.long	.Linfo_string33                 @ DW_AT_name
	.long	211                             @ DW_AT_type
	.byte	3                               @ DW_AT_decl_file
	.short	612                             @ DW_AT_decl_line
	.byte	60                              @ DW_AT_data_member_location
	.byte	8                               @ Abbrev [8] 0x1d1:0xd DW_TAG_member
	.long	.Linfo_string34                 @ DW_AT_name
	.long	206                             @ DW_AT_type
	.byte	3                               @ DW_AT_decl_file
	.short	613                             @ DW_AT_decl_line
	.byte	64                              @ DW_AT_data_member_location
	.byte	8                               @ Abbrev [8] 0x1de:0xd DW_TAG_member
	.long	.Linfo_string35                 @ DW_AT_name
	.long	206                             @ DW_AT_type
	.byte	3                               @ DW_AT_decl_file
	.short	614                             @ DW_AT_decl_line
	.byte	68                              @ DW_AT_data_member_location
	.byte	8                               @ Abbrev [8] 0x1eb:0xd DW_TAG_member
	.long	.Linfo_string36                 @ DW_AT_name
	.long	661                             @ DW_AT_type
	.byte	3                               @ DW_AT_decl_file
	.short	615                             @ DW_AT_decl_line
	.byte	72                              @ DW_AT_data_member_location
	.byte	8                               @ Abbrev [8] 0x1f8:0xd DW_TAG_member
	.long	.Linfo_string37                 @ DW_AT_name
	.long	206                             @ DW_AT_type
	.byte	3                               @ DW_AT_decl_file
	.short	616                             @ DW_AT_decl_line
	.byte	80                              @ DW_AT_data_member_location
	.byte	8                               @ Abbrev [8] 0x205:0xd DW_TAG_member
	.long	.Linfo_string38                 @ DW_AT_name
	.long	206                             @ DW_AT_type
	.byte	3                               @ DW_AT_decl_file
	.short	617                             @ DW_AT_decl_line
	.byte	84                              @ DW_AT_data_member_location
	.byte	8                               @ Abbrev [8] 0x212:0xd DW_TAG_member
	.long	.Linfo_string39                 @ DW_AT_name
	.long	206                             @ DW_AT_type
	.byte	3                               @ DW_AT_decl_file
	.short	618                             @ DW_AT_decl_line
	.byte	88                              @ DW_AT_data_member_location
	.byte	8                               @ Abbrev [8] 0x21f:0xd DW_TAG_member
	.long	.Linfo_string40                 @ DW_AT_name
	.long	211                             @ DW_AT_type
	.byte	3                               @ DW_AT_decl_file
	.short	619                             @ DW_AT_decl_line
	.byte	92                              @ DW_AT_data_member_location
	.byte	8                               @ Abbrev [8] 0x22c:0xd DW_TAG_member
	.long	.Linfo_string41                 @ DW_AT_name
	.long	206                             @ DW_AT_type
	.byte	3                               @ DW_AT_decl_file
	.short	620                             @ DW_AT_decl_line
	.byte	96                              @ DW_AT_data_member_location
	.byte	8                               @ Abbrev [8] 0x239:0xd DW_TAG_member
	.long	.Linfo_string42                 @ DW_AT_name
	.long	206                             @ DW_AT_type
	.byte	3                               @ DW_AT_decl_file
	.short	621                             @ DW_AT_decl_line
	.byte	100                             @ DW_AT_data_member_location
	.byte	8                               @ Abbrev [8] 0x246:0xd DW_TAG_member
	.long	.Linfo_string43                 @ DW_AT_name
	.long	661                             @ DW_AT_type
	.byte	3                               @ DW_AT_decl_file
	.short	622                             @ DW_AT_decl_line
	.byte	104                             @ DW_AT_data_member_location
	.byte	8                               @ Abbrev [8] 0x253:0xd DW_TAG_member
	.long	.Linfo_string44                 @ DW_AT_name
	.long	206                             @ DW_AT_type
	.byte	3                               @ DW_AT_decl_file
	.short	623                             @ DW_AT_decl_line
	.byte	112                             @ DW_AT_data_member_location
	.byte	8                               @ Abbrev [8] 0x260:0xd DW_TAG_member
	.long	.Linfo_string45                 @ DW_AT_name
	.long	206                             @ DW_AT_type
	.byte	3                               @ DW_AT_decl_file
	.short	624                             @ DW_AT_decl_line
	.byte	116                             @ DW_AT_data_member_location
	.byte	8                               @ Abbrev [8] 0x26d:0xd DW_TAG_member
	.long	.Linfo_string46                 @ DW_AT_name
	.long	661                             @ DW_AT_type
	.byte	3                               @ DW_AT_decl_file
	.short	625                             @ DW_AT_decl_line
	.byte	120                             @ DW_AT_data_member_location
	.byte	8                               @ Abbrev [8] 0x27a:0xd DW_TAG_member
	.long	.Linfo_string47                 @ DW_AT_name
	.long	206                             @ DW_AT_type
	.byte	3                               @ DW_AT_decl_file
	.short	626                             @ DW_AT_decl_line
	.byte	128                             @ DW_AT_data_member_location
	.byte	8                               @ Abbrev [8] 0x287:0xd DW_TAG_member
	.long	.Linfo_string48                 @ DW_AT_name
	.long	206                             @ DW_AT_type
	.byte	3                               @ DW_AT_decl_file
	.short	627                             @ DW_AT_decl_line
	.byte	132                             @ DW_AT_data_member_location
	.byte	0                               @ End Of Children Mark
	.byte	11                              @ Abbrev [11] 0x295:0xc DW_TAG_array_type
	.long	211                             @ DW_AT_type
	.byte	12                              @ Abbrev [12] 0x29a:0x6 DW_TAG_subrange_type
	.long	241                             @ DW_AT_type
	.byte	2                               @ DW_AT_count
	.byte	0                               @ End Of Children Mark
	.byte	14                              @ Abbrev [14] 0x2a1:0x22 DW_TAG_subprogram
	.long	.Linfo_string50                 @ DW_AT_name
	.byte	5                               @ DW_AT_decl_file
	.short	409                             @ DW_AT_decl_line
                                        @ DW_AT_prototyped
	.byte	1                               @ DW_AT_inline
	.byte	15                              @ Abbrev [15] 0x2aa:0xc DW_TAG_formal_parameter
	.long	.Linfo_string51                 @ DW_AT_name
	.byte	5                               @ DW_AT_decl_file
	.short	409                             @ DW_AT_decl_line
	.long	211                             @ DW_AT_type
	.byte	16                              @ Abbrev [16] 0x2b6:0xc DW_TAG_variable
	.long	.Linfo_string52                 @ DW_AT_name
	.byte	5                               @ DW_AT_decl_file
	.short	411                             @ DW_AT_decl_line
	.long	206                             @ DW_AT_type
	.byte	0                               @ End Of Children Mark
	.byte	17                              @ Abbrev [17] 0x2c3:0x115 DW_TAG_subprogram
	.long	.Lfunc_begin0                   @ DW_AT_low_pc
	.long	.Lfunc_end0-.Lfunc_begin0       @ DW_AT_high_pc
	.byte	1                               @ DW_AT_frame_base
	.byte	93
                                        @ DW_AT_GNU_all_call_sites
	.long	.Linfo_string53                 @ DW_AT_name
	.byte	4                               @ DW_AT_decl_file
	.byte	44                              @ DW_AT_decl_line
                                        @ DW_AT_prototyped
                                        @ DW_AT_external
	.byte	18                              @ Abbrev [18] 0x2d4:0xe DW_TAG_variable
	.byte	2                               @ DW_AT_location
	.byte	145
	.byte	4
	.long	.Linfo_string54                 @ DW_AT_name
	.byte	4                               @ DW_AT_decl_file
	.byte	47                              @ DW_AT_decl_line
	.long	984                             @ DW_AT_type
	.byte	19                              @ Abbrev [19] 0x2e2:0x1f DW_TAG_inlined_subroutine
	.long	673                             @ DW_AT_abstract_origin
	.long	.Ltmp1                          @ DW_AT_low_pc
	.long	.Ltmp2-.Ltmp1                   @ DW_AT_high_pc
	.byte	4                               @ DW_AT_call_file
	.byte	50                              @ DW_AT_call_line
	.byte	3                               @ DW_AT_call_column
	.byte	20                              @ Abbrev [20] 0x2f2:0x6 DW_TAG_formal_parameter
	.byte	16                              @ DW_AT_const_value
	.long	682                             @ DW_AT_abstract_origin
	.byte	21                              @ Abbrev [21] 0x2f8:0x8 DW_TAG_variable
	.byte	2                               @ DW_AT_location
	.byte	145
	.byte	28
	.long	694                             @ DW_AT_abstract_origin
	.byte	0                               @ End Of Children Mark
	.byte	19                              @ Abbrev [19] 0x301:0x1f DW_TAG_inlined_subroutine
	.long	673                             @ DW_AT_abstract_origin
	.long	.Ltmp2                          @ DW_AT_low_pc
	.long	.Ltmp3-.Ltmp2                   @ DW_AT_high_pc
	.byte	4                               @ DW_AT_call_file
	.byte	51                              @ DW_AT_call_line
	.byte	3                               @ DW_AT_call_column
	.byte	20                              @ Abbrev [20] 0x311:0x6 DW_TAG_formal_parameter
	.byte	4                               @ DW_AT_const_value
	.long	682                             @ DW_AT_abstract_origin
	.byte	21                              @ Abbrev [21] 0x317:0x8 DW_TAG_variable
	.byte	2                               @ DW_AT_location
	.byte	145
	.byte	28
	.long	694                             @ DW_AT_abstract_origin
	.byte	0                               @ End Of Children Mark
	.byte	19                              @ Abbrev [19] 0x320:0x1f DW_TAG_inlined_subroutine
	.long	673                             @ DW_AT_abstract_origin
	.long	.Ltmp3                          @ DW_AT_low_pc
	.long	.Ltmp4-.Ltmp3                   @ DW_AT_high_pc
	.byte	4                               @ DW_AT_call_file
	.byte	52                              @ DW_AT_call_line
	.byte	3                               @ DW_AT_call_column
	.byte	20                              @ Abbrev [20] 0x330:0x6 DW_TAG_formal_parameter
	.byte	32                              @ DW_AT_const_value
	.long	682                             @ DW_AT_abstract_origin
	.byte	21                              @ Abbrev [21] 0x336:0x8 DW_TAG_variable
	.byte	2                               @ DW_AT_location
	.byte	145
	.byte	28
	.long	694                             @ DW_AT_abstract_origin
	.byte	0                               @ End Of Children Mark
	.byte	19                              @ Abbrev [19] 0x33f:0x20 DW_TAG_inlined_subroutine
	.long	673                             @ DW_AT_abstract_origin
	.long	.Ltmp4                          @ DW_AT_low_pc
	.long	.Ltmp5-.Ltmp4                   @ DW_AT_high_pc
	.byte	4                               @ DW_AT_call_file
	.byte	53                              @ DW_AT_call_line
	.byte	3                               @ DW_AT_call_column
	.byte	20                              @ Abbrev [20] 0x34f:0x7 DW_TAG_formal_parameter
	.ascii	"\200\001"                      @ DW_AT_const_value
	.long	682                             @ DW_AT_abstract_origin
	.byte	21                              @ Abbrev [21] 0x356:0x8 DW_TAG_variable
	.byte	2                               @ DW_AT_location
	.byte	145
	.byte	28
	.long	694                             @ DW_AT_abstract_origin
	.byte	0                               @ End Of Children Mark
	.byte	19                              @ Abbrev [19] 0x35f:0x1f DW_TAG_inlined_subroutine
	.long	673                             @ DW_AT_abstract_origin
	.long	.Ltmp5                          @ DW_AT_low_pc
	.long	.Ltmp6-.Ltmp5                   @ DW_AT_high_pc
	.byte	4                               @ DW_AT_call_file
	.byte	54                              @ DW_AT_call_line
	.byte	3                               @ DW_AT_call_column
	.byte	20                              @ Abbrev [20] 0x36f:0x6 DW_TAG_formal_parameter
	.byte	1                               @ DW_AT_const_value
	.long	682                             @ DW_AT_abstract_origin
	.byte	21                              @ Abbrev [21] 0x375:0x8 DW_TAG_variable
	.byte	2                               @ DW_AT_location
	.byte	145
	.byte	28
	.long	694                             @ DW_AT_abstract_origin
	.byte	0                               @ End Of Children Mark
	.byte	19                              @ Abbrev [19] 0x37e:0x1f DW_TAG_inlined_subroutine
	.long	673                             @ DW_AT_abstract_origin
	.long	.Ltmp6                          @ DW_AT_low_pc
	.long	.Ltmp7-.Ltmp6                   @ DW_AT_high_pc
	.byte	4                               @ DW_AT_call_file
	.byte	55                              @ DW_AT_call_line
	.byte	3                               @ DW_AT_call_column
	.byte	20                              @ Abbrev [20] 0x38e:0x6 DW_TAG_formal_parameter
	.byte	2                               @ DW_AT_const_value
	.long	682                             @ DW_AT_abstract_origin
	.byte	21                              @ Abbrev [21] 0x394:0x8 DW_TAG_variable
	.byte	2                               @ DW_AT_location
	.byte	145
	.byte	28
	.long	694                             @ DW_AT_abstract_origin
	.byte	0                               @ End Of Children Mark
	.byte	19                              @ Abbrev [19] 0x39d:0x1f DW_TAG_inlined_subroutine
	.long	673                             @ DW_AT_abstract_origin
	.long	.Ltmp7                          @ DW_AT_low_pc
	.long	.Ltmp8-.Ltmp7                   @ DW_AT_high_pc
	.byte	4                               @ DW_AT_call_file
	.byte	56                              @ DW_AT_call_line
	.byte	3                               @ DW_AT_call_column
	.byte	20                              @ Abbrev [20] 0x3ad:0x6 DW_TAG_formal_parameter
	.byte	64                              @ DW_AT_const_value
	.long	682                             @ DW_AT_abstract_origin
	.byte	21                              @ Abbrev [21] 0x3b3:0x8 DW_TAG_variable
	.byte	2                               @ DW_AT_location
	.byte	145
	.byte	28
	.long	694                             @ DW_AT_abstract_origin
	.byte	0                               @ End Of Children Mark
	.byte	22                              @ Abbrev [22] 0x3bc:0x1b DW_TAG_inlined_subroutine
	.long	673                             @ DW_AT_abstract_origin
	.long	.Ldebug_ranges0                 @ DW_AT_ranges
	.byte	4                               @ DW_AT_call_file
	.byte	57                              @ DW_AT_call_line
	.byte	3                               @ DW_AT_call_column
	.byte	20                              @ Abbrev [20] 0x3c8:0x6 DW_TAG_formal_parameter
	.byte	8                               @ DW_AT_const_value
	.long	682                             @ DW_AT_abstract_origin
	.byte	21                              @ Abbrev [21] 0x3ce:0x8 DW_TAG_variable
	.byte	2                               @ DW_AT_location
	.byte	145
	.byte	28
	.long	694                             @ DW_AT_abstract_origin
	.byte	0                               @ End Of Children Mark
	.byte	0                               @ End Of Children Mark
	.byte	10                              @ Abbrev [10] 0x3d8:0xb DW_TAG_typedef
	.long	995                             @ DW_AT_type
	.long	.Linfo_string61                 @ DW_AT_name
	.byte	6                               @ DW_AT_decl_file
	.byte	92                              @ DW_AT_decl_line
	.byte	23                              @ Abbrev [23] 0x3e3:0x4d DW_TAG_structure_type
	.byte	24                              @ DW_AT_byte_size
	.byte	6                               @ DW_AT_decl_file
	.byte	63                              @ DW_AT_decl_line
	.byte	24                              @ Abbrev [24] 0x3e7:0xc DW_TAG_member
	.long	.Linfo_string55                 @ DW_AT_name
	.long	211                             @ DW_AT_type
	.byte	6                               @ DW_AT_decl_file
	.byte	65                              @ DW_AT_decl_line
	.byte	0                               @ DW_AT_data_member_location
	.byte	24                              @ Abbrev [24] 0x3f3:0xc DW_TAG_member
	.long	.Linfo_string56                 @ DW_AT_name
	.long	211                             @ DW_AT_type
	.byte	6                               @ DW_AT_decl_file
	.byte	68                              @ DW_AT_decl_line
	.byte	4                               @ DW_AT_data_member_location
	.byte	24                              @ Abbrev [24] 0x3ff:0xc DW_TAG_member
	.long	.Linfo_string57                 @ DW_AT_name
	.long	211                             @ DW_AT_type
	.byte	6                               @ DW_AT_decl_file
	.byte	73                              @ DW_AT_decl_line
	.byte	8                               @ DW_AT_data_member_location
	.byte	24                              @ Abbrev [24] 0x40b:0xc DW_TAG_member
	.long	.Linfo_string58                 @ DW_AT_name
	.long	211                             @ DW_AT_type
	.byte	6                               @ DW_AT_decl_file
	.byte	78                              @ DW_AT_decl_line
	.byte	12                              @ DW_AT_data_member_location
	.byte	24                              @ Abbrev [24] 0x417:0xc DW_TAG_member
	.long	.Linfo_string59                 @ DW_AT_name
	.long	211                             @ DW_AT_type
	.byte	6                               @ DW_AT_decl_file
	.byte	83                              @ DW_AT_decl_line
	.byte	16                              @ DW_AT_data_member_location
	.byte	24                              @ Abbrev [24] 0x423:0xc DW_TAG_member
	.long	.Linfo_string60                 @ DW_AT_name
	.long	211                             @ DW_AT_type
	.byte	6                               @ DW_AT_decl_file
	.byte	88                              @ DW_AT_decl_line
	.byte	20                              @ DW_AT_data_member_location
	.byte	0                               @ End Of Children Mark
	.byte	0                               @ End Of Children Mark
.Ldebug_info_end0:
	.section	.debug_ranges,"",%progbits
.Ldebug_ranges0:
	.long	.Ltmp8-.Lfunc_begin0
	.long	.Ltmp9-.Lfunc_begin0
	.long	.Ltmp10-.Lfunc_begin0
	.long	.Ltmp11-.Lfunc_begin0
	.long	0
	.long	0
	.section	.debug_str,"MS",%progbits,1
.Linfo_string0:
	.asciz	"Component: Arm Compiler for Embedded 6.18 Tool: armclang [5e4cca00]" @ string offset=0
.Linfo_string1:
	.asciz	"../Core/Src\\gpio.c"           @ string offset=68
.Linfo_string2:
	.asciz	"f:\\OwnProject\\CubeMX\\stm32f407_ll_usart_dma\\MDK-ARM" @ string offset=87
.Linfo_string3:
	.asciz	"unsigned char"                 @ string offset=139
.Linfo_string4:
	.asciz	"SUCCESS"                       @ string offset=153
.Linfo_string5:
	.asciz	"ERROR"                         @ string offset=161
.Linfo_string6:
	.asciz	"MODER"                         @ string offset=167
.Linfo_string7:
	.asciz	"unsigned int"                  @ string offset=173
.Linfo_string8:
	.asciz	"uint32_t"                      @ string offset=186
.Linfo_string9:
	.asciz	"OTYPER"                        @ string offset=195
.Linfo_string10:
	.asciz	"OSPEEDR"                       @ string offset=202
.Linfo_string11:
	.asciz	"PUPDR"                         @ string offset=210
.Linfo_string12:
	.asciz	"IDR"                           @ string offset=216
.Linfo_string13:
	.asciz	"ODR"                           @ string offset=220
.Linfo_string14:
	.asciz	"BSRR"                          @ string offset=224
.Linfo_string15:
	.asciz	"LCKR"                          @ string offset=229
.Linfo_string16:
	.asciz	"AFR"                           @ string offset=234
.Linfo_string17:
	.asciz	"__ARRAY_SIZE_TYPE__"           @ string offset=238
.Linfo_string18:
	.asciz	"GPIO_TypeDef"                  @ string offset=258
.Linfo_string19:
	.asciz	"CR"                            @ string offset=271
.Linfo_string20:
	.asciz	"PLLCFGR"                       @ string offset=274
.Linfo_string21:
	.asciz	"CFGR"                          @ string offset=282
.Linfo_string22:
	.asciz	"CIR"                           @ string offset=287
.Linfo_string23:
	.asciz	"AHB1RSTR"                      @ string offset=291
.Linfo_string24:
	.asciz	"AHB2RSTR"                      @ string offset=300
.Linfo_string25:
	.asciz	"AHB3RSTR"                      @ string offset=309
.Linfo_string26:
	.asciz	"RESERVED0"                     @ string offset=318
.Linfo_string27:
	.asciz	"APB1RSTR"                      @ string offset=328
.Linfo_string28:
	.asciz	"APB2RSTR"                      @ string offset=337
.Linfo_string29:
	.asciz	"RESERVED1"                     @ string offset=346
.Linfo_string30:
	.asciz	"AHB1ENR"                       @ string offset=356
.Linfo_string31:
	.asciz	"AHB2ENR"                       @ string offset=364
.Linfo_string32:
	.asciz	"AHB3ENR"                       @ string offset=372
.Linfo_string33:
	.asciz	"RESERVED2"                     @ string offset=380
.Linfo_string34:
	.asciz	"APB1ENR"                       @ string offset=390
.Linfo_string35:
	.asciz	"APB2ENR"                       @ string offset=398
.Linfo_string36:
	.asciz	"RESERVED3"                     @ string offset=406
.Linfo_string37:
	.asciz	"AHB1LPENR"                     @ string offset=416
.Linfo_string38:
	.asciz	"AHB2LPENR"                     @ string offset=426
.Linfo_string39:
	.asciz	"AHB3LPENR"                     @ string offset=436
.Linfo_string40:
	.asciz	"RESERVED4"                     @ string offset=446
.Linfo_string41:
	.asciz	"APB1LPENR"                     @ string offset=456
.Linfo_string42:
	.asciz	"APB2LPENR"                     @ string offset=466
.Linfo_string43:
	.asciz	"RESERVED5"                     @ string offset=476
.Linfo_string44:
	.asciz	"BDCR"                          @ string offset=486
.Linfo_string45:
	.asciz	"CSR"                           @ string offset=491
.Linfo_string46:
	.asciz	"RESERVED6"                     @ string offset=495
.Linfo_string47:
	.asciz	"SSCGR"                         @ string offset=505
.Linfo_string48:
	.asciz	"PLLI2SCFGR"                    @ string offset=511
.Linfo_string49:
	.asciz	"RCC_TypeDef"                   @ string offset=522
.Linfo_string50:
	.asciz	"LL_AHB1_GRP1_EnableClock"      @ string offset=534
.Linfo_string51:
	.asciz	"Periphs"                       @ string offset=559
.Linfo_string52:
	.asciz	"tmpreg"                        @ string offset=567
.Linfo_string53:
	.asciz	"MX_GPIO_Init"                  @ string offset=574
.Linfo_string54:
	.asciz	"GPIO_InitStruct"               @ string offset=587
.Linfo_string55:
	.asciz	"Pin"                           @ string offset=603
.Linfo_string56:
	.asciz	"Mode"                          @ string offset=607
.Linfo_string57:
	.asciz	"Speed"                         @ string offset=612
.Linfo_string58:
	.asciz	"OutputType"                    @ string offset=618
.Linfo_string59:
	.asciz	"Pull"                          @ string offset=629
.Linfo_string60:
	.asciz	"Alternate"                     @ string offset=634
.Linfo_string61:
	.asciz	"LL_GPIO_InitTypeDef"           @ string offset=644
	.ident	"Component: Arm Compiler for Embedded 6.18 Tool: armclang [5e4cca00]"
	.section	".note.GNU-stack","",%progbits
	.eabi_attribute	30, 2	@ Tag_ABI_optimization_goals
	.ARM_attribute	16, 1	@ Tag_AV_eba
	.section	.debug_line,"",%progbits
.Lline_table_start0:
