	.text
	.syntax unified
	.eabi_attribute	67, "2.09"	@ Tag_conformance
	.cpu	cortex-m4
	.eabi_attribute	6, 13	@ Tag_CPU_arch
	.eabi_attribute	7, 77	@ Tag_CPU_arch_profile
	.eabi_attribute	8, 0	@ Tag_ARM_ISA_use
	.eabi_attribute	9, 2	@ Tag_THUMB_ISA_use
	.fpu	fpv4-sp-d16
	.eabi_attribute	27, 1	@ Tag_ABI_HardFP_use
	.eabi_attribute	36, 1	@ Tag_FP_HP_extension
	.eabi_attribute	34, 1	@ Tag_CPU_unaligned_access
	.eabi_attribute	17, 1	@ Tag_ABI_PCS_GOT_use
	.eabi_attribute	20, 2	@ Tag_ABI_FP_denormal
	.eabi_attribute	21, 0	@ Tag_ABI_FP_exceptions
	.eabi_attribute	23, 1	@ Tag_ABI_FP_number_model
	.eabi_attribute	24, 1	@ Tag_ABI_align_needed
	.eabi_attribute	25, 1	@ Tag_ABI_align_preserved
	.eabi_attribute	28, 1	@ Tag_ABI_VFP_args
	.eabi_attribute	38, 1	@ Tag_ABI_FP_16bit_format
	.eabi_attribute	18, 2	@ Tag_ABI_PCS_wchar_t
	.eabi_attribute	26, 1	@ Tag_ABI_enum_size
	.eabi_attribute	14, 0	@ Tag_ABI_PCS_R9_use
	.file	"stm32f4xx_it.c"
	.file	1 "D:\\ProgramFiles\\KEIL\\ARM\\ARMCLANG\\Bin\\..\\include" "stdint.h"
	.file	2 "f:\\OwnProject\\CubeMX\\stm32f407_ll_usart_dma\\MDK-ARM" "../Drivers/STM32F4xx_HAL_Driver/Inc\\stm32f4xx_ll_dma.h"
	.file	3 "f:\\OwnProject\\CubeMX\\stm32f407_ll_usart_dma\\MDK-ARM" "../User/BSP\\dev_usart.h"
	.file	4 "f:\\OwnProject\\CubeMX\\stm32f407_ll_usart_dma\\MDK-ARM" "../Drivers/CMSIS/Device/ST/STM32F4xx/Include\\stm32f407xx.h"
	.section	.text.NMI_Handler,"ax",%progbits
	.hidden	NMI_Handler                     @ -- Begin function NMI_Handler
	.globl	NMI_Handler
	.p2align	2
	.type	NMI_Handler,%function
	.code	16                              @ @NMI_Handler
	.thumb_func
NMI_Handler:
.Lfunc_begin0:
	.file	5 "f:\\OwnProject\\CubeMX\\stm32f407_ll_usart_dma\\MDK-ARM" "../Core/Src/stm32f4xx_it.c"
	.loc	5 71 0                          @ ../Core/Src/stm32f4xx_it.c:71:0
	.fnstart
	.cfi_sections .debug_frame
	.cfi_startproc
@ %bb.0:
	.p2align	2
.LBB0_1:                                @ =>This Inner Loop Header: Depth=1
	.loc	5 76 3 prologue_end             @ ../Core/Src/stm32f4xx_it.c:76:3
	b	.LBB0_1
.Ltmp0:
.Lfunc_end0:
	.size	NMI_Handler, .Lfunc_end0-NMI_Handler
	.cfi_endproc
	.cantunwind
	.fnend
                                        @ -- End function
	.section	.text.HardFault_Handler,"ax",%progbits
	.hidden	HardFault_Handler               @ -- Begin function HardFault_Handler
	.globl	HardFault_Handler
	.p2align	2
	.type	HardFault_Handler,%function
	.code	16                              @ @HardFault_Handler
	.thumb_func
HardFault_Handler:
.Lfunc_begin1:
	.loc	5 86 0                          @ ../Core/Src/stm32f4xx_it.c:86:0
	.fnstart
	.cfi_startproc
@ %bb.0:
	.p2align	2
.LBB1_1:                                @ =>This Inner Loop Header: Depth=1
	.loc	5 90 3 prologue_end             @ ../Core/Src/stm32f4xx_it.c:90:3
	b	.LBB1_1
.Ltmp1:
.Lfunc_end1:
	.size	HardFault_Handler, .Lfunc_end1-HardFault_Handler
	.cfi_endproc
	.cantunwind
	.fnend
                                        @ -- End function
	.section	.text.MemManage_Handler,"ax",%progbits
	.hidden	MemManage_Handler               @ -- Begin function MemManage_Handler
	.globl	MemManage_Handler
	.p2align	2
	.type	MemManage_Handler,%function
	.code	16                              @ @MemManage_Handler
	.thumb_func
MemManage_Handler:
.Lfunc_begin2:
	.loc	5 101 0                         @ ../Core/Src/stm32f4xx_it.c:101:0
	.fnstart
	.cfi_startproc
@ %bb.0:
	.p2align	2
.LBB2_1:                                @ =>This Inner Loop Header: Depth=1
	.loc	5 105 3 prologue_end            @ ../Core/Src/stm32f4xx_it.c:105:3
	b	.LBB2_1
.Ltmp2:
.Lfunc_end2:
	.size	MemManage_Handler, .Lfunc_end2-MemManage_Handler
	.cfi_endproc
	.cantunwind
	.fnend
                                        @ -- End function
	.section	.text.BusFault_Handler,"ax",%progbits
	.hidden	BusFault_Handler                @ -- Begin function BusFault_Handler
	.globl	BusFault_Handler
	.p2align	2
	.type	BusFault_Handler,%function
	.code	16                              @ @BusFault_Handler
	.thumb_func
BusFault_Handler:
.Lfunc_begin3:
	.loc	5 116 0                         @ ../Core/Src/stm32f4xx_it.c:116:0
	.fnstart
	.cfi_startproc
@ %bb.0:
	.p2align	2
.LBB3_1:                                @ =>This Inner Loop Header: Depth=1
	.loc	5 120 3 prologue_end            @ ../Core/Src/stm32f4xx_it.c:120:3
	b	.LBB3_1
.Ltmp3:
.Lfunc_end3:
	.size	BusFault_Handler, .Lfunc_end3-BusFault_Handler
	.cfi_endproc
	.cantunwind
	.fnend
                                        @ -- End function
	.section	.text.UsageFault_Handler,"ax",%progbits
	.hidden	UsageFault_Handler              @ -- Begin function UsageFault_Handler
	.globl	UsageFault_Handler
	.p2align	2
	.type	UsageFault_Handler,%function
	.code	16                              @ @UsageFault_Handler
	.thumb_func
UsageFault_Handler:
.Lfunc_begin4:
	.loc	5 131 0                         @ ../Core/Src/stm32f4xx_it.c:131:0
	.fnstart
	.cfi_startproc
@ %bb.0:
	.p2align	2
.LBB4_1:                                @ =>This Inner Loop Header: Depth=1
	.loc	5 135 3 prologue_end            @ ../Core/Src/stm32f4xx_it.c:135:3
	b	.LBB4_1
.Ltmp4:
.Lfunc_end4:
	.size	UsageFault_Handler, .Lfunc_end4-UsageFault_Handler
	.cfi_endproc
	.cantunwind
	.fnend
                                        @ -- End function
	.section	.text.SVC_Handler,"ax",%progbits
	.hidden	SVC_Handler                     @ -- Begin function SVC_Handler
	.globl	SVC_Handler
	.p2align	2
	.type	SVC_Handler,%function
	.code	16                              @ @SVC_Handler
	.thumb_func
SVC_Handler:
.Lfunc_begin5:
	.loc	5 146 0                         @ ../Core/Src/stm32f4xx_it.c:146:0
	.fnstart
	.cfi_startproc
@ %bb.0:
	.loc	5 153 1 prologue_end            @ ../Core/Src/stm32f4xx_it.c:153:1
	bx	lr
.Ltmp5:
.Lfunc_end5:
	.size	SVC_Handler, .Lfunc_end5-SVC_Handler
	.cfi_endproc
	.cantunwind
	.fnend
                                        @ -- End function
	.section	.text.DebugMon_Handler,"ax",%progbits
	.hidden	DebugMon_Handler                @ -- Begin function DebugMon_Handler
	.globl	DebugMon_Handler
	.p2align	2
	.type	DebugMon_Handler,%function
	.code	16                              @ @DebugMon_Handler
	.thumb_func
DebugMon_Handler:
.Lfunc_begin6:
	.loc	5 159 0                         @ ../Core/Src/stm32f4xx_it.c:159:0
	.fnstart
	.cfi_startproc
@ %bb.0:
	.loc	5 166 1 prologue_end            @ ../Core/Src/stm32f4xx_it.c:166:1
	bx	lr
.Ltmp6:
.Lfunc_end6:
	.size	DebugMon_Handler, .Lfunc_end6-DebugMon_Handler
	.cfi_endproc
	.cantunwind
	.fnend
                                        @ -- End function
	.section	.text.PendSV_Handler,"ax",%progbits
	.hidden	PendSV_Handler                  @ -- Begin function PendSV_Handler
	.globl	PendSV_Handler
	.p2align	2
	.type	PendSV_Handler,%function
	.code	16                              @ @PendSV_Handler
	.thumb_func
PendSV_Handler:
.Lfunc_begin7:
	.loc	5 172 0                         @ ../Core/Src/stm32f4xx_it.c:172:0
	.fnstart
	.cfi_startproc
@ %bb.0:
	.loc	5 179 1 prologue_end            @ ../Core/Src/stm32f4xx_it.c:179:1
	bx	lr
.Ltmp7:
.Lfunc_end7:
	.size	PendSV_Handler, .Lfunc_end7-PendSV_Handler
	.cfi_endproc
	.cantunwind
	.fnend
                                        @ -- End function
	.section	.text.SysTick_Handler,"ax",%progbits
	.hidden	SysTick_Handler                 @ -- Begin function SysTick_Handler
	.globl	SysTick_Handler
	.p2align	2
	.type	SysTick_Handler,%function
	.code	16                              @ @SysTick_Handler
	.thumb_func
SysTick_Handler:
.Lfunc_begin8:
	.loc	5 185 0                         @ ../Core/Src/stm32f4xx_it.c:185:0
	.fnstart
	.cfi_startproc
@ %bb.0:
	.loc	5 193 1 prologue_end            @ ../Core/Src/stm32f4xx_it.c:193:1
	bx	lr
.Ltmp8:
.Lfunc_end8:
	.size	SysTick_Handler, .Lfunc_end8-SysTick_Handler
	.cfi_endproc
	.cantunwind
	.fnend
                                        @ -- End function
	.section	.text.DMA1_Stream5_IRQHandler,"ax",%progbits
	.hidden	DMA1_Stream5_IRQHandler         @ -- Begin function DMA1_Stream5_IRQHandler
	.globl	DMA1_Stream5_IRQHandler
	.p2align	2
	.type	DMA1_Stream5_IRQHandler,%function
	.code	16                              @ @DMA1_Stream5_IRQHandler
	.thumb_func
DMA1_Stream5_IRQHandler:
.Lfunc_begin9:
	.loc	5 206 0                         @ ../Core/Src/stm32f4xx_it.c:206:0
	.fnstart
	.cfi_startproc
@ %bb.0:
	.save	{r4, lr}
	push	{r4, lr}
	.cfi_def_cfa_offset 8
	.cfi_offset lr, -4
	.cfi_offset r4, -8
	movw	r4, #24580
	movt	r4, #16386
.Ltmp9:
	@DEBUG_VALUE: LL_DMA_IsEnabledIT_HT:Stream <- 5
	.loc	2 2748 11 prologue_end          @ ../Drivers/STM32F4xx_HAL_Driver/Inc\stm32f4xx_ll_dma.h:2748:11
	ldr.w	r0, [r4, #132]
.Ltmp10:
	.loc	5 208 52                        @ ../Core/Src/stm32f4xx_it.c:208:52
	lsls	r0, r0, #28
	@DEBUG_VALUE: LL_DMA_IsEnabledIT_HT:DMAx <- undef
.Ltmp11:
	.loc	2 1706 11                       @ ../Drivers/STM32F4xx_HAL_Driver/Inc\stm32f4xx_ll_dma.h:1706:11
	itt	mi
	ldrmi	r0, [r4]
.Ltmp12:
	.loc	5 208 7                         @ ../Core/Src/stm32f4xx_it.c:208:7
	lslsmi.w	r0, r0, #21
	@DEBUG_VALUE: LL_DMA_IsActiveFlag_HT5:DMAx <- undef
	bmi	.LBB9_3
.Ltmp13:
.LBB9_1:
	@DEBUG_VALUE: LL_DMA_IsEnabledIT_TC:Stream <- 5
	.loc	2 2788 11                       @ ../Drivers/STM32F4xx_HAL_Driver/Inc\stm32f4xx_ll_dma.h:2788:11
	ldr.w	r0, [r4, #132]
.Ltmp14:
	.loc	5 213 52                        @ ../Core/Src/stm32f4xx_it.c:213:52
	lsls	r0, r0, #27
	@DEBUG_VALUE: LL_DMA_IsEnabledIT_TC:DMAx <- undef
.Ltmp15:
	.loc	2 1794 11                       @ ../Drivers/STM32F4xx_HAL_Driver/Inc\stm32f4xx_ll_dma.h:1794:11
	itt	mi
	ldrmi	r0, [r4]
.Ltmp16:
	.loc	5 213 7                         @ ../Core/Src/stm32f4xx_it.c:213:7
	lslsmi.w	r0, r0, #20
	@DEBUG_VALUE: LL_DMA_IsActiveFlag_TC5:DMAx <- undef
	bmi	.LBB9_4
.Ltmp17:
@ %bb.2:
	.loc	5 222 1                         @ ../Core/Src/stm32f4xx_it.c:222:1
	pop	{r4, pc}
	.p2align	2
.LBB9_3:
.Ltmp18:
	.loc	5 209 5                         @ ../Core/Src/stm32f4xx_it.c:209:5
	movs	r0, #1
	bl	usart_dmarx_ht_isr
.Ltmp19:
	.loc	5 0 5 is_stmt 0                 @ ../Core/Src/stm32f4xx_it.c:0:5
	mov.w	r0, #1024
.Ltmp20:
	.loc	2 2146 3 is_stmt 1              @ ../Drivers/STM32F4xx_HAL_Driver/Inc\stm32f4xx_ll_dma.h:2146:3
	str	r0, [r4, #8]
.Ltmp21:
	@DEBUG_VALUE: LL_DMA_ClearFlag_HT5:DMAx <- undef
	.loc	2 0 3 is_stmt 0                 @ ../Drivers/STM32F4xx_HAL_Driver/Inc\stm32f4xx_ll_dma.h:0:3
	b	.LBB9_1
.Ltmp22:
	.p2align	2
.LBB9_4:
	.loc	5 214 5 is_stmt 1               @ ../Core/Src/stm32f4xx_it.c:214:5
	movs	r0, #1
	bl	usart_dmarx_tc_isr
.Ltmp23:
	.loc	5 0 5 is_stmt 0                 @ ../Core/Src/stm32f4xx_it.c:0:5
	mov.w	r0, #2048
.Ltmp24:
	.loc	2 2234 3 is_stmt 1              @ ../Drivers/STM32F4xx_HAL_Driver/Inc\stm32f4xx_ll_dma.h:2234:3
	str	r0, [r4, #8]
.Ltmp25:
	@DEBUG_VALUE: LL_DMA_ClearFlag_TC5:DMAx <- undef
	.loc	5 222 1                         @ ../Core/Src/stm32f4xx_it.c:222:1
	pop	{r4, pc}
.Ltmp26:
.Lfunc_end9:
	.size	DMA1_Stream5_IRQHandler, .Lfunc_end9-DMA1_Stream5_IRQHandler
	.cfi_endproc
	.cantunwind
	.fnend
                                        @ -- End function
	.section	.text.DMA1_Stream6_IRQHandler,"ax",%progbits
	.hidden	DMA1_Stream6_IRQHandler         @ -- Begin function DMA1_Stream6_IRQHandler
	.globl	DMA1_Stream6_IRQHandler
	.p2align	2
	.type	DMA1_Stream6_IRQHandler,%function
	.code	16                              @ @DMA1_Stream6_IRQHandler
	.thumb_func
DMA1_Stream6_IRQHandler:
.Lfunc_begin10:
	.loc	5 228 0                         @ ../Core/Src/stm32f4xx_it.c:228:0
	.fnstart
	.cfi_startproc
@ %bb.0:
	.save	{r4, lr}
	push	{r4, lr}
	.cfi_def_cfa_offset 8
	.cfi_offset lr, -4
	.cfi_offset r4, -8
	movw	r4, #24580
	movt	r4, #16386
.Ltmp27:
	@DEBUG_VALUE: LL_DMA_IsEnabledIT_TC:Stream <- 6
	.loc	2 2788 11 prologue_end          @ ../Drivers/STM32F4xx_HAL_Driver/Inc\stm32f4xx_ll_dma.h:2788:11
	ldr.w	r0, [r4, #156]
.Ltmp28:
	.loc	5 230 52                        @ ../Core/Src/stm32f4xx_it.c:230:52
	lsls	r0, r0, #27
	@DEBUG_VALUE: LL_DMA_IsEnabledIT_TC:DMAx <- undef
.Ltmp29:
	.loc	2 1805 11                       @ ../Drivers/STM32F4xx_HAL_Driver/Inc\stm32f4xx_ll_dma.h:1805:11
	itt	mi
	ldrmi	r0, [r4]
.Ltmp30:
	.loc	5 230 7                         @ ../Core/Src/stm32f4xx_it.c:230:7
	lslsmi.w	r0, r0, #10
	@DEBUG_VALUE: LL_DMA_IsActiveFlag_TC6:DMAx <- undef
	bmi	.LBB10_2
.Ltmp31:
@ %bb.1:
	.loc	5 239 1                         @ ../Core/Src/stm32f4xx_it.c:239:1
	pop	{r4, pc}
	.p2align	2
.LBB10_2:
.Ltmp32:
	.loc	5 231 5                         @ ../Core/Src/stm32f4xx_it.c:231:5
	movs	r0, #1
	bl	usart_dmatx_tc_isr
.Ltmp33:
	.loc	5 0 5 is_stmt 0                 @ ../Core/Src/stm32f4xx_it.c:0:5
	mov.w	r0, #2097152
.Ltmp34:
	.loc	2 2245 3 is_stmt 1              @ ../Drivers/STM32F4xx_HAL_Driver/Inc\stm32f4xx_ll_dma.h:2245:3
	str	r0, [r4, #8]
.Ltmp35:
	@DEBUG_VALUE: LL_DMA_ClearFlag_TC6:DMAx <- undef
	.loc	5 239 1                         @ ../Core/Src/stm32f4xx_it.c:239:1
	pop	{r4, pc}
.Ltmp36:
.Lfunc_end10:
	.size	DMA1_Stream6_IRQHandler, .Lfunc_end10-DMA1_Stream6_IRQHandler
	.cfi_endproc
	.cantunwind
	.fnend
                                        @ -- End function
	.section	.text.USART1_IRQHandler,"ax",%progbits
	.hidden	USART1_IRQHandler               @ -- Begin function USART1_IRQHandler
	.globl	USART1_IRQHandler
	.p2align	2
	.type	USART1_IRQHandler,%function
	.code	16                              @ @USART1_IRQHandler
	.thumb_func
USART1_IRQHandler:
.Lfunc_begin11:
	.loc	5 245 0                         @ ../Core/Src/stm32f4xx_it.c:245:0
	.fnstart
	.cfi_startproc
@ %bb.0:
	.save	{r4, lr}
	push	{r4, lr}
	.cfi_def_cfa_offset 8
	.cfi_offset lr, -4
	.cfi_offset r4, -8
	.pad	#8
	sub	sp, #8
	.cfi_def_cfa_offset 16
	movw	r4, #4096
	movt	r4, #16385
.Ltmp37:
	.file	6 "f:\\OwnProject\\CubeMX\\stm32f407_ll_usart_dma\\MDK-ARM" "../Drivers/STM32F4xx_HAL_Driver/Inc\\stm32f4xx_ll_usart.h"
	.loc	6 2218 11 prologue_end          @ ../Drivers/STM32F4xx_HAL_Driver/Inc\stm32f4xx_ll_usart.h:2218:11
	ldr	r0, [r4, #12]
.Ltmp38:
	.loc	5 247 43                        @ ../Core/Src/stm32f4xx_it.c:247:43
	lsls	r0, r0, #27
	@DEBUG_VALUE: LL_USART_IsEnabledIT_IDLE:USARTx <- undef
.Ltmp39:
	.loc	6 1783 11                       @ ../Drivers/STM32F4xx_HAL_Driver/Inc\stm32f4xx_ll_usart.h:1783:11
	itt	mi
	ldrmi	r0, [r4]
.Ltmp40:
	.loc	5 247 9                         @ ../Core/Src/stm32f4xx_it.c:247:9
	lslsmi.w	r0, r0, #27
	@DEBUG_VALUE: LL_USART_IsActiveFlag_IDLE:USARTx <- undef
	bmi	.LBB11_2
@ %bb.1:
	.loc	5 256 1                         @ ../Core/Src/stm32f4xx_it.c:256:1
	add	sp, #8
	pop	{r4, pc}
	.p2align	2
.LBB11_2:
.Ltmp41:
	.loc	5 249 9                         @ ../Core/Src/stm32f4xx_it.c:249:9
	movs	r0, #0
	bl	usart_dmarx_idle_isr
.Ltmp42:
	.loc	6 1956 20                       @ ../Drivers/STM32F4xx_HAL_Driver/Inc\stm32f4xx_ll_usart.h:1956:20
	ldr	r0, [r4]
	.loc	6 1956 10 is_stmt 0             @ ../Drivers/STM32F4xx_HAL_Driver/Inc\stm32f4xx_ll_usart.h:1956:10
	str	r0, [sp, #4]
	.loc	6 1957 10 is_stmt 1             @ ../Drivers/STM32F4xx_HAL_Driver/Inc\stm32f4xx_ll_usart.h:1957:10
	ldr	r0, [sp, #4]
	.loc	6 1958 20                       @ ../Drivers/STM32F4xx_HAL_Driver/Inc\stm32f4xx_ll_usart.h:1958:20
	ldr	r0, [r4, #4]
	.loc	6 1958 10 is_stmt 0             @ ../Drivers/STM32F4xx_HAL_Driver/Inc\stm32f4xx_ll_usart.h:1958:10
	str	r0, [sp, #4]
	.loc	6 1959 10 is_stmt 1             @ ../Drivers/STM32F4xx_HAL_Driver/Inc\stm32f4xx_ll_usart.h:1959:10
	ldr	r0, [sp, #4]
.Ltmp43:
	@DEBUG_VALUE: LL_USART_ClearFlag_IDLE:USARTx <- undef
	.loc	5 256 1                         @ ../Core/Src/stm32f4xx_it.c:256:1
	add	sp, #8
	pop	{r4, pc}
.Ltmp44:
.Lfunc_end11:
	.size	USART1_IRQHandler, .Lfunc_end11-USART1_IRQHandler
	.cfi_endproc
	.cantunwind
	.fnend
                                        @ -- End function
	.section	.text.USART2_IRQHandler,"ax",%progbits
	.hidden	USART2_IRQHandler               @ -- Begin function USART2_IRQHandler
	.globl	USART2_IRQHandler
	.p2align	2
	.type	USART2_IRQHandler,%function
	.code	16                              @ @USART2_IRQHandler
	.thumb_func
USART2_IRQHandler:
.Lfunc_begin12:
	.loc	5 262 0                         @ ../Core/Src/stm32f4xx_it.c:262:0
	.fnstart
	.cfi_startproc
@ %bb.0:
	.save	{r4, lr}
	push	{r4, lr}
	.cfi_def_cfa_offset 8
	.cfi_offset lr, -4
	.cfi_offset r4, -8
	.pad	#8
	sub	sp, #8
	.cfi_def_cfa_offset 16
	movw	r4, #17408
	movt	r4, #16384
.Ltmp45:
	.loc	6 2218 11 prologue_end          @ ../Drivers/STM32F4xx_HAL_Driver/Inc\stm32f4xx_ll_usart.h:2218:11
	ldr	r0, [r4, #12]
.Ltmp46:
	.loc	5 264 43                        @ ../Core/Src/stm32f4xx_it.c:264:43
	lsls	r0, r0, #27
	@DEBUG_VALUE: LL_USART_IsEnabledIT_IDLE:USARTx <- undef
.Ltmp47:
	.loc	6 1783 11                       @ ../Drivers/STM32F4xx_HAL_Driver/Inc\stm32f4xx_ll_usart.h:1783:11
	itt	mi
	ldrmi	r0, [r4]
.Ltmp48:
	.loc	5 264 9                         @ ../Core/Src/stm32f4xx_it.c:264:9
	lslsmi.w	r0, r0, #27
	@DEBUG_VALUE: LL_USART_IsActiveFlag_IDLE:USARTx <- undef
	bmi	.LBB12_2
@ %bb.1:
	.loc	5 273 1                         @ ../Core/Src/stm32f4xx_it.c:273:1
	add	sp, #8
	pop	{r4, pc}
	.p2align	2
.LBB12_2:
.Ltmp49:
	.loc	5 266 9                         @ ../Core/Src/stm32f4xx_it.c:266:9
	movs	r0, #1
	bl	usart_dmarx_idle_isr
.Ltmp50:
	.loc	6 1956 20                       @ ../Drivers/STM32F4xx_HAL_Driver/Inc\stm32f4xx_ll_usart.h:1956:20
	ldr	r0, [r4]
	.loc	6 1956 10 is_stmt 0             @ ../Drivers/STM32F4xx_HAL_Driver/Inc\stm32f4xx_ll_usart.h:1956:10
	str	r0, [sp, #4]
	.loc	6 1957 10 is_stmt 1             @ ../Drivers/STM32F4xx_HAL_Driver/Inc\stm32f4xx_ll_usart.h:1957:10
	ldr	r0, [sp, #4]
	.loc	6 1958 20                       @ ../Drivers/STM32F4xx_HAL_Driver/Inc\stm32f4xx_ll_usart.h:1958:20
	ldr	r0, [r4, #4]
	.loc	6 1958 10 is_stmt 0             @ ../Drivers/STM32F4xx_HAL_Driver/Inc\stm32f4xx_ll_usart.h:1958:10
	str	r0, [sp, #4]
	.loc	6 1959 10 is_stmt 1             @ ../Drivers/STM32F4xx_HAL_Driver/Inc\stm32f4xx_ll_usart.h:1959:10
	ldr	r0, [sp, #4]
.Ltmp51:
	@DEBUG_VALUE: LL_USART_ClearFlag_IDLE:USARTx <- undef
	.loc	5 273 1                         @ ../Core/Src/stm32f4xx_it.c:273:1
	add	sp, #8
	pop	{r4, pc}
.Ltmp52:
.Lfunc_end12:
	.size	USART2_IRQHandler, .Lfunc_end12-USART2_IRQHandler
	.cfi_endproc
	.cantunwind
	.fnend
                                        @ -- End function
	.section	.text.DMA2_Stream2_IRQHandler,"ax",%progbits
	.hidden	DMA2_Stream2_IRQHandler         @ -- Begin function DMA2_Stream2_IRQHandler
	.globl	DMA2_Stream2_IRQHandler
	.p2align	2
	.type	DMA2_Stream2_IRQHandler,%function
	.code	16                              @ @DMA2_Stream2_IRQHandler
	.thumb_func
DMA2_Stream2_IRQHandler:
.Lfunc_begin13:
	.loc	5 279 0                         @ ../Core/Src/stm32f4xx_it.c:279:0
	.fnstart
	.cfi_startproc
@ %bb.0:
	.save	{r4, lr}
	push	{r4, lr}
	.cfi_def_cfa_offset 8
	.cfi_offset lr, -4
	.cfi_offset r4, -8
	movw	r4, #25600
	movt	r4, #16386
.Ltmp53:
	@DEBUG_VALUE: LL_DMA_IsEnabledIT_HT:Stream <- 2
	.loc	2 2748 11 prologue_end          @ ../Drivers/STM32F4xx_HAL_Driver/Inc\stm32f4xx_ll_dma.h:2748:11
	ldr	r0, [r4, #64]
.Ltmp54:
	.loc	5 282 52                        @ ../Core/Src/stm32f4xx_it.c:282:52
	lsls	r0, r0, #28
	@DEBUG_VALUE: LL_DMA_IsEnabledIT_HT:DMAx <- undef
.Ltmp55:
	.loc	2 1673 11                       @ ../Drivers/STM32F4xx_HAL_Driver/Inc\stm32f4xx_ll_dma.h:1673:11
	itt	mi
	ldrmi	r0, [r4]
.Ltmp56:
	.loc	5 282 7                         @ ../Core/Src/stm32f4xx_it.c:282:7
	lslsmi.w	r0, r0, #11
	@DEBUG_VALUE: LL_DMA_IsActiveFlag_HT2:DMAx <- undef
	bmi	.LBB13_3
.Ltmp57:
.LBB13_1:
	@DEBUG_VALUE: LL_DMA_IsEnabledIT_TC:Stream <- 2
	.loc	2 2788 11                       @ ../Drivers/STM32F4xx_HAL_Driver/Inc\stm32f4xx_ll_dma.h:2788:11
	ldr	r0, [r4, #64]
.Ltmp58:
	.loc	5 287 52                        @ ../Core/Src/stm32f4xx_it.c:287:52
	lsls	r0, r0, #27
	@DEBUG_VALUE: LL_DMA_IsEnabledIT_TC:DMAx <- undef
.Ltmp59:
	.loc	2 1761 11                       @ ../Drivers/STM32F4xx_HAL_Driver/Inc\stm32f4xx_ll_dma.h:1761:11
	itt	mi
	ldrmi	r0, [r4]
.Ltmp60:
	.loc	5 287 7                         @ ../Core/Src/stm32f4xx_it.c:287:7
	lslsmi.w	r0, r0, #10
	@DEBUG_VALUE: LL_DMA_IsActiveFlag_TC2:DMAx <- undef
	bmi	.LBB13_4
.Ltmp61:
@ %bb.2:
	.loc	5 297 1                         @ ../Core/Src/stm32f4xx_it.c:297:1
	pop	{r4, pc}
	.p2align	2
.LBB13_3:
.Ltmp62:
	.loc	5 283 5                         @ ../Core/Src/stm32f4xx_it.c:283:5
	movs	r0, #0
	bl	usart_dmarx_ht_isr
.Ltmp63:
	.loc	5 0 5 is_stmt 0                 @ ../Core/Src/stm32f4xx_it.c:0:5
	mov.w	r0, #1048576
.Ltmp64:
	.loc	2 2113 3 is_stmt 1              @ ../Drivers/STM32F4xx_HAL_Driver/Inc\stm32f4xx_ll_dma.h:2113:3
	str	r0, [r4, #8]
.Ltmp65:
	@DEBUG_VALUE: LL_DMA_ClearFlag_HT2:DMAx <- undef
	.loc	2 0 3 is_stmt 0                 @ ../Drivers/STM32F4xx_HAL_Driver/Inc\stm32f4xx_ll_dma.h:0:3
	b	.LBB13_1
.Ltmp66:
	.p2align	2
.LBB13_4:
	.loc	5 288 5 is_stmt 1               @ ../Core/Src/stm32f4xx_it.c:288:5
	movs	r0, #0
	bl	usart_dmarx_tc_isr
.Ltmp67:
	.loc	5 0 5 is_stmt 0                 @ ../Core/Src/stm32f4xx_it.c:0:5
	mov.w	r0, #2097152
.Ltmp68:
	.loc	2 2201 3 is_stmt 1              @ ../Drivers/STM32F4xx_HAL_Driver/Inc\stm32f4xx_ll_dma.h:2201:3
	str	r0, [r4, #8]
.Ltmp69:
	@DEBUG_VALUE: LL_DMA_ClearFlag_TC2:DMAx <- undef
	.loc	5 297 1                         @ ../Core/Src/stm32f4xx_it.c:297:1
	pop	{r4, pc}
.Ltmp70:
.Lfunc_end13:
	.size	DMA2_Stream2_IRQHandler, .Lfunc_end13-DMA2_Stream2_IRQHandler
	.cfi_endproc
	.cantunwind
	.fnend
                                        @ -- End function
	.section	.text.DMA2_Stream7_IRQHandler,"ax",%progbits
	.hidden	DMA2_Stream7_IRQHandler         @ -- Begin function DMA2_Stream7_IRQHandler
	.globl	DMA2_Stream7_IRQHandler
	.p2align	2
	.type	DMA2_Stream7_IRQHandler,%function
	.code	16                              @ @DMA2_Stream7_IRQHandler
	.thumb_func
DMA2_Stream7_IRQHandler:
.Lfunc_begin14:
	.loc	5 303 0                         @ ../Core/Src/stm32f4xx_it.c:303:0
	.fnstart
	.cfi_startproc
@ %bb.0:
	.save	{r4, lr}
	push	{r4, lr}
	.cfi_def_cfa_offset 8
	.cfi_offset lr, -4
	.cfi_offset r4, -8
	movw	r4, #25604
	movt	r4, #16386
.Ltmp71:
	@DEBUG_VALUE: LL_DMA_IsEnabledIT_TC:Stream <- 7
	.loc	2 2788 11 prologue_end          @ ../Drivers/STM32F4xx_HAL_Driver/Inc\stm32f4xx_ll_dma.h:2788:11
	ldr.w	r0, [r4, #180]
.Ltmp72:
	.loc	5 305 52                        @ ../Core/Src/stm32f4xx_it.c:305:52
	lsls	r0, r0, #27
	@DEBUG_VALUE: LL_DMA_IsEnabledIT_TC:DMAx <- undef
.Ltmp73:
	.loc	2 1816 11                       @ ../Drivers/STM32F4xx_HAL_Driver/Inc\stm32f4xx_ll_dma.h:1816:11
	itt	mi
	ldrmi	r0, [r4]
.Ltmp74:
	.loc	5 305 7                         @ ../Core/Src/stm32f4xx_it.c:305:7
	lslsmi.w	r0, r0, #4
	@DEBUG_VALUE: LL_DMA_IsActiveFlag_TC7:DMAx <- undef
	bmi	.LBB14_2
.Ltmp75:
@ %bb.1:
	.loc	5 314 1                         @ ../Core/Src/stm32f4xx_it.c:314:1
	pop	{r4, pc}
	.p2align	2
.LBB14_2:
.Ltmp76:
	.loc	5 306 5                         @ ../Core/Src/stm32f4xx_it.c:306:5
	movs	r0, #0
	bl	usart_dmatx_tc_isr
.Ltmp77:
	.loc	5 0 5 is_stmt 0                 @ ../Core/Src/stm32f4xx_it.c:0:5
	mov.w	r0, #134217728
.Ltmp78:
	.loc	2 2256 3 is_stmt 1              @ ../Drivers/STM32F4xx_HAL_Driver/Inc\stm32f4xx_ll_dma.h:2256:3
	str	r0, [r4, #8]
.Ltmp79:
	@DEBUG_VALUE: LL_DMA_ClearFlag_TC7:DMAx <- undef
	.loc	5 314 1                         @ ../Core/Src/stm32f4xx_it.c:314:1
	pop	{r4, pc}
.Ltmp80:
.Lfunc_end14:
	.size	DMA2_Stream7_IRQHandler, .Lfunc_end14-DMA2_Stream7_IRQHandler
	.cfi_endproc
	.cantunwind
	.fnend
                                        @ -- End function
	.section	.debug_abbrev,"",%progbits
	.byte	1                               @ Abbreviation Code
	.byte	17                              @ DW_TAG_compile_unit
	.byte	1                               @ DW_CHILDREN_yes
	.byte	37                              @ DW_AT_producer
	.byte	14                              @ DW_FORM_strp
	.byte	19                              @ DW_AT_language
	.byte	5                               @ DW_FORM_data2
	.byte	3                               @ DW_AT_name
	.byte	14                              @ DW_FORM_strp
	.byte	16                              @ DW_AT_stmt_list
	.byte	23                              @ DW_FORM_sec_offset
	.byte	27                              @ DW_AT_comp_dir
	.byte	14                              @ DW_FORM_strp
	.byte	17                              @ DW_AT_low_pc
	.byte	1                               @ DW_FORM_addr
	.byte	85                              @ DW_AT_ranges
	.byte	23                              @ DW_FORM_sec_offset
	.byte	0                               @ EOM(1)
	.byte	0                               @ EOM(2)
	.byte	2                               @ Abbreviation Code
	.byte	52                              @ DW_TAG_variable
	.byte	0                               @ DW_CHILDREN_no
	.byte	3                               @ DW_AT_name
	.byte	14                              @ DW_FORM_strp
	.byte	73                              @ DW_AT_type
	.byte	19                              @ DW_FORM_ref4
	.byte	58                              @ DW_AT_decl_file
	.byte	11                              @ DW_FORM_data1
	.byte	59                              @ DW_AT_decl_line
	.byte	11                              @ DW_FORM_data1
	.byte	0                               @ EOM(1)
	.byte	0                               @ EOM(2)
	.byte	3                               @ Abbreviation Code
	.byte	1                               @ DW_TAG_array_type
	.byte	1                               @ DW_CHILDREN_yes
	.byte	73                              @ DW_AT_type
	.byte	19                              @ DW_FORM_ref4
	.byte	0                               @ EOM(1)
	.byte	0                               @ EOM(2)
	.byte	4                               @ Abbreviation Code
	.byte	33                              @ DW_TAG_subrange_type
	.byte	0                               @ DW_CHILDREN_no
	.byte	73                              @ DW_AT_type
	.byte	19                              @ DW_FORM_ref4
	.byte	55                              @ DW_AT_count
	.byte	11                              @ DW_FORM_data1
	.byte	0                               @ EOM(1)
	.byte	0                               @ EOM(2)
	.byte	5                               @ Abbreviation Code
	.byte	38                              @ DW_TAG_const_type
	.byte	0                               @ DW_CHILDREN_no
	.byte	73                              @ DW_AT_type
	.byte	19                              @ DW_FORM_ref4
	.byte	0                               @ EOM(1)
	.byte	0                               @ EOM(2)
	.byte	6                               @ Abbreviation Code
	.byte	22                              @ DW_TAG_typedef
	.byte	0                               @ DW_CHILDREN_no
	.byte	73                              @ DW_AT_type
	.byte	19                              @ DW_FORM_ref4
	.byte	3                               @ DW_AT_name
	.byte	14                              @ DW_FORM_strp
	.byte	58                              @ DW_AT_decl_file
	.byte	11                              @ DW_FORM_data1
	.byte	59                              @ DW_AT_decl_line
	.byte	11                              @ DW_FORM_data1
	.byte	0                               @ EOM(1)
	.byte	0                               @ EOM(2)
	.byte	7                               @ Abbreviation Code
	.byte	36                              @ DW_TAG_base_type
	.byte	0                               @ DW_CHILDREN_no
	.byte	3                               @ DW_AT_name
	.byte	14                              @ DW_FORM_strp
	.byte	62                              @ DW_AT_encoding
	.byte	11                              @ DW_FORM_data1
	.byte	11                              @ DW_AT_byte_size
	.byte	11                              @ DW_FORM_data1
	.byte	0                               @ EOM(1)
	.byte	0                               @ EOM(2)
	.byte	8                               @ Abbreviation Code
	.byte	36                              @ DW_TAG_base_type
	.byte	0                               @ DW_CHILDREN_no
	.byte	3                               @ DW_AT_name
	.byte	14                              @ DW_FORM_strp
	.byte	11                              @ DW_AT_byte_size
	.byte	11                              @ DW_FORM_data1
	.byte	62                              @ DW_AT_encoding
	.byte	11                              @ DW_FORM_data1
	.byte	0                               @ EOM(1)
	.byte	0                               @ EOM(2)
	.byte	9                               @ Abbreviation Code
	.byte	4                               @ DW_TAG_enumeration_type
	.byte	1                               @ DW_CHILDREN_yes
	.byte	73                              @ DW_AT_type
	.byte	19                              @ DW_FORM_ref4
	.byte	3                               @ DW_AT_name
	.byte	14                              @ DW_FORM_strp
	.byte	11                              @ DW_AT_byte_size
	.byte	11                              @ DW_FORM_data1
	.byte	58                              @ DW_AT_decl_file
	.byte	11                              @ DW_FORM_data1
	.byte	59                              @ DW_AT_decl_line
	.byte	11                              @ DW_FORM_data1
	.byte	0                               @ EOM(1)
	.byte	0                               @ EOM(2)
	.byte	10                              @ Abbreviation Code
	.byte	40                              @ DW_TAG_enumerator
	.byte	0                               @ DW_CHILDREN_no
	.byte	3                               @ DW_AT_name
	.byte	14                              @ DW_FORM_strp
	.byte	28                              @ DW_AT_const_value
	.byte	15                              @ DW_FORM_udata
	.byte	0                               @ EOM(1)
	.byte	0                               @ EOM(2)
	.byte	11                              @ Abbreviation Code
	.byte	15                              @ DW_TAG_pointer_type
	.byte	0                               @ DW_CHILDREN_no
	.byte	73                              @ DW_AT_type
	.byte	19                              @ DW_FORM_ref4
	.byte	0                               @ EOM(1)
	.byte	0                               @ EOM(2)
	.byte	12                              @ Abbreviation Code
	.byte	22                              @ DW_TAG_typedef
	.byte	0                               @ DW_CHILDREN_no
	.byte	73                              @ DW_AT_type
	.byte	19                              @ DW_FORM_ref4
	.byte	3                               @ DW_AT_name
	.byte	14                              @ DW_FORM_strp
	.byte	58                              @ DW_AT_decl_file
	.byte	11                              @ DW_FORM_data1
	.byte	59                              @ DW_AT_decl_line
	.byte	5                               @ DW_FORM_data2
	.byte	0                               @ EOM(1)
	.byte	0                               @ EOM(2)
	.byte	13                              @ Abbreviation Code
	.byte	19                              @ DW_TAG_structure_type
	.byte	1                               @ DW_CHILDREN_yes
	.byte	11                              @ DW_AT_byte_size
	.byte	11                              @ DW_FORM_data1
	.byte	58                              @ DW_AT_decl_file
	.byte	11                              @ DW_FORM_data1
	.byte	59                              @ DW_AT_decl_line
	.byte	5                               @ DW_FORM_data2
	.byte	0                               @ EOM(1)
	.byte	0                               @ EOM(2)
	.byte	14                              @ Abbreviation Code
	.byte	13                              @ DW_TAG_member
	.byte	0                               @ DW_CHILDREN_no
	.byte	3                               @ DW_AT_name
	.byte	14                              @ DW_FORM_strp
	.byte	73                              @ DW_AT_type
	.byte	19                              @ DW_FORM_ref4
	.byte	58                              @ DW_AT_decl_file
	.byte	11                              @ DW_FORM_data1
	.byte	59                              @ DW_AT_decl_line
	.byte	5                               @ DW_FORM_data2
	.byte	56                              @ DW_AT_data_member_location
	.byte	11                              @ DW_FORM_data1
	.byte	0                               @ EOM(1)
	.byte	0                               @ EOM(2)
	.byte	15                              @ Abbreviation Code
	.byte	53                              @ DW_TAG_volatile_type
	.byte	0                               @ DW_CHILDREN_no
	.byte	73                              @ DW_AT_type
	.byte	19                              @ DW_FORM_ref4
	.byte	0                               @ EOM(1)
	.byte	0                               @ EOM(2)
	.byte	16                              @ Abbreviation Code
	.byte	46                              @ DW_TAG_subprogram
	.byte	0                               @ DW_CHILDREN_no
	.byte	17                              @ DW_AT_low_pc
	.byte	1                               @ DW_FORM_addr
	.byte	18                              @ DW_AT_high_pc
	.byte	6                               @ DW_FORM_data4
	.byte	64                              @ DW_AT_frame_base
	.byte	24                              @ DW_FORM_exprloc
	.ascii	"\227B"                         @ DW_AT_GNU_all_call_sites
	.byte	25                              @ DW_FORM_flag_present
	.byte	3                               @ DW_AT_name
	.byte	14                              @ DW_FORM_strp
	.byte	58                              @ DW_AT_decl_file
	.byte	11                              @ DW_FORM_data1
	.byte	59                              @ DW_AT_decl_line
	.byte	11                              @ DW_FORM_data1
	.byte	39                              @ DW_AT_prototyped
	.byte	25                              @ DW_FORM_flag_present
	.byte	63                              @ DW_AT_external
	.byte	25                              @ DW_FORM_flag_present
	.byte	0                               @ EOM(1)
	.byte	0                               @ EOM(2)
	.byte	17                              @ Abbreviation Code
	.byte	46                              @ DW_TAG_subprogram
	.byte	1                               @ DW_CHILDREN_yes
	.byte	3                               @ DW_AT_name
	.byte	14                              @ DW_FORM_strp
	.byte	58                              @ DW_AT_decl_file
	.byte	11                              @ DW_FORM_data1
	.byte	59                              @ DW_AT_decl_line
	.byte	5                               @ DW_FORM_data2
	.byte	39                              @ DW_AT_prototyped
	.byte	25                              @ DW_FORM_flag_present
	.byte	73                              @ DW_AT_type
	.byte	19                              @ DW_FORM_ref4
	.byte	32                              @ DW_AT_inline
	.byte	11                              @ DW_FORM_data1
	.byte	0                               @ EOM(1)
	.byte	0                               @ EOM(2)
	.byte	18                              @ Abbreviation Code
	.byte	5                               @ DW_TAG_formal_parameter
	.byte	0                               @ DW_CHILDREN_no
	.byte	3                               @ DW_AT_name
	.byte	14                              @ DW_FORM_strp
	.byte	58                              @ DW_AT_decl_file
	.byte	11                              @ DW_FORM_data1
	.byte	59                              @ DW_AT_decl_line
	.byte	5                               @ DW_FORM_data2
	.byte	73                              @ DW_AT_type
	.byte	19                              @ DW_FORM_ref4
	.byte	0                               @ EOM(1)
	.byte	0                               @ EOM(2)
	.byte	19                              @ Abbreviation Code
	.byte	46                              @ DW_TAG_subprogram
	.byte	1                               @ DW_CHILDREN_yes
	.byte	3                               @ DW_AT_name
	.byte	14                              @ DW_FORM_strp
	.byte	58                              @ DW_AT_decl_file
	.byte	11                              @ DW_FORM_data1
	.byte	59                              @ DW_AT_decl_line
	.byte	5                               @ DW_FORM_data2
	.byte	39                              @ DW_AT_prototyped
	.byte	25                              @ DW_FORM_flag_present
	.byte	32                              @ DW_AT_inline
	.byte	11                              @ DW_FORM_data1
	.byte	0                               @ EOM(1)
	.byte	0                               @ EOM(2)
	.byte	20                              @ Abbreviation Code
	.byte	46                              @ DW_TAG_subprogram
	.byte	1                               @ DW_CHILDREN_yes
	.byte	17                              @ DW_AT_low_pc
	.byte	1                               @ DW_FORM_addr
	.byte	18                              @ DW_AT_high_pc
	.byte	6                               @ DW_FORM_data4
	.byte	64                              @ DW_AT_frame_base
	.byte	24                              @ DW_FORM_exprloc
	.ascii	"\227B"                         @ DW_AT_GNU_all_call_sites
	.byte	25                              @ DW_FORM_flag_present
	.byte	3                               @ DW_AT_name
	.byte	14                              @ DW_FORM_strp
	.byte	58                              @ DW_AT_decl_file
	.byte	11                              @ DW_FORM_data1
	.byte	59                              @ DW_AT_decl_line
	.byte	11                              @ DW_FORM_data1
	.byte	39                              @ DW_AT_prototyped
	.byte	25                              @ DW_FORM_flag_present
	.byte	63                              @ DW_AT_external
	.byte	25                              @ DW_FORM_flag_present
	.byte	0                               @ EOM(1)
	.byte	0                               @ EOM(2)
	.byte	21                              @ Abbreviation Code
	.byte	29                              @ DW_TAG_inlined_subroutine
	.byte	1                               @ DW_CHILDREN_yes
	.byte	49                              @ DW_AT_abstract_origin
	.byte	19                              @ DW_FORM_ref4
	.byte	17                              @ DW_AT_low_pc
	.byte	1                               @ DW_FORM_addr
	.byte	18                              @ DW_AT_high_pc
	.byte	6                               @ DW_FORM_data4
	.byte	88                              @ DW_AT_call_file
	.byte	11                              @ DW_FORM_data1
	.byte	89                              @ DW_AT_call_line
	.byte	11                              @ DW_FORM_data1
	.byte	87                              @ DW_AT_call_column
	.byte	11                              @ DW_FORM_data1
	.byte	0                               @ EOM(1)
	.byte	0                               @ EOM(2)
	.byte	22                              @ Abbreviation Code
	.byte	5                               @ DW_TAG_formal_parameter
	.byte	0                               @ DW_CHILDREN_no
	.byte	28                              @ DW_AT_const_value
	.byte	15                              @ DW_FORM_udata
	.byte	49                              @ DW_AT_abstract_origin
	.byte	19                              @ DW_FORM_ref4
	.byte	0                               @ EOM(1)
	.byte	0                               @ EOM(2)
	.byte	23                              @ Abbreviation Code
	.byte	29                              @ DW_TAG_inlined_subroutine
	.byte	0                               @ DW_CHILDREN_no
	.byte	49                              @ DW_AT_abstract_origin
	.byte	19                              @ DW_FORM_ref4
	.byte	17                              @ DW_AT_low_pc
	.byte	1                               @ DW_FORM_addr
	.byte	18                              @ DW_AT_high_pc
	.byte	6                               @ DW_FORM_data4
	.byte	88                              @ DW_AT_call_file
	.byte	11                              @ DW_FORM_data1
	.byte	89                              @ DW_AT_call_line
	.byte	11                              @ DW_FORM_data1
	.byte	87                              @ DW_AT_call_column
	.byte	11                              @ DW_FORM_data1
	.byte	0                               @ EOM(1)
	.byte	0                               @ EOM(2)
	.byte	24                              @ Abbreviation Code
	.byte	52                              @ DW_TAG_variable
	.byte	0                               @ DW_CHILDREN_no
	.byte	3                               @ DW_AT_name
	.byte	14                              @ DW_FORM_strp
	.byte	58                              @ DW_AT_decl_file
	.byte	11                              @ DW_FORM_data1
	.byte	59                              @ DW_AT_decl_line
	.byte	5                               @ DW_FORM_data2
	.byte	73                              @ DW_AT_type
	.byte	19                              @ DW_FORM_ref4
	.byte	0                               @ EOM(1)
	.byte	0                               @ EOM(2)
	.byte	25                              @ Abbreviation Code
	.byte	52                              @ DW_TAG_variable
	.byte	0                               @ DW_CHILDREN_no
	.byte	2                               @ DW_AT_location
	.byte	24                              @ DW_FORM_exprloc
	.byte	49                              @ DW_AT_abstract_origin
	.byte	19                              @ DW_FORM_ref4
	.byte	0                               @ EOM(1)
	.byte	0                               @ EOM(2)
	.byte	26                              @ Abbreviation Code
	.byte	46                              @ DW_TAG_subprogram
	.byte	1                               @ DW_CHILDREN_yes
	.byte	17                              @ DW_AT_low_pc
	.byte	1                               @ DW_FORM_addr
	.byte	18                              @ DW_AT_high_pc
	.byte	6                               @ DW_FORM_data4
	.byte	64                              @ DW_AT_frame_base
	.byte	24                              @ DW_FORM_exprloc
	.ascii	"\227B"                         @ DW_AT_GNU_all_call_sites
	.byte	25                              @ DW_FORM_flag_present
	.byte	3                               @ DW_AT_name
	.byte	14                              @ DW_FORM_strp
	.byte	58                              @ DW_AT_decl_file
	.byte	11                              @ DW_FORM_data1
	.byte	59                              @ DW_AT_decl_line
	.byte	5                               @ DW_FORM_data2
	.byte	39                              @ DW_AT_prototyped
	.byte	25                              @ DW_FORM_flag_present
	.byte	63                              @ DW_AT_external
	.byte	25                              @ DW_FORM_flag_present
	.byte	0                               @ EOM(1)
	.byte	0                               @ EOM(2)
	.byte	27                              @ Abbreviation Code
	.byte	29                              @ DW_TAG_inlined_subroutine
	.byte	0                               @ DW_CHILDREN_no
	.byte	49                              @ DW_AT_abstract_origin
	.byte	19                              @ DW_FORM_ref4
	.byte	17                              @ DW_AT_low_pc
	.byte	1                               @ DW_FORM_addr
	.byte	18                              @ DW_AT_high_pc
	.byte	6                               @ DW_FORM_data4
	.byte	88                              @ DW_AT_call_file
	.byte	11                              @ DW_FORM_data1
	.byte	89                              @ DW_AT_call_line
	.byte	5                               @ DW_FORM_data2
	.byte	87                              @ DW_AT_call_column
	.byte	11                              @ DW_FORM_data1
	.byte	0                               @ EOM(1)
	.byte	0                               @ EOM(2)
	.byte	28                              @ Abbreviation Code
	.byte	29                              @ DW_TAG_inlined_subroutine
	.byte	1                               @ DW_CHILDREN_yes
	.byte	49                              @ DW_AT_abstract_origin
	.byte	19                              @ DW_FORM_ref4
	.byte	17                              @ DW_AT_low_pc
	.byte	1                               @ DW_FORM_addr
	.byte	18                              @ DW_AT_high_pc
	.byte	6                               @ DW_FORM_data4
	.byte	88                              @ DW_AT_call_file
	.byte	11                              @ DW_FORM_data1
	.byte	89                              @ DW_AT_call_line
	.byte	5                               @ DW_FORM_data2
	.byte	87                              @ DW_AT_call_column
	.byte	11                              @ DW_FORM_data1
	.byte	0                               @ EOM(1)
	.byte	0                               @ EOM(2)
	.byte	0                               @ EOM(3)
	.section	.debug_info,"",%progbits
.Lcu_begin0:
	.long	.Ldebug_info_end0-.Ldebug_info_start0 @ Length of Unit
.Ldebug_info_start0:
	.short	4                               @ DWARF version number
	.long	.debug_abbrev                   @ Offset Into Abbrev. Section
	.byte	4                               @ Address Size (in bytes)
	.byte	1                               @ Abbrev [1] 0xb:0x63b DW_TAG_compile_unit
	.long	.Linfo_string0                  @ DW_AT_producer
	.short	12                              @ DW_AT_language
	.long	.Linfo_string1                  @ DW_AT_name
	.long	.Lline_table_start0             @ DW_AT_stmt_list
	.long	.Linfo_string2                  @ DW_AT_comp_dir
	.long	0                               @ DW_AT_low_pc
	.long	.Ldebug_ranges0                 @ DW_AT_ranges
	.byte	2                               @ Abbrev [2] 0x26:0xb DW_TAG_variable
	.long	.Linfo_string3                  @ DW_AT_name
	.long	49                              @ DW_AT_type
	.byte	2                               @ DW_AT_decl_file
	.byte	46                              @ DW_AT_decl_line
	.byte	3                               @ Abbrev [3] 0x31:0xc DW_TAG_array_type
	.long	61                              @ DW_AT_type
	.byte	4                               @ Abbrev [4] 0x36:0x6 DW_TAG_subrange_type
	.long	84                              @ DW_AT_type
	.byte	8                               @ DW_AT_count
	.byte	0                               @ End Of Children Mark
	.byte	5                               @ Abbrev [5] 0x3d:0x5 DW_TAG_const_type
	.long	66                              @ DW_AT_type
	.byte	6                               @ Abbrev [6] 0x42:0xb DW_TAG_typedef
	.long	77                              @ DW_AT_type
	.long	.Linfo_string5                  @ DW_AT_name
	.byte	1                               @ DW_AT_decl_file
	.byte	62                              @ DW_AT_decl_line
	.byte	7                               @ Abbrev [7] 0x4d:0x7 DW_TAG_base_type
	.long	.Linfo_string4                  @ DW_AT_name
	.byte	8                               @ DW_AT_encoding
	.byte	1                               @ DW_AT_byte_size
	.byte	8                               @ Abbrev [8] 0x54:0x7 DW_TAG_base_type
	.long	.Linfo_string6                  @ DW_AT_name
	.byte	8                               @ DW_AT_byte_size
	.byte	7                               @ DW_AT_encoding
	.byte	9                               @ Abbrev [9] 0x5b:0x1f DW_TAG_enumeration_type
	.long	77                              @ DW_AT_type
	.long	.Linfo_string10                 @ DW_AT_name
	.byte	1                               @ DW_AT_byte_size
	.byte	3                               @ DW_AT_decl_file
	.byte	21                              @ DW_AT_decl_line
	.byte	10                              @ Abbrev [10] 0x67:0x6 DW_TAG_enumerator
	.long	.Linfo_string7                  @ DW_AT_name
	.byte	0                               @ DW_AT_const_value
	.byte	10                              @ Abbrev [10] 0x6d:0x6 DW_TAG_enumerator
	.long	.Linfo_string8                  @ DW_AT_name
	.byte	1                               @ DW_AT_const_value
	.byte	10                              @ Abbrev [10] 0x73:0x6 DW_TAG_enumerator
	.long	.Linfo_string9                  @ DW_AT_name
	.byte	2                               @ DW_AT_const_value
	.byte	0                               @ End Of Children Mark
	.byte	11                              @ Abbrev [11] 0x7a:0x5 DW_TAG_pointer_type
	.long	127                             @ DW_AT_type
	.byte	12                              @ Abbrev [12] 0x7f:0xc DW_TAG_typedef
	.long	139                             @ DW_AT_type
	.long	.Linfo_string17                 @ DW_AT_name
	.byte	4                               @ DW_AT_decl_file
	.short	361                             @ DW_AT_decl_line
	.byte	13                              @ Abbrev [13] 0x8b:0x3a DW_TAG_structure_type
	.byte	16                              @ DW_AT_byte_size
	.byte	4                               @ DW_AT_decl_file
	.short	355                             @ DW_AT_decl_line
	.byte	14                              @ Abbrev [14] 0x90:0xd DW_TAG_member
	.long	.Linfo_string11                 @ DW_AT_name
	.long	197                             @ DW_AT_type
	.byte	4                               @ DW_AT_decl_file
	.short	357                             @ DW_AT_decl_line
	.byte	0                               @ DW_AT_data_member_location
	.byte	14                              @ Abbrev [14] 0x9d:0xd DW_TAG_member
	.long	.Linfo_string14                 @ DW_AT_name
	.long	197                             @ DW_AT_type
	.byte	4                               @ DW_AT_decl_file
	.short	358                             @ DW_AT_decl_line
	.byte	4                               @ DW_AT_data_member_location
	.byte	14                              @ Abbrev [14] 0xaa:0xd DW_TAG_member
	.long	.Linfo_string15                 @ DW_AT_name
	.long	197                             @ DW_AT_type
	.byte	4                               @ DW_AT_decl_file
	.short	359                             @ DW_AT_decl_line
	.byte	8                               @ DW_AT_data_member_location
	.byte	14                              @ Abbrev [14] 0xb7:0xd DW_TAG_member
	.long	.Linfo_string16                 @ DW_AT_name
	.long	197                             @ DW_AT_type
	.byte	4                               @ DW_AT_decl_file
	.short	360                             @ DW_AT_decl_line
	.byte	12                              @ DW_AT_data_member_location
	.byte	0                               @ End Of Children Mark
	.byte	15                              @ Abbrev [15] 0xc5:0x5 DW_TAG_volatile_type
	.long	202                             @ DW_AT_type
	.byte	6                               @ Abbrev [6] 0xca:0xb DW_TAG_typedef
	.long	213                             @ DW_AT_type
	.long	.Linfo_string13                 @ DW_AT_name
	.byte	1                               @ DW_AT_decl_file
	.byte	64                              @ DW_AT_decl_line
	.byte	7                               @ Abbrev [7] 0xd5:0x7 DW_TAG_base_type
	.long	.Linfo_string12                 @ DW_AT_name
	.byte	7                               @ DW_AT_encoding
	.byte	4                               @ DW_AT_byte_size
	.byte	11                              @ Abbrev [11] 0xdc:0x5 DW_TAG_pointer_type
	.long	225                             @ DW_AT_type
	.byte	12                              @ Abbrev [12] 0xe1:0xc DW_TAG_typedef
	.long	237                             @ DW_AT_type
	.long	.Linfo_string25                 @ DW_AT_name
	.byte	4                               @ DW_AT_decl_file
	.short	766                             @ DW_AT_decl_line
	.byte	13                              @ Abbrev [13] 0xed:0x61 DW_TAG_structure_type
	.byte	28                              @ DW_AT_byte_size
	.byte	4                               @ DW_AT_decl_file
	.short	757                             @ DW_AT_decl_line
	.byte	14                              @ Abbrev [14] 0xf2:0xd DW_TAG_member
	.long	.Linfo_string18                 @ DW_AT_name
	.long	197                             @ DW_AT_type
	.byte	4                               @ DW_AT_decl_file
	.short	759                             @ DW_AT_decl_line
	.byte	0                               @ DW_AT_data_member_location
	.byte	14                              @ Abbrev [14] 0xff:0xd DW_TAG_member
	.long	.Linfo_string19                 @ DW_AT_name
	.long	197                             @ DW_AT_type
	.byte	4                               @ DW_AT_decl_file
	.short	760                             @ DW_AT_decl_line
	.byte	4                               @ DW_AT_data_member_location
	.byte	14                              @ Abbrev [14] 0x10c:0xd DW_TAG_member
	.long	.Linfo_string20                 @ DW_AT_name
	.long	197                             @ DW_AT_type
	.byte	4                               @ DW_AT_decl_file
	.short	761                             @ DW_AT_decl_line
	.byte	8                               @ DW_AT_data_member_location
	.byte	14                              @ Abbrev [14] 0x119:0xd DW_TAG_member
	.long	.Linfo_string21                 @ DW_AT_name
	.long	197                             @ DW_AT_type
	.byte	4                               @ DW_AT_decl_file
	.short	762                             @ DW_AT_decl_line
	.byte	12                              @ DW_AT_data_member_location
	.byte	14                              @ Abbrev [14] 0x126:0xd DW_TAG_member
	.long	.Linfo_string22                 @ DW_AT_name
	.long	197                             @ DW_AT_type
	.byte	4                               @ DW_AT_decl_file
	.short	763                             @ DW_AT_decl_line
	.byte	16                              @ DW_AT_data_member_location
	.byte	14                              @ Abbrev [14] 0x133:0xd DW_TAG_member
	.long	.Linfo_string23                 @ DW_AT_name
	.long	197                             @ DW_AT_type
	.byte	4                               @ DW_AT_decl_file
	.short	764                             @ DW_AT_decl_line
	.byte	20                              @ DW_AT_data_member_location
	.byte	14                              @ Abbrev [14] 0x140:0xd DW_TAG_member
	.long	.Linfo_string24                 @ DW_AT_name
	.long	197                             @ DW_AT_type
	.byte	4                               @ DW_AT_decl_file
	.short	765                             @ DW_AT_decl_line
	.byte	24                              @ DW_AT_data_member_location
	.byte	0                               @ End Of Children Mark
	.byte	11                              @ Abbrev [11] 0x14e:0x5 DW_TAG_pointer_type
	.long	339                             @ DW_AT_type
	.byte	12                              @ Abbrev [12] 0x153:0xc DW_TAG_typedef
	.long	351                             @ DW_AT_type
	.long	.Linfo_string32                 @ DW_AT_name
	.byte	4                               @ DW_AT_decl_file
	.short	353                             @ DW_AT_decl_line
	.byte	13                              @ Abbrev [13] 0x15f:0x54 DW_TAG_structure_type
	.byte	24                              @ DW_AT_byte_size
	.byte	4                               @ DW_AT_decl_file
	.short	345                             @ DW_AT_decl_line
	.byte	14                              @ Abbrev [14] 0x164:0xd DW_TAG_member
	.long	.Linfo_string26                 @ DW_AT_name
	.long	197                             @ DW_AT_type
	.byte	4                               @ DW_AT_decl_file
	.short	347                             @ DW_AT_decl_line
	.byte	0                               @ DW_AT_data_member_location
	.byte	14                              @ Abbrev [14] 0x171:0xd DW_TAG_member
	.long	.Linfo_string27                 @ DW_AT_name
	.long	197                             @ DW_AT_type
	.byte	4                               @ DW_AT_decl_file
	.short	348                             @ DW_AT_decl_line
	.byte	4                               @ DW_AT_data_member_location
	.byte	14                              @ Abbrev [14] 0x17e:0xd DW_TAG_member
	.long	.Linfo_string28                 @ DW_AT_name
	.long	197                             @ DW_AT_type
	.byte	4                               @ DW_AT_decl_file
	.short	349                             @ DW_AT_decl_line
	.byte	8                               @ DW_AT_data_member_location
	.byte	14                              @ Abbrev [14] 0x18b:0xd DW_TAG_member
	.long	.Linfo_string29                 @ DW_AT_name
	.long	197                             @ DW_AT_type
	.byte	4                               @ DW_AT_decl_file
	.short	350                             @ DW_AT_decl_line
	.byte	12                              @ DW_AT_data_member_location
	.byte	14                              @ Abbrev [14] 0x198:0xd DW_TAG_member
	.long	.Linfo_string30                 @ DW_AT_name
	.long	197                             @ DW_AT_type
	.byte	4                               @ DW_AT_decl_file
	.short	351                             @ DW_AT_decl_line
	.byte	16                              @ DW_AT_data_member_location
	.byte	14                              @ Abbrev [14] 0x1a5:0xd DW_TAG_member
	.long	.Linfo_string31                 @ DW_AT_name
	.long	197                             @ DW_AT_type
	.byte	4                               @ DW_AT_decl_file
	.short	352                             @ DW_AT_decl_line
	.byte	20                              @ DW_AT_data_member_location
	.byte	0                               @ End Of Children Mark
	.byte	16                              @ Abbrev [16] 0x1b3:0x11 DW_TAG_subprogram
	.long	.Lfunc_begin0                   @ DW_AT_low_pc
	.long	.Lfunc_end0-.Lfunc_begin0       @ DW_AT_high_pc
	.byte	1                               @ DW_AT_frame_base
	.byte	93
                                        @ DW_AT_GNU_all_call_sites
	.long	.Linfo_string54                 @ DW_AT_name
	.byte	5                               @ DW_AT_decl_file
	.byte	70                              @ DW_AT_decl_line
                                        @ DW_AT_prototyped
                                        @ DW_AT_external
	.byte	16                              @ Abbrev [16] 0x1c4:0x11 DW_TAG_subprogram
	.long	.Lfunc_begin1                   @ DW_AT_low_pc
	.long	.Lfunc_end1-.Lfunc_begin1       @ DW_AT_high_pc
	.byte	1                               @ DW_AT_frame_base
	.byte	93
                                        @ DW_AT_GNU_all_call_sites
	.long	.Linfo_string55                 @ DW_AT_name
	.byte	5                               @ DW_AT_decl_file
	.byte	85                              @ DW_AT_decl_line
                                        @ DW_AT_prototyped
                                        @ DW_AT_external
	.byte	16                              @ Abbrev [16] 0x1d5:0x11 DW_TAG_subprogram
	.long	.Lfunc_begin2                   @ DW_AT_low_pc
	.long	.Lfunc_end2-.Lfunc_begin2       @ DW_AT_high_pc
	.byte	1                               @ DW_AT_frame_base
	.byte	93
                                        @ DW_AT_GNU_all_call_sites
	.long	.Linfo_string56                 @ DW_AT_name
	.byte	5                               @ DW_AT_decl_file
	.byte	100                             @ DW_AT_decl_line
                                        @ DW_AT_prototyped
                                        @ DW_AT_external
	.byte	16                              @ Abbrev [16] 0x1e6:0x11 DW_TAG_subprogram
	.long	.Lfunc_begin3                   @ DW_AT_low_pc
	.long	.Lfunc_end3-.Lfunc_begin3       @ DW_AT_high_pc
	.byte	1                               @ DW_AT_frame_base
	.byte	93
                                        @ DW_AT_GNU_all_call_sites
	.long	.Linfo_string57                 @ DW_AT_name
	.byte	5                               @ DW_AT_decl_file
	.byte	115                             @ DW_AT_decl_line
                                        @ DW_AT_prototyped
                                        @ DW_AT_external
	.byte	16                              @ Abbrev [16] 0x1f7:0x11 DW_TAG_subprogram
	.long	.Lfunc_begin4                   @ DW_AT_low_pc
	.long	.Lfunc_end4-.Lfunc_begin4       @ DW_AT_high_pc
	.byte	1                               @ DW_AT_frame_base
	.byte	93
                                        @ DW_AT_GNU_all_call_sites
	.long	.Linfo_string58                 @ DW_AT_name
	.byte	5                               @ DW_AT_decl_file
	.byte	130                             @ DW_AT_decl_line
                                        @ DW_AT_prototyped
                                        @ DW_AT_external
	.byte	16                              @ Abbrev [16] 0x208:0x11 DW_TAG_subprogram
	.long	.Lfunc_begin5                   @ DW_AT_low_pc
	.long	.Lfunc_end5-.Lfunc_begin5       @ DW_AT_high_pc
	.byte	1                               @ DW_AT_frame_base
	.byte	93
                                        @ DW_AT_GNU_all_call_sites
	.long	.Linfo_string59                 @ DW_AT_name
	.byte	5                               @ DW_AT_decl_file
	.byte	145                             @ DW_AT_decl_line
                                        @ DW_AT_prototyped
                                        @ DW_AT_external
	.byte	16                              @ Abbrev [16] 0x219:0x11 DW_TAG_subprogram
	.long	.Lfunc_begin6                   @ DW_AT_low_pc
	.long	.Lfunc_end6-.Lfunc_begin6       @ DW_AT_high_pc
	.byte	1                               @ DW_AT_frame_base
	.byte	93
                                        @ DW_AT_GNU_all_call_sites
	.long	.Linfo_string60                 @ DW_AT_name
	.byte	5                               @ DW_AT_decl_file
	.byte	158                             @ DW_AT_decl_line
                                        @ DW_AT_prototyped
                                        @ DW_AT_external
	.byte	16                              @ Abbrev [16] 0x22a:0x11 DW_TAG_subprogram
	.long	.Lfunc_begin7                   @ DW_AT_low_pc
	.long	.Lfunc_end7-.Lfunc_begin7       @ DW_AT_high_pc
	.byte	1                               @ DW_AT_frame_base
	.byte	93
                                        @ DW_AT_GNU_all_call_sites
	.long	.Linfo_string61                 @ DW_AT_name
	.byte	5                               @ DW_AT_decl_file
	.byte	171                             @ DW_AT_decl_line
                                        @ DW_AT_prototyped
                                        @ DW_AT_external
	.byte	16                              @ Abbrev [16] 0x23b:0x11 DW_TAG_subprogram
	.long	.Lfunc_begin8                   @ DW_AT_low_pc
	.long	.Lfunc_end8-.Lfunc_begin8       @ DW_AT_high_pc
	.byte	1                               @ DW_AT_frame_base
	.byte	93
                                        @ DW_AT_GNU_all_call_sites
	.long	.Linfo_string62                 @ DW_AT_name
	.byte	5                               @ DW_AT_decl_file
	.byte	184                             @ DW_AT_decl_line
                                        @ DW_AT_prototyped
                                        @ DW_AT_external
	.byte	17                              @ Abbrev [17] 0x24c:0x26 DW_TAG_subprogram
	.long	.Linfo_string33                 @ DW_AT_name
	.byte	2                               @ DW_AT_decl_file
	.short	2746                            @ DW_AT_decl_line
                                        @ DW_AT_prototyped
	.long	202                             @ DW_AT_type
	.byte	1                               @ DW_AT_inline
	.byte	18                              @ Abbrev [18] 0x259:0xc DW_TAG_formal_parameter
	.long	.Linfo_string34                 @ DW_AT_name
	.byte	2                               @ DW_AT_decl_file
	.short	2746                            @ DW_AT_decl_line
	.long	122                             @ DW_AT_type
	.byte	18                              @ Abbrev [18] 0x265:0xc DW_TAG_formal_parameter
	.long	.Linfo_string35                 @ DW_AT_name
	.byte	2                               @ DW_AT_decl_file
	.short	2746                            @ DW_AT_decl_line
	.long	202                             @ DW_AT_type
	.byte	0                               @ End Of Children Mark
	.byte	17                              @ Abbrev [17] 0x272:0x1a DW_TAG_subprogram
	.long	.Linfo_string36                 @ DW_AT_name
	.byte	2                               @ DW_AT_decl_file
	.short	1704                            @ DW_AT_decl_line
                                        @ DW_AT_prototyped
	.long	202                             @ DW_AT_type
	.byte	1                               @ DW_AT_inline
	.byte	18                              @ Abbrev [18] 0x27f:0xc DW_TAG_formal_parameter
	.long	.Linfo_string34                 @ DW_AT_name
	.byte	2                               @ DW_AT_decl_file
	.short	1704                            @ DW_AT_decl_line
	.long	122                             @ DW_AT_type
	.byte	0                               @ End Of Children Mark
	.byte	17                              @ Abbrev [17] 0x28c:0x26 DW_TAG_subprogram
	.long	.Linfo_string37                 @ DW_AT_name
	.byte	2                               @ DW_AT_decl_file
	.short	2786                            @ DW_AT_decl_line
                                        @ DW_AT_prototyped
	.long	202                             @ DW_AT_type
	.byte	1                               @ DW_AT_inline
	.byte	18                              @ Abbrev [18] 0x299:0xc DW_TAG_formal_parameter
	.long	.Linfo_string34                 @ DW_AT_name
	.byte	2                               @ DW_AT_decl_file
	.short	2786                            @ DW_AT_decl_line
	.long	122                             @ DW_AT_type
	.byte	18                              @ Abbrev [18] 0x2a5:0xc DW_TAG_formal_parameter
	.long	.Linfo_string35                 @ DW_AT_name
	.byte	2                               @ DW_AT_decl_file
	.short	2786                            @ DW_AT_decl_line
	.long	202                             @ DW_AT_type
	.byte	0                               @ End Of Children Mark
	.byte	17                              @ Abbrev [17] 0x2b2:0x1a DW_TAG_subprogram
	.long	.Linfo_string38                 @ DW_AT_name
	.byte	2                               @ DW_AT_decl_file
	.short	1792                            @ DW_AT_decl_line
                                        @ DW_AT_prototyped
	.long	202                             @ DW_AT_type
	.byte	1                               @ DW_AT_inline
	.byte	18                              @ Abbrev [18] 0x2bf:0xc DW_TAG_formal_parameter
	.long	.Linfo_string34                 @ DW_AT_name
	.byte	2                               @ DW_AT_decl_file
	.short	1792                            @ DW_AT_decl_line
	.long	122                             @ DW_AT_type
	.byte	0                               @ End Of Children Mark
	.byte	19                              @ Abbrev [19] 0x2cc:0x16 DW_TAG_subprogram
	.long	.Linfo_string39                 @ DW_AT_name
	.byte	2                               @ DW_AT_decl_file
	.short	2144                            @ DW_AT_decl_line
                                        @ DW_AT_prototyped
	.byte	1                               @ DW_AT_inline
	.byte	18                              @ Abbrev [18] 0x2d5:0xc DW_TAG_formal_parameter
	.long	.Linfo_string34                 @ DW_AT_name
	.byte	2                               @ DW_AT_decl_file
	.short	2144                            @ DW_AT_decl_line
	.long	122                             @ DW_AT_type
	.byte	0                               @ End Of Children Mark
	.byte	19                              @ Abbrev [19] 0x2e2:0x16 DW_TAG_subprogram
	.long	.Linfo_string40                 @ DW_AT_name
	.byte	2                               @ DW_AT_decl_file
	.short	2232                            @ DW_AT_decl_line
                                        @ DW_AT_prototyped
	.byte	1                               @ DW_AT_inline
	.byte	18                              @ Abbrev [18] 0x2eb:0xc DW_TAG_formal_parameter
	.long	.Linfo_string34                 @ DW_AT_name
	.byte	2                               @ DW_AT_decl_file
	.short	2232                            @ DW_AT_decl_line
	.long	122                             @ DW_AT_type
	.byte	0                               @ End Of Children Mark
	.byte	20                              @ Abbrev [20] 0x2f8:0x80 DW_TAG_subprogram
	.long	.Lfunc_begin9                   @ DW_AT_low_pc
	.long	.Lfunc_end9-.Lfunc_begin9       @ DW_AT_high_pc
	.byte	1                               @ DW_AT_frame_base
	.byte	93
                                        @ DW_AT_GNU_all_call_sites
	.long	.Linfo_string63                 @ DW_AT_name
	.byte	5                               @ DW_AT_decl_file
	.byte	205                             @ DW_AT_decl_line
                                        @ DW_AT_prototyped
                                        @ DW_AT_external
	.byte	21                              @ Abbrev [21] 0x309:0x17 DW_TAG_inlined_subroutine
	.long	588                             @ DW_AT_abstract_origin
	.long	.Ltmp9                          @ DW_AT_low_pc
	.long	.Ltmp10-.Ltmp9                  @ DW_AT_high_pc
	.byte	5                               @ DW_AT_call_file
	.byte	208                             @ DW_AT_call_line
	.byte	7                               @ DW_AT_call_column
	.byte	22                              @ Abbrev [22] 0x319:0x6 DW_TAG_formal_parameter
	.byte	5                               @ DW_AT_const_value
	.long	613                             @ DW_AT_abstract_origin
	.byte	0                               @ End Of Children Mark
	.byte	23                              @ Abbrev [23] 0x320:0x10 DW_TAG_inlined_subroutine
	.long	626                             @ DW_AT_abstract_origin
	.long	.Ltmp11                         @ DW_AT_low_pc
	.long	.Ltmp12-.Ltmp11                 @ DW_AT_high_pc
	.byte	5                               @ DW_AT_call_file
	.byte	208                             @ DW_AT_call_line
	.byte	55                              @ DW_AT_call_column
	.byte	23                              @ Abbrev [23] 0x330:0x10 DW_TAG_inlined_subroutine
	.long	716                             @ DW_AT_abstract_origin
	.long	.Ltmp20                         @ DW_AT_low_pc
	.long	.Ltmp22-.Ltmp20                 @ DW_AT_high_pc
	.byte	5                               @ DW_AT_call_file
	.byte	210                             @ DW_AT_call_line
	.byte	5                               @ DW_AT_call_column
	.byte	21                              @ Abbrev [21] 0x340:0x17 DW_TAG_inlined_subroutine
	.long	652                             @ DW_AT_abstract_origin
	.long	.Ltmp13                         @ DW_AT_low_pc
	.long	.Ltmp14-.Ltmp13                 @ DW_AT_high_pc
	.byte	5                               @ DW_AT_call_file
	.byte	213                             @ DW_AT_call_line
	.byte	7                               @ DW_AT_call_column
	.byte	22                              @ Abbrev [22] 0x350:0x6 DW_TAG_formal_parameter
	.byte	5                               @ DW_AT_const_value
	.long	677                             @ DW_AT_abstract_origin
	.byte	0                               @ End Of Children Mark
	.byte	23                              @ Abbrev [23] 0x357:0x10 DW_TAG_inlined_subroutine
	.long	690                             @ DW_AT_abstract_origin
	.long	.Ltmp15                         @ DW_AT_low_pc
	.long	.Ltmp16-.Ltmp15                 @ DW_AT_high_pc
	.byte	5                               @ DW_AT_call_file
	.byte	213                             @ DW_AT_call_line
	.byte	55                              @ DW_AT_call_column
	.byte	23                              @ Abbrev [23] 0x367:0x10 DW_TAG_inlined_subroutine
	.long	738                             @ DW_AT_abstract_origin
	.long	.Ltmp24                         @ DW_AT_low_pc
	.long	.Ltmp25-.Ltmp24                 @ DW_AT_high_pc
	.byte	5                               @ DW_AT_call_file
	.byte	215                             @ DW_AT_call_line
	.byte	5                               @ DW_AT_call_column
	.byte	0                               @ End Of Children Mark
	.byte	17                              @ Abbrev [17] 0x378:0x1a DW_TAG_subprogram
	.long	.Linfo_string41                 @ DW_AT_name
	.byte	2                               @ DW_AT_decl_file
	.short	1803                            @ DW_AT_decl_line
                                        @ DW_AT_prototyped
	.long	202                             @ DW_AT_type
	.byte	1                               @ DW_AT_inline
	.byte	18                              @ Abbrev [18] 0x385:0xc DW_TAG_formal_parameter
	.long	.Linfo_string34                 @ DW_AT_name
	.byte	2                               @ DW_AT_decl_file
	.short	1803                            @ DW_AT_decl_line
	.long	122                             @ DW_AT_type
	.byte	0                               @ End Of Children Mark
	.byte	19                              @ Abbrev [19] 0x392:0x16 DW_TAG_subprogram
	.long	.Linfo_string42                 @ DW_AT_name
	.byte	2                               @ DW_AT_decl_file
	.short	2243                            @ DW_AT_decl_line
                                        @ DW_AT_prototyped
	.byte	1                               @ DW_AT_inline
	.byte	18                              @ Abbrev [18] 0x39b:0xc DW_TAG_formal_parameter
	.long	.Linfo_string34                 @ DW_AT_name
	.byte	2                               @ DW_AT_decl_file
	.short	2243                            @ DW_AT_decl_line
	.long	122                             @ DW_AT_type
	.byte	0                               @ End Of Children Mark
	.byte	20                              @ Abbrev [20] 0x3a8:0x49 DW_TAG_subprogram
	.long	.Lfunc_begin10                  @ DW_AT_low_pc
	.long	.Lfunc_end10-.Lfunc_begin10     @ DW_AT_high_pc
	.byte	1                               @ DW_AT_frame_base
	.byte	93
                                        @ DW_AT_GNU_all_call_sites
	.long	.Linfo_string64                 @ DW_AT_name
	.byte	5                               @ DW_AT_decl_file
	.byte	227                             @ DW_AT_decl_line
                                        @ DW_AT_prototyped
                                        @ DW_AT_external
	.byte	21                              @ Abbrev [21] 0x3b9:0x17 DW_TAG_inlined_subroutine
	.long	652                             @ DW_AT_abstract_origin
	.long	.Ltmp27                         @ DW_AT_low_pc
	.long	.Ltmp28-.Ltmp27                 @ DW_AT_high_pc
	.byte	5                               @ DW_AT_call_file
	.byte	230                             @ DW_AT_call_line
	.byte	7                               @ DW_AT_call_column
	.byte	22                              @ Abbrev [22] 0x3c9:0x6 DW_TAG_formal_parameter
	.byte	6                               @ DW_AT_const_value
	.long	677                             @ DW_AT_abstract_origin
	.byte	0                               @ End Of Children Mark
	.byte	23                              @ Abbrev [23] 0x3d0:0x10 DW_TAG_inlined_subroutine
	.long	888                             @ DW_AT_abstract_origin
	.long	.Ltmp29                         @ DW_AT_low_pc
	.long	.Ltmp30-.Ltmp29                 @ DW_AT_high_pc
	.byte	5                               @ DW_AT_call_file
	.byte	230                             @ DW_AT_call_line
	.byte	55                              @ DW_AT_call_column
	.byte	23                              @ Abbrev [23] 0x3e0:0x10 DW_TAG_inlined_subroutine
	.long	914                             @ DW_AT_abstract_origin
	.long	.Ltmp34                         @ DW_AT_low_pc
	.long	.Ltmp35-.Ltmp34                 @ DW_AT_high_pc
	.byte	5                               @ DW_AT_call_file
	.byte	232                             @ DW_AT_call_line
	.byte	5                               @ DW_AT_call_column
	.byte	0                               @ End Of Children Mark
	.byte	17                              @ Abbrev [17] 0x3f1:0x1a DW_TAG_subprogram
	.long	.Linfo_string43                 @ DW_AT_name
	.byte	6                               @ DW_AT_decl_file
	.short	2216                            @ DW_AT_decl_line
                                        @ DW_AT_prototyped
	.long	202                             @ DW_AT_type
	.byte	1                               @ DW_AT_inline
	.byte	18                              @ Abbrev [18] 0x3fe:0xc DW_TAG_formal_parameter
	.long	.Linfo_string44                 @ DW_AT_name
	.byte	6                               @ DW_AT_decl_file
	.short	2216                            @ DW_AT_decl_line
	.long	220                             @ DW_AT_type
	.byte	0                               @ End Of Children Mark
	.byte	17                              @ Abbrev [17] 0x40b:0x1a DW_TAG_subprogram
	.long	.Linfo_string45                 @ DW_AT_name
	.byte	6                               @ DW_AT_decl_file
	.short	1781                            @ DW_AT_decl_line
                                        @ DW_AT_prototyped
	.long	202                             @ DW_AT_type
	.byte	1                               @ DW_AT_inline
	.byte	18                              @ Abbrev [18] 0x418:0xc DW_TAG_formal_parameter
	.long	.Linfo_string44                 @ DW_AT_name
	.byte	6                               @ DW_AT_decl_file
	.short	1781                            @ DW_AT_decl_line
	.long	220                             @ DW_AT_type
	.byte	0                               @ End Of Children Mark
	.byte	19                              @ Abbrev [19] 0x425:0x22 DW_TAG_subprogram
	.long	.Linfo_string46                 @ DW_AT_name
	.byte	6                               @ DW_AT_decl_file
	.short	1953                            @ DW_AT_decl_line
                                        @ DW_AT_prototyped
	.byte	1                               @ DW_AT_inline
	.byte	18                              @ Abbrev [18] 0x42e:0xc DW_TAG_formal_parameter
	.long	.Linfo_string44                 @ DW_AT_name
	.byte	6                               @ DW_AT_decl_file
	.short	1953                            @ DW_AT_decl_line
	.long	220                             @ DW_AT_type
	.byte	24                              @ Abbrev [24] 0x43a:0xc DW_TAG_variable
	.long	.Linfo_string47                 @ DW_AT_name
	.byte	6                               @ DW_AT_decl_file
	.short	1955                            @ DW_AT_decl_line
	.long	197                             @ DW_AT_type
	.byte	0                               @ End Of Children Mark
	.byte	20                              @ Abbrev [20] 0x447:0x4b DW_TAG_subprogram
	.long	.Lfunc_begin11                  @ DW_AT_low_pc
	.long	.Lfunc_end11-.Lfunc_begin11     @ DW_AT_high_pc
	.byte	1                               @ DW_AT_frame_base
	.byte	93
                                        @ DW_AT_GNU_all_call_sites
	.long	.Linfo_string65                 @ DW_AT_name
	.byte	5                               @ DW_AT_decl_file
	.byte	244                             @ DW_AT_decl_line
                                        @ DW_AT_prototyped
                                        @ DW_AT_external
	.byte	23                              @ Abbrev [23] 0x458:0x10 DW_TAG_inlined_subroutine
	.long	1009                            @ DW_AT_abstract_origin
	.long	.Ltmp37                         @ DW_AT_low_pc
	.long	.Ltmp38-.Ltmp37                 @ DW_AT_high_pc
	.byte	5                               @ DW_AT_call_file
	.byte	247                             @ DW_AT_call_line
	.byte	9                               @ DW_AT_call_column
	.byte	23                              @ Abbrev [23] 0x468:0x10 DW_TAG_inlined_subroutine
	.long	1035                            @ DW_AT_abstract_origin
	.long	.Ltmp39                         @ DW_AT_low_pc
	.long	.Ltmp40-.Ltmp39                 @ DW_AT_high_pc
	.byte	5                               @ DW_AT_call_file
	.byte	247                             @ DW_AT_call_line
	.byte	46                              @ DW_AT_call_column
	.byte	21                              @ Abbrev [21] 0x478:0x19 DW_TAG_inlined_subroutine
	.long	1061                            @ DW_AT_abstract_origin
	.long	.Ltmp42                         @ DW_AT_low_pc
	.long	.Ltmp43-.Ltmp42                 @ DW_AT_high_pc
	.byte	5                               @ DW_AT_call_file
	.byte	250                             @ DW_AT_call_line
	.byte	9                               @ DW_AT_call_column
	.byte	25                              @ Abbrev [25] 0x488:0x8 DW_TAG_variable
	.byte	2                               @ DW_AT_location
	.byte	145
	.byte	4
	.long	1082                            @ DW_AT_abstract_origin
	.byte	0                               @ End Of Children Mark
	.byte	0                               @ End Of Children Mark
	.byte	26                              @ Abbrev [26] 0x492:0x4f DW_TAG_subprogram
	.long	.Lfunc_begin12                  @ DW_AT_low_pc
	.long	.Lfunc_end12-.Lfunc_begin12     @ DW_AT_high_pc
	.byte	1                               @ DW_AT_frame_base
	.byte	93
                                        @ DW_AT_GNU_all_call_sites
	.long	.Linfo_string66                 @ DW_AT_name
	.byte	5                               @ DW_AT_decl_file
	.short	261                             @ DW_AT_decl_line
                                        @ DW_AT_prototyped
                                        @ DW_AT_external
	.byte	27                              @ Abbrev [27] 0x4a4:0x11 DW_TAG_inlined_subroutine
	.long	1009                            @ DW_AT_abstract_origin
	.long	.Ltmp45                         @ DW_AT_low_pc
	.long	.Ltmp46-.Ltmp45                 @ DW_AT_high_pc
	.byte	5                               @ DW_AT_call_file
	.short	264                             @ DW_AT_call_line
	.byte	9                               @ DW_AT_call_column
	.byte	27                              @ Abbrev [27] 0x4b5:0x11 DW_TAG_inlined_subroutine
	.long	1035                            @ DW_AT_abstract_origin
	.long	.Ltmp47                         @ DW_AT_low_pc
	.long	.Ltmp48-.Ltmp47                 @ DW_AT_high_pc
	.byte	5                               @ DW_AT_call_file
	.short	264                             @ DW_AT_call_line
	.byte	46                              @ DW_AT_call_column
	.byte	28                              @ Abbrev [28] 0x4c6:0x1a DW_TAG_inlined_subroutine
	.long	1061                            @ DW_AT_abstract_origin
	.long	.Ltmp50                         @ DW_AT_low_pc
	.long	.Ltmp51-.Ltmp50                 @ DW_AT_high_pc
	.byte	5                               @ DW_AT_call_file
	.short	267                             @ DW_AT_call_line
	.byte	9                               @ DW_AT_call_column
	.byte	25                              @ Abbrev [25] 0x4d7:0x8 DW_TAG_variable
	.byte	2                               @ DW_AT_location
	.byte	145
	.byte	4
	.long	1082                            @ DW_AT_abstract_origin
	.byte	0                               @ End Of Children Mark
	.byte	0                               @ End Of Children Mark
	.byte	17                              @ Abbrev [17] 0x4e1:0x1a DW_TAG_subprogram
	.long	.Linfo_string48                 @ DW_AT_name
	.byte	2                               @ DW_AT_decl_file
	.short	1671                            @ DW_AT_decl_line
                                        @ DW_AT_prototyped
	.long	202                             @ DW_AT_type
	.byte	1                               @ DW_AT_inline
	.byte	18                              @ Abbrev [18] 0x4ee:0xc DW_TAG_formal_parameter
	.long	.Linfo_string34                 @ DW_AT_name
	.byte	2                               @ DW_AT_decl_file
	.short	1671                            @ DW_AT_decl_line
	.long	122                             @ DW_AT_type
	.byte	0                               @ End Of Children Mark
	.byte	17                              @ Abbrev [17] 0x4fb:0x1a DW_TAG_subprogram
	.long	.Linfo_string49                 @ DW_AT_name
	.byte	2                               @ DW_AT_decl_file
	.short	1759                            @ DW_AT_decl_line
                                        @ DW_AT_prototyped
	.long	202                             @ DW_AT_type
	.byte	1                               @ DW_AT_inline
	.byte	18                              @ Abbrev [18] 0x508:0xc DW_TAG_formal_parameter
	.long	.Linfo_string34                 @ DW_AT_name
	.byte	2                               @ DW_AT_decl_file
	.short	1759                            @ DW_AT_decl_line
	.long	122                             @ DW_AT_type
	.byte	0                               @ End Of Children Mark
	.byte	19                              @ Abbrev [19] 0x515:0x16 DW_TAG_subprogram
	.long	.Linfo_string50                 @ DW_AT_name
	.byte	2                               @ DW_AT_decl_file
	.short	2111                            @ DW_AT_decl_line
                                        @ DW_AT_prototyped
	.byte	1                               @ DW_AT_inline
	.byte	18                              @ Abbrev [18] 0x51e:0xc DW_TAG_formal_parameter
	.long	.Linfo_string34                 @ DW_AT_name
	.byte	2                               @ DW_AT_decl_file
	.short	2111                            @ DW_AT_decl_line
	.long	122                             @ DW_AT_type
	.byte	0                               @ End Of Children Mark
	.byte	19                              @ Abbrev [19] 0x52b:0x16 DW_TAG_subprogram
	.long	.Linfo_string51                 @ DW_AT_name
	.byte	2                               @ DW_AT_decl_file
	.short	2199                            @ DW_AT_decl_line
                                        @ DW_AT_prototyped
	.byte	1                               @ DW_AT_inline
	.byte	18                              @ Abbrev [18] 0x534:0xc DW_TAG_formal_parameter
	.long	.Linfo_string34                 @ DW_AT_name
	.byte	2                               @ DW_AT_decl_file
	.short	2199                            @ DW_AT_decl_line
	.long	122                             @ DW_AT_type
	.byte	0                               @ End Of Children Mark
	.byte	26                              @ Abbrev [26] 0x541:0x87 DW_TAG_subprogram
	.long	.Lfunc_begin13                  @ DW_AT_low_pc
	.long	.Lfunc_end13-.Lfunc_begin13     @ DW_AT_high_pc
	.byte	1                               @ DW_AT_frame_base
	.byte	93
                                        @ DW_AT_GNU_all_call_sites
	.long	.Linfo_string67                 @ DW_AT_name
	.byte	5                               @ DW_AT_decl_file
	.short	278                             @ DW_AT_decl_line
                                        @ DW_AT_prototyped
                                        @ DW_AT_external
	.byte	28                              @ Abbrev [28] 0x553:0x18 DW_TAG_inlined_subroutine
	.long	588                             @ DW_AT_abstract_origin
	.long	.Ltmp53                         @ DW_AT_low_pc
	.long	.Ltmp54-.Ltmp53                 @ DW_AT_high_pc
	.byte	5                               @ DW_AT_call_file
	.short	282                             @ DW_AT_call_line
	.byte	7                               @ DW_AT_call_column
	.byte	22                              @ Abbrev [22] 0x564:0x6 DW_TAG_formal_parameter
	.byte	2                               @ DW_AT_const_value
	.long	613                             @ DW_AT_abstract_origin
	.byte	0                               @ End Of Children Mark
	.byte	27                              @ Abbrev [27] 0x56b:0x11 DW_TAG_inlined_subroutine
	.long	1249                            @ DW_AT_abstract_origin
	.long	.Ltmp55                         @ DW_AT_low_pc
	.long	.Ltmp56-.Ltmp55                 @ DW_AT_high_pc
	.byte	5                               @ DW_AT_call_file
	.short	282                             @ DW_AT_call_line
	.byte	55                              @ DW_AT_call_column
	.byte	27                              @ Abbrev [27] 0x57c:0x11 DW_TAG_inlined_subroutine
	.long	1301                            @ DW_AT_abstract_origin
	.long	.Ltmp64                         @ DW_AT_low_pc
	.long	.Ltmp66-.Ltmp64                 @ DW_AT_high_pc
	.byte	5                               @ DW_AT_call_file
	.short	284                             @ DW_AT_call_line
	.byte	5                               @ DW_AT_call_column
	.byte	28                              @ Abbrev [28] 0x58d:0x18 DW_TAG_inlined_subroutine
	.long	652                             @ DW_AT_abstract_origin
	.long	.Ltmp57                         @ DW_AT_low_pc
	.long	.Ltmp58-.Ltmp57                 @ DW_AT_high_pc
	.byte	5                               @ DW_AT_call_file
	.short	287                             @ DW_AT_call_line
	.byte	7                               @ DW_AT_call_column
	.byte	22                              @ Abbrev [22] 0x59e:0x6 DW_TAG_formal_parameter
	.byte	2                               @ DW_AT_const_value
	.long	677                             @ DW_AT_abstract_origin
	.byte	0                               @ End Of Children Mark
	.byte	27                              @ Abbrev [27] 0x5a5:0x11 DW_TAG_inlined_subroutine
	.long	1275                            @ DW_AT_abstract_origin
	.long	.Ltmp59                         @ DW_AT_low_pc
	.long	.Ltmp60-.Ltmp59                 @ DW_AT_high_pc
	.byte	5                               @ DW_AT_call_file
	.short	287                             @ DW_AT_call_line
	.byte	55                              @ DW_AT_call_column
	.byte	27                              @ Abbrev [27] 0x5b6:0x11 DW_TAG_inlined_subroutine
	.long	1323                            @ DW_AT_abstract_origin
	.long	.Ltmp68                         @ DW_AT_low_pc
	.long	.Ltmp69-.Ltmp68                 @ DW_AT_high_pc
	.byte	5                               @ DW_AT_call_file
	.short	289                             @ DW_AT_call_line
	.byte	5                               @ DW_AT_call_column
	.byte	0                               @ End Of Children Mark
	.byte	17                              @ Abbrev [17] 0x5c8:0x1a DW_TAG_subprogram
	.long	.Linfo_string52                 @ DW_AT_name
	.byte	2                               @ DW_AT_decl_file
	.short	1814                            @ DW_AT_decl_line
                                        @ DW_AT_prototyped
	.long	202                             @ DW_AT_type
	.byte	1                               @ DW_AT_inline
	.byte	18                              @ Abbrev [18] 0x5d5:0xc DW_TAG_formal_parameter
	.long	.Linfo_string34                 @ DW_AT_name
	.byte	2                               @ DW_AT_decl_file
	.short	1814                            @ DW_AT_decl_line
	.long	122                             @ DW_AT_type
	.byte	0                               @ End Of Children Mark
	.byte	19                              @ Abbrev [19] 0x5e2:0x16 DW_TAG_subprogram
	.long	.Linfo_string53                 @ DW_AT_name
	.byte	2                               @ DW_AT_decl_file
	.short	2254                            @ DW_AT_decl_line
                                        @ DW_AT_prototyped
	.byte	1                               @ DW_AT_inline
	.byte	18                              @ Abbrev [18] 0x5eb:0xc DW_TAG_formal_parameter
	.long	.Linfo_string34                 @ DW_AT_name
	.byte	2                               @ DW_AT_decl_file
	.short	2254                            @ DW_AT_decl_line
	.long	122                             @ DW_AT_type
	.byte	0                               @ End Of Children Mark
	.byte	26                              @ Abbrev [26] 0x5f8:0x4d DW_TAG_subprogram
	.long	.Lfunc_begin14                  @ DW_AT_low_pc
	.long	.Lfunc_end14-.Lfunc_begin14     @ DW_AT_high_pc
	.byte	1                               @ DW_AT_frame_base
	.byte	93
                                        @ DW_AT_GNU_all_call_sites
	.long	.Linfo_string68                 @ DW_AT_name
	.byte	5                               @ DW_AT_decl_file
	.short	302                             @ DW_AT_decl_line
                                        @ DW_AT_prototyped
                                        @ DW_AT_external
	.byte	28                              @ Abbrev [28] 0x60a:0x18 DW_TAG_inlined_subroutine
	.long	652                             @ DW_AT_abstract_origin
	.long	.Ltmp71                         @ DW_AT_low_pc
	.long	.Ltmp72-.Ltmp71                 @ DW_AT_high_pc
	.byte	5                               @ DW_AT_call_file
	.short	305                             @ DW_AT_call_line
	.byte	7                               @ DW_AT_call_column
	.byte	22                              @ Abbrev [22] 0x61b:0x6 DW_TAG_formal_parameter
	.byte	7                               @ DW_AT_const_value
	.long	677                             @ DW_AT_abstract_origin
	.byte	0                               @ End Of Children Mark
	.byte	27                              @ Abbrev [27] 0x622:0x11 DW_TAG_inlined_subroutine
	.long	1480                            @ DW_AT_abstract_origin
	.long	.Ltmp73                         @ DW_AT_low_pc
	.long	.Ltmp74-.Ltmp73                 @ DW_AT_high_pc
	.byte	5                               @ DW_AT_call_file
	.short	305                             @ DW_AT_call_line
	.byte	55                              @ DW_AT_call_column
	.byte	27                              @ Abbrev [27] 0x633:0x11 DW_TAG_inlined_subroutine
	.long	1506                            @ DW_AT_abstract_origin
	.long	.Ltmp78                         @ DW_AT_low_pc
	.long	.Ltmp79-.Ltmp78                 @ DW_AT_high_pc
	.byte	5                               @ DW_AT_call_file
	.short	307                             @ DW_AT_call_line
	.byte	5                               @ DW_AT_call_column
	.byte	0                               @ End Of Children Mark
	.byte	0                               @ End Of Children Mark
.Ldebug_info_end0:
	.section	.debug_ranges,"",%progbits
.Ldebug_ranges0:
	.long	.Lfunc_begin0
	.long	.Lfunc_end0
	.long	.Lfunc_begin1
	.long	.Lfunc_end1
	.long	.Lfunc_begin2
	.long	.Lfunc_end2
	.long	.Lfunc_begin3
	.long	.Lfunc_end3
	.long	.Lfunc_begin4
	.long	.Lfunc_end4
	.long	.Lfunc_begin5
	.long	.Lfunc_end5
	.long	.Lfunc_begin6
	.long	.Lfunc_end6
	.long	.Lfunc_begin7
	.long	.Lfunc_end7
	.long	.Lfunc_begin8
	.long	.Lfunc_end8
	.long	.Lfunc_begin9
	.long	.Lfunc_end9
	.long	.Lfunc_begin10
	.long	.Lfunc_end10
	.long	.Lfunc_begin11
	.long	.Lfunc_end11
	.long	.Lfunc_begin12
	.long	.Lfunc_end12
	.long	.Lfunc_begin13
	.long	.Lfunc_end13
	.long	.Lfunc_begin14
	.long	.Lfunc_end14
	.long	0
	.long	0
	.section	.debug_str,"MS",%progbits,1
.Linfo_string0:
	.asciz	"Component: Arm Compiler for Embedded 6.18 Tool: armclang [5e4cca00]" @ string offset=0
.Linfo_string1:
	.asciz	"../Core/Src\\stm32f4xx_it.c"   @ string offset=68
.Linfo_string2:
	.asciz	"f:\\OwnProject\\CubeMX\\stm32f407_ll_usart_dma\\MDK-ARM" @ string offset=95
.Linfo_string3:
	.asciz	"STREAM_OFFSET_TAB"             @ string offset=147
.Linfo_string4:
	.asciz	"unsigned char"                 @ string offset=165
.Linfo_string5:
	.asciz	"uint8_t"                       @ string offset=179
.Linfo_string6:
	.asciz	"__ARRAY_SIZE_TYPE__"           @ string offset=187
.Linfo_string7:
	.asciz	"DEV_USART1"                    @ string offset=207
.Linfo_string8:
	.asciz	"DEV_USART2"                    @ string offset=218
.Linfo_string9:
	.asciz	"DEV_USART_COUNT"               @ string offset=229
.Linfo_string10:
	.asciz	"ENUM_UsartDev"                 @ string offset=245
.Linfo_string11:
	.asciz	"LISR"                          @ string offset=259
.Linfo_string12:
	.asciz	"unsigned int"                  @ string offset=264
.Linfo_string13:
	.asciz	"uint32_t"                      @ string offset=277
.Linfo_string14:
	.asciz	"HISR"                          @ string offset=286
.Linfo_string15:
	.asciz	"LIFCR"                         @ string offset=291
.Linfo_string16:
	.asciz	"HIFCR"                         @ string offset=297
.Linfo_string17:
	.asciz	"DMA_TypeDef"                   @ string offset=303
.Linfo_string18:
	.asciz	"SR"                            @ string offset=315
.Linfo_string19:
	.asciz	"DR"                            @ string offset=318
.Linfo_string20:
	.asciz	"BRR"                           @ string offset=321
.Linfo_string21:
	.asciz	"CR1"                           @ string offset=325
.Linfo_string22:
	.asciz	"CR2"                           @ string offset=329
.Linfo_string23:
	.asciz	"CR3"                           @ string offset=333
.Linfo_string24:
	.asciz	"GTPR"                          @ string offset=337
.Linfo_string25:
	.asciz	"USART_TypeDef"                 @ string offset=342
.Linfo_string26:
	.asciz	"CR"                            @ string offset=356
.Linfo_string27:
	.asciz	"NDTR"                          @ string offset=359
.Linfo_string28:
	.asciz	"PAR"                           @ string offset=364
.Linfo_string29:
	.asciz	"M0AR"                          @ string offset=368
.Linfo_string30:
	.asciz	"M1AR"                          @ string offset=373
.Linfo_string31:
	.asciz	"FCR"                           @ string offset=378
.Linfo_string32:
	.asciz	"DMA_Stream_TypeDef"            @ string offset=382
.Linfo_string33:
	.asciz	"LL_DMA_IsEnabledIT_HT"         @ string offset=401
.Linfo_string34:
	.asciz	"DMAx"                          @ string offset=423
.Linfo_string35:
	.asciz	"Stream"                        @ string offset=428
.Linfo_string36:
	.asciz	"LL_DMA_IsActiveFlag_HT5"       @ string offset=435
.Linfo_string37:
	.asciz	"LL_DMA_IsEnabledIT_TC"         @ string offset=459
.Linfo_string38:
	.asciz	"LL_DMA_IsActiveFlag_TC5"       @ string offset=481
.Linfo_string39:
	.asciz	"LL_DMA_ClearFlag_HT5"          @ string offset=505
.Linfo_string40:
	.asciz	"LL_DMA_ClearFlag_TC5"          @ string offset=526
.Linfo_string41:
	.asciz	"LL_DMA_IsActiveFlag_TC6"       @ string offset=547
.Linfo_string42:
	.asciz	"LL_DMA_ClearFlag_TC6"          @ string offset=571
.Linfo_string43:
	.asciz	"LL_USART_IsEnabledIT_IDLE"     @ string offset=592
.Linfo_string44:
	.asciz	"USARTx"                        @ string offset=618
.Linfo_string45:
	.asciz	"LL_USART_IsActiveFlag_IDLE"    @ string offset=625
.Linfo_string46:
	.asciz	"LL_USART_ClearFlag_IDLE"       @ string offset=652
.Linfo_string47:
	.asciz	"tmpreg"                        @ string offset=676
.Linfo_string48:
	.asciz	"LL_DMA_IsActiveFlag_HT2"       @ string offset=683
.Linfo_string49:
	.asciz	"LL_DMA_IsActiveFlag_TC2"       @ string offset=707
.Linfo_string50:
	.asciz	"LL_DMA_ClearFlag_HT2"          @ string offset=731
.Linfo_string51:
	.asciz	"LL_DMA_ClearFlag_TC2"          @ string offset=752
.Linfo_string52:
	.asciz	"LL_DMA_IsActiveFlag_TC7"       @ string offset=773
.Linfo_string53:
	.asciz	"LL_DMA_ClearFlag_TC7"          @ string offset=797
.Linfo_string54:
	.asciz	"NMI_Handler"                   @ string offset=818
.Linfo_string55:
	.asciz	"HardFault_Handler"             @ string offset=830
.Linfo_string56:
	.asciz	"MemManage_Handler"             @ string offset=848
.Linfo_string57:
	.asciz	"BusFault_Handler"              @ string offset=866
.Linfo_string58:
	.asciz	"UsageFault_Handler"            @ string offset=883
.Linfo_string59:
	.asciz	"SVC_Handler"                   @ string offset=902
.Linfo_string60:
	.asciz	"DebugMon_Handler"              @ string offset=914
.Linfo_string61:
	.asciz	"PendSV_Handler"                @ string offset=931
.Linfo_string62:
	.asciz	"SysTick_Handler"               @ string offset=946
.Linfo_string63:
	.asciz	"DMA1_Stream5_IRQHandler"       @ string offset=962
.Linfo_string64:
	.asciz	"DMA1_Stream6_IRQHandler"       @ string offset=986
.Linfo_string65:
	.asciz	"USART1_IRQHandler"             @ string offset=1010
.Linfo_string66:
	.asciz	"USART2_IRQHandler"             @ string offset=1028
.Linfo_string67:
	.asciz	"DMA2_Stream2_IRQHandler"       @ string offset=1046
.Linfo_string68:
	.asciz	"DMA2_Stream7_IRQHandler"       @ string offset=1070
	.ident	"Component: Arm Compiler for Embedded 6.18 Tool: armclang [5e4cca00]"
	.section	".note.GNU-stack","",%progbits
	.eabi_attribute	30, 2	@ Tag_ABI_optimization_goals
	.ARM_attribute	16, 1	@ Tag_AV_eba
	.section	.debug_line,"",%progbits
.Lline_table_start0:
