	.text
	.syntax unified
	.eabi_attribute	67, "2.09"	@ Tag_conformance
	.cpu	cortex-m4
	.eabi_attribute	6, 13	@ Tag_CPU_arch
	.eabi_attribute	7, 77	@ Tag_CPU_arch_profile
	.eabi_attribute	8, 0	@ Tag_ARM_ISA_use
	.eabi_attribute	9, 2	@ Tag_THUMB_ISA_use
	.fpu	fpv4-sp-d16
	.eabi_attribute	27, 1	@ Tag_ABI_HardFP_use
	.eabi_attribute	36, 1	@ Tag_FP_HP_extension
	.eabi_attribute	34, 1	@ Tag_CPU_unaligned_access
	.eabi_attribute	17, 1	@ Tag_ABI_PCS_GOT_use
	.eabi_attribute	20, 2	@ Tag_ABI_FP_denormal
	.eabi_attribute	21, 0	@ Tag_ABI_FP_exceptions
	.eabi_attribute	23, 1	@ Tag_ABI_FP_number_model
	.eabi_attribute	24, 1	@ Tag_ABI_align_needed
	.eabi_attribute	25, 1	@ Tag_ABI_align_preserved
	.eabi_attribute	28, 1	@ Tag_ABI_VFP_args
	.eabi_attribute	38, 1	@ Tag_ABI_FP_16bit_format
	.eabi_attribute	18, 2	@ Tag_ABI_PCS_wchar_t
	.eabi_attribute	26, 1	@ Tag_ABI_enum_size
	.eabi_attribute	14, 0	@ Tag_ABI_PCS_R9_use
	.file	"stm32f4xx_ll_exti.c"
	.file	1 "f:\\OwnProject\\CubeMX\\stm32f407_ll_usart_dma\\MDK-ARM" "../Drivers/CMSIS/Device/ST/STM32F4xx/Include\\stm32f4xx.h"
	.file	2 "D:\\ProgramFiles\\KEIL\\ARM\\ARMCLANG\\Bin\\..\\include" "stdint.h"
	.file	3 "f:\\OwnProject\\CubeMX\\stm32f407_ll_usart_dma\\MDK-ARM" "../Drivers/CMSIS/Device/ST/STM32F4xx/Include/stm32f407xx.h"
	.section	.text.LL_EXTI_DeInit,"ax",%progbits
	.hidden	LL_EXTI_DeInit                  @ -- Begin function LL_EXTI_DeInit
	.globl	LL_EXTI_DeInit
	.p2align	2
	.type	LL_EXTI_DeInit,%function
	.code	16                              @ @LL_EXTI_DeInit
	.thumb_func
LL_EXTI_DeInit:
.Lfunc_begin0:
	.file	4 "f:\\OwnProject\\CubeMX\\stm32f407_ll_usart_dma\\MDK-ARM" "../Drivers/STM32F4xx_HAL_Driver/Src/stm32f4xx_ll_exti.c"
	.loc	4 80 0                          @ ../Drivers/STM32F4xx_HAL_Driver/Src/stm32f4xx_ll_exti.c:80:0
	.fnstart
	.cfi_sections .debug_frame
	.cfi_startproc
@ %bb.0:
	movw	r1, #15360
	movt	r1, #16385
	movs	r0, #0
.Ltmp0:
	.loc	4 82 3 prologue_end             @ ../Drivers/STM32F4xx_HAL_Driver/Src/stm32f4xx_ll_exti.c:82:3
	str	r0, [r1]
	.loc	4 84 3                          @ ../Drivers/STM32F4xx_HAL_Driver/Src/stm32f4xx_ll_exti.c:84:3
	str	r0, [r1, #4]
	.loc	4 86 3                          @ ../Drivers/STM32F4xx_HAL_Driver/Src/stm32f4xx_ll_exti.c:86:3
	str	r0, [r1, #8]
	.loc	4 88 3                          @ ../Drivers/STM32F4xx_HAL_Driver/Src/stm32f4xx_ll_exti.c:88:3
	str	r0, [r1, #12]
	.loc	4 90 3                          @ ../Drivers/STM32F4xx_HAL_Driver/Src/stm32f4xx_ll_exti.c:90:3
	str	r0, [r1, #16]
	mvn	r2, #-16777216
	.loc	4 94 3                          @ ../Drivers/STM32F4xx_HAL_Driver/Src/stm32f4xx_ll_exti.c:94:3
	movs	r0, #0
	.loc	4 92 3                          @ ../Drivers/STM32F4xx_HAL_Driver/Src/stm32f4xx_ll_exti.c:92:3
	str	r2, [r1, #20]
	.loc	4 94 3                          @ ../Drivers/STM32F4xx_HAL_Driver/Src/stm32f4xx_ll_exti.c:94:3
	bx	lr
.Ltmp1:
.Lfunc_end0:
	.size	LL_EXTI_DeInit, .Lfunc_end0-LL_EXTI_DeInit
	.cfi_endproc
	.cantunwind
	.fnend
                                        @ -- End function
	.section	.text.LL_EXTI_Init,"ax",%progbits
	.hidden	LL_EXTI_Init                    @ -- Begin function LL_EXTI_Init
	.globl	LL_EXTI_Init
	.p2align	2
	.type	LL_EXTI_Init,%function
	.code	16                              @ @LL_EXTI_Init
	.thumb_func
LL_EXTI_Init:
.Lfunc_begin1:
	.loc	4 105 0                         @ ../Drivers/STM32F4xx_HAL_Driver/Src/stm32f4xx_ll_exti.c:105:0
	.fnstart
	.cfi_startproc
@ %bb.0:
	@DEBUG_VALUE: LL_EXTI_Init:EXTI_InitStruct <- $r0
	.save	{r4, lr}
	push	{r4, lr}
	.cfi_def_cfa_offset 8
	.cfi_offset lr, -4
	.cfi_offset r4, -8
	mov	r4, r0
.Ltmp2:
	@DEBUG_VALUE: LL_EXTI_Init:status <- 0
	@DEBUG_VALUE: LL_EXTI_Init:EXTI_InitStruct <- $r4
	.loc	4 108 3 prologue_end            @ ../Drivers/STM32F4xx_HAL_Driver/Src/stm32f4xx_ll_exti.c:108:3
	ldr	r0, [r0]
	cmp.w	r0, #8388608
	bhs	.LBB1_11
.Ltmp3:
@ %bb.1:
	@DEBUG_VALUE: LL_EXTI_Init:EXTI_InitStruct <- $r4
	@DEBUG_VALUE: LL_EXTI_Init:status <- 0
	.loc	4 109 3                         @ ../Drivers/STM32F4xx_HAL_Driver/Src/stm32f4xx_ll_exti.c:109:3
	ldrb	r0, [r4, #4]
	cmp	r0, #2
	bhs	.LBB1_12
.Ltmp4:
.LBB1_2:
	@DEBUG_VALUE: LL_EXTI_Init:EXTI_InitStruct <- $r4
	@DEBUG_VALUE: LL_EXTI_Init:status <- 0
	.loc	4 110 3                         @ ../Drivers/STM32F4xx_HAL_Driver/Src/stm32f4xx_ll_exti.c:110:3
	ldrb	r0, [r4, #5]
	cmp	r0, #3
	bhs	.LBB1_13
.Ltmp5:
.LBB1_3:
	@DEBUG_VALUE: LL_EXTI_Init:EXTI_InitStruct <- $r4
	@DEBUG_VALUE: LL_EXTI_Init:status <- 0
	.loc	4 113 24                        @ ../Drivers/STM32F4xx_HAL_Driver/Src/stm32f4xx_ll_exti.c:113:24
	ldrb	r0, [r4, #4]
.Ltmp6:
	.loc	4 113 7 is_stmt 0               @ ../Drivers/STM32F4xx_HAL_Driver/Src/stm32f4xx_ll_exti.c:113:7
	cbz	r0, .LBB1_14
.Ltmp7:
.LBB1_4:
	@DEBUG_VALUE: LL_EXTI_Init:EXTI_InitStruct <- $r4
	@DEBUG_VALUE: LL_EXTI_Init:status <- 0
	.loc	4 115 5 is_stmt 1               @ ../Drivers/STM32F4xx_HAL_Driver/Src/stm32f4xx_ll_exti.c:115:5
	ldrb	r0, [r4, #6]
	cmp	r0, #4
	blo	.LBB1_6
.Ltmp8:
@ %bb.5:
	@DEBUG_VALUE: LL_EXTI_Init:EXTI_InitStruct <- $r4
	@DEBUG_VALUE: LL_EXTI_Init:status <- 0
	movw	r0, :lower16:.L.str
	movt	r0, :upper16:.L.str
	movs	r1, #115
	bl	assert_failed
.Ltmp9:
.LBB1_6:
	@DEBUG_VALUE: LL_EXTI_Init:EXTI_InitStruct <- $r4
	@DEBUG_VALUE: LL_EXTI_Init:status <- 0
	.loc	4 118 26                        @ ../Drivers/STM32F4xx_HAL_Driver/Src/stm32f4xx_ll_exti.c:118:26
	ldr	r1, [r4]
.Ltmp10:
	.loc	4 118 9 is_stmt 0               @ ../Drivers/STM32F4xx_HAL_Driver/Src/stm32f4xx_ll_exti.c:118:9
	cmp	r1, #0
	beq	.LBB1_16
.Ltmp11:
@ %bb.7:
	@DEBUG_VALUE: LL_EXTI_Init:EXTI_InitStruct <- $r4
	@DEBUG_VALUE: LL_EXTI_Init:status <- 0
	.loc	4 120 32 is_stmt 1              @ ../Drivers/STM32F4xx_HAL_Driver/Src/stm32f4xx_ll_exti.c:120:32
	ldrb	r0, [r4, #5]
	movw	r2, #15360
	.loc	4 120 7 is_stmt 0               @ ../Drivers/STM32F4xx_HAL_Driver/Src/stm32f4xx_ll_exti.c:120:7
	cmp	r0, #2
	movt	r2, #16385
	beq	.LBB1_17
.Ltmp12:
@ %bb.8:
	@DEBUG_VALUE: LL_EXTI_Init:EXTI_InitStruct <- $r4
	@DEBUG_VALUE: LL_EXTI_Init:status <- 0
	cmp	r0, #1
	beq	.LBB1_18
.Ltmp13:
@ %bb.9:
	@DEBUG_VALUE: LL_EXTI_Init:EXTI_InitStruct <- $r4
	@DEBUG_VALUE: LL_EXTI_Init:status <- 0
	cmp	r0, #0
	bne	.LBB1_25
.Ltmp14:
@ %bb.10:
	@DEBUG_VALUE: LL_EXTI_Init:EXTI_InitStruct <- $r4
	@DEBUG_VALUE: LL_EXTI_Init:status <- 0
	@DEBUG_VALUE: LL_EXTI_DisableEvent_0_31:ExtiLine <- $r1
	.file	5 "f:\\OwnProject\\CubeMX\\stm32f407_ll_usart_dma\\MDK-ARM" "../Drivers/STM32F4xx_HAL_Driver/Inc\\stm32f4xx_ll_exti.h"
	.loc	5 440 3 is_stmt 1               @ ../Drivers/STM32F4xx_HAL_Driver/Inc\stm32f4xx_ll_exti.h:440:3
	ldr	r0, [r2, #4]
	bics	r0, r1
	str	r0, [r2, #4]
.Ltmp15:
	@DEBUG_VALUE: LL_EXTI_EnableIT_0_31:ExtiLine <- $r1
	.loc	5 270 3                         @ ../Drivers/STM32F4xx_HAL_Driver/Inc\stm32f4xx_ll_exti.h:270:3
	ldr	r0, [r2]
	orrs	r0, r1
	str	r0, [r2]
	b	.LBB1_20
.Ltmp16:
	.p2align	2
.LBB1_11:
	@DEBUG_VALUE: LL_EXTI_Init:EXTI_InitStruct <- $r4
	@DEBUG_VALUE: LL_EXTI_Init:status <- 0
	.loc	4 108 3                         @ ../Drivers/STM32F4xx_HAL_Driver/Src/stm32f4xx_ll_exti.c:108:3
	movw	r0, :lower16:.L.str
	movt	r0, :upper16:.L.str
	movs	r1, #108
	bl	assert_failed
.Ltmp17:
	.loc	4 109 3                         @ ../Drivers/STM32F4xx_HAL_Driver/Src/stm32f4xx_ll_exti.c:109:3
	ldrb	r0, [r4, #4]
	cmp	r0, #2
	blo	.LBB1_2
.Ltmp18:
.LBB1_12:
	@DEBUG_VALUE: LL_EXTI_Init:EXTI_InitStruct <- $r4
	@DEBUG_VALUE: LL_EXTI_Init:status <- 0
	movw	r0, :lower16:.L.str
	movt	r0, :upper16:.L.str
	movs	r1, #109
	bl	assert_failed
.Ltmp19:
	.loc	4 110 3                         @ ../Drivers/STM32F4xx_HAL_Driver/Src/stm32f4xx_ll_exti.c:110:3
	ldrb	r0, [r4, #5]
	cmp	r0, #3
	blo	.LBB1_3
.Ltmp20:
.LBB1_13:
	@DEBUG_VALUE: LL_EXTI_Init:EXTI_InitStruct <- $r4
	@DEBUG_VALUE: LL_EXTI_Init:status <- 0
	movw	r0, :lower16:.L.str
	movt	r0, :upper16:.L.str
	movs	r1, #110
	bl	assert_failed
.Ltmp21:
	.loc	4 113 24                        @ ../Drivers/STM32F4xx_HAL_Driver/Src/stm32f4xx_ll_exti.c:113:24
	ldrb	r0, [r4, #4]
.Ltmp22:
	.loc	4 113 7 is_stmt 0               @ ../Drivers/STM32F4xx_HAL_Driver/Src/stm32f4xx_ll_exti.c:113:7
	cmp	r0, #0
	bne	.LBB1_4
.Ltmp23:
.LBB1_14:
	@DEBUG_VALUE: LL_EXTI_Init:EXTI_InitStruct <- $r4
	@DEBUG_VALUE: LL_EXTI_Init:status <- 0
	.loc	4 0 7                           @ ../Drivers/STM32F4xx_HAL_Driver/Src/stm32f4xx_ll_exti.c:0:7
	movw	r1, #15360
	movt	r1, #16385
	@DEBUG_VALUE: LL_EXTI_DisableIT_0_31:ExtiLine <- $r0
.Ltmp24:
	.loc	4 174 45 is_stmt 1              @ ../Drivers/STM32F4xx_HAL_Driver/Src/stm32f4xx_ll_exti.c:174:45
	ldr	r0, [r4]
.Ltmp25:
	.loc	5 311 3                         @ ../Drivers/STM32F4xx_HAL_Driver/Inc\stm32f4xx_ll_exti.h:311:3
	ldr	r2, [r1]
	bics	r2, r0
	str	r2, [r1]
.Ltmp26:
	@DEBUG_VALUE: LL_EXTI_DisableEvent_0_31:ExtiLine <- $r0
	.loc	5 440 3                         @ ../Drivers/STM32F4xx_HAL_Driver/Inc\stm32f4xx_ll_exti.h:440:3
	ldr	r2, [r1, #4]
	bic.w	r0, r2, r0
.Ltmp27:
	str	r0, [r1, #4]
	movs	r0, #0
.Ltmp28:
.LBB1_15:
	@DEBUG_VALUE: LL_EXTI_Init:status <- $r0
	.loc	4 177 3                         @ ../Drivers/STM32F4xx_HAL_Driver/Src/stm32f4xx_ll_exti.c:177:3
	pop	{r4, pc}
.Ltmp29:
	.p2align	2
.LBB1_16:
	@DEBUG_VALUE: LL_EXTI_Init:EXTI_InitStruct <- $r4
	@DEBUG_VALUE: LL_EXTI_Init:status <- 0
	.loc	4 0 3 is_stmt 0                 @ ../Drivers/STM32F4xx_HAL_Driver/Src/stm32f4xx_ll_exti.c:0:3
	movs	r0, #0
.Ltmp30:
	@DEBUG_VALUE: LL_EXTI_Init:status <- $r0
	.loc	4 177 3                         @ ../Drivers/STM32F4xx_HAL_Driver/Src/stm32f4xx_ll_exti.c:177:3
	pop	{r4, pc}
.Ltmp31:
	.p2align	2
.LBB1_17:
	@DEBUG_VALUE: LL_EXTI_Init:EXTI_InitStruct <- $r4
	@DEBUG_VALUE: LL_EXTI_Init:status <- 0
	@DEBUG_VALUE: LL_EXTI_EnableIT_0_31:ExtiLine <- $r1
	.loc	5 270 3 is_stmt 1               @ ../Drivers/STM32F4xx_HAL_Driver/Inc\stm32f4xx_ll_exti.h:270:3
	ldr	r0, [r2]
	orrs	r0, r1
	b	.LBB1_19
.Ltmp32:
	.p2align	2
.LBB1_18:
	@DEBUG_VALUE: LL_EXTI_Init:EXTI_InitStruct <- $r4
	@DEBUG_VALUE: LL_EXTI_Init:status <- 0
	@DEBUG_VALUE: LL_EXTI_DisableIT_0_31:ExtiLine <- $r1
	.loc	5 311 3                         @ ../Drivers/STM32F4xx_HAL_Driver/Inc\stm32f4xx_ll_exti.h:311:3
	ldr	r0, [r2]
	bics	r0, r1
.Ltmp33:
.LBB1_19:
	@DEBUG_VALUE: LL_EXTI_Init:EXTI_InitStruct <- $r4
	@DEBUG_VALUE: LL_EXTI_Init:status <- 0
	.loc	4 0 0 is_stmt 0                 @ ../Drivers/STM32F4xx_HAL_Driver/Src/stm32f4xx_ll_exti.c:0:0
	str	r0, [r2]
.Ltmp34:
	@DEBUG_VALUE: LL_EXTI_EnableEvent_0_31:ExtiLine <- $r1
	ldr	r0, [r2, #4]
	orrs	r0, r1
	str	r0, [r2, #4]
.Ltmp35:
.LBB1_20:
	@DEBUG_VALUE: LL_EXTI_Init:EXTI_InitStruct <- $r4
	@DEBUG_VALUE: LL_EXTI_Init:status <- 0
	movs	r0, #0
.Ltmp36:
	@DEBUG_VALUE: LL_EXTI_Init:status <- $r0
	.loc	4 143 28 is_stmt 1              @ ../Drivers/STM32F4xx_HAL_Driver/Src/stm32f4xx_ll_exti.c:143:28
	ldrb	r3, [r4, #6]
.Ltmp37:
	.loc	4 143 11 is_stmt 0              @ ../Drivers/STM32F4xx_HAL_Driver/Src/stm32f4xx_ll_exti.c:143:11
	cmp	r3, #3
	bhi	.LBB1_26
.Ltmp38:
.LBB1_21:
	@DEBUG_VALUE: LL_EXTI_Init:status <- $r0
	@DEBUG_VALUE: LL_EXTI_Init:EXTI_InitStruct <- $r4
	@DEBUG_VALUE: LL_EXTI_Init:EXTI_InitStruct <- [DW_OP_LLVM_entry_value 1] $r0
	.loc	4 0 11                          @ ../Drivers/STM32F4xx_HAL_Driver/Src/stm32f4xx_ll_exti.c:0:11
.LCPI1_0:
	tbb	[pc, r3]
.Ltmp39:
@ %bb.22:
.LJTI1_0:
	.byte	(.LBB1_23-(.LCPI1_0+4))/2
	.byte	(.LBB1_24-(.LCPI1_0+4))/2
	.byte	(.LBB1_27-(.LCPI1_0+4))/2
	.byte	(.LBB1_28-(.LCPI1_0+4))/2
	.p2align	1
	.p2align	2
.LBB1_23:
	b	.LBB1_15
	.p2align	2
.LBB1_24:
.Ltmp40:
	@DEBUG_VALUE: LL_EXTI_Init:EXTI_InitStruct <- [DW_OP_LLVM_entry_value 1] $r0
	@DEBUG_VALUE: LL_EXTI_Init:status <- $r0
	@DEBUG_VALUE: LL_EXTI_DisableFallingTrig_0_31:ExtiLine <- $r1
	.loc	5 705 3 is_stmt 1               @ ../Drivers/STM32F4xx_HAL_Driver/Inc\stm32f4xx_ll_exti.h:705:3
	ldr	r3, [r2, #12]
	bics	r3, r1
	str	r3, [r2, #12]
.Ltmp41:
	@DEBUG_VALUE: LL_EXTI_EnableRisingTrig_0_31:ExtiLine <- $r1
	.loc	5 531 3                         @ ../Drivers/STM32F4xx_HAL_Driver/Inc\stm32f4xx_ll_exti.h:531:3
	ldr	r3, [r2, #8]
	orrs	r1, r3
.Ltmp42:
	str	r1, [r2, #8]
.Ltmp43:
	@DEBUG_VALUE: LL_EXTI_Init:status <- $r0
	.loc	4 177 3                         @ ../Drivers/STM32F4xx_HAL_Driver/Src/stm32f4xx_ll_exti.c:177:3
	pop	{r4, pc}
.Ltmp44:
	.p2align	2
.LBB1_25:
	@DEBUG_VALUE: LL_EXTI_Init:EXTI_InitStruct <- $r4
	@DEBUG_VALUE: LL_EXTI_Init:status <- 0
	.loc	4 0 3 is_stmt 0                 @ ../Drivers/STM32F4xx_HAL_Driver/Src/stm32f4xx_ll_exti.c:0:3
	movs	r0, #1
.Ltmp45:
	@DEBUG_VALUE: LL_EXTI_Init:status <- $r0
	.loc	4 143 28 is_stmt 1              @ ../Drivers/STM32F4xx_HAL_Driver/Src/stm32f4xx_ll_exti.c:143:28
	ldrb	r3, [r4, #6]
.Ltmp46:
	.loc	4 143 11 is_stmt 0              @ ../Drivers/STM32F4xx_HAL_Driver/Src/stm32f4xx_ll_exti.c:143:11
	cmp	r3, #3
	bls	.LBB1_21
.Ltmp47:
.LBB1_26:
	@DEBUG_VALUE: LL_EXTI_Init:status <- $r0
	@DEBUG_VALUE: LL_EXTI_Init:EXTI_InitStruct <- $r4
	.loc	4 0 11                          @ ../Drivers/STM32F4xx_HAL_Driver/Src/stm32f4xx_ll_exti.c:0:11
	movs	r0, #1
.Ltmp48:
	@DEBUG_VALUE: LL_EXTI_Init:status <- 1
	@DEBUG_VALUE: LL_EXTI_Init:status <- $r0
	.loc	4 177 3 is_stmt 1               @ ../Drivers/STM32F4xx_HAL_Driver/Src/stm32f4xx_ll_exti.c:177:3
	pop	{r4, pc}
.Ltmp49:
	.p2align	2
.LBB1_27:
	@DEBUG_VALUE: LL_EXTI_Init:EXTI_InitStruct <- [DW_OP_LLVM_entry_value 1] $r0
	@DEBUG_VALUE: LL_EXTI_Init:status <- $r0
	@DEBUG_VALUE: LL_EXTI_DisableRisingTrig_0_31:ExtiLine <- $r1
	.loc	5 575 3                         @ ../Drivers/STM32F4xx_HAL_Driver/Inc\stm32f4xx_ll_exti.h:575:3
	ldr	r3, [r2, #8]
	bics	r3, r1
	b	.LBB1_29
.Ltmp50:
	.p2align	2
.LBB1_28:
	@DEBUG_VALUE: LL_EXTI_Init:EXTI_InitStruct <- [DW_OP_LLVM_entry_value 1] $r0
	@DEBUG_VALUE: LL_EXTI_Init:status <- $r0
	@DEBUG_VALUE: LL_EXTI_EnableRisingTrig_0_31:ExtiLine <- $r1
	.loc	5 531 3                         @ ../Drivers/STM32F4xx_HAL_Driver/Inc\stm32f4xx_ll_exti.h:531:3
	ldr	r3, [r2, #8]
	orrs	r3, r1
.Ltmp51:
.LBB1_29:
	@DEBUG_VALUE: LL_EXTI_Init:EXTI_InitStruct <- [DW_OP_LLVM_entry_value 1] $r0
	@DEBUG_VALUE: LL_EXTI_Init:status <- $r0
	.loc	4 0 0 is_stmt 0                 @ ../Drivers/STM32F4xx_HAL_Driver/Src/stm32f4xx_ll_exti.c:0:0
	str	r3, [r2, #8]
.Ltmp52:
	@DEBUG_VALUE: LL_EXTI_EnableFallingTrig_0_31:ExtiLine <- $r1
	ldr	r3, [r2, #12]
	orrs	r1, r3
.Ltmp53:
	str	r1, [r2, #12]
.Ltmp54:
	@DEBUG_VALUE: LL_EXTI_Init:status <- $r0
	.loc	4 177 3 is_stmt 1               @ ../Drivers/STM32F4xx_HAL_Driver/Src/stm32f4xx_ll_exti.c:177:3
	pop	{r4, pc}
.Ltmp55:
.Lfunc_end1:
	.size	LL_EXTI_Init, .Lfunc_end1-LL_EXTI_Init
	.cfi_endproc
	.cantunwind
	.fnend
                                        @ -- End function
	.section	.text.LL_EXTI_StructInit,"ax",%progbits
	.hidden	LL_EXTI_StructInit              @ -- Begin function LL_EXTI_StructInit
	.globl	LL_EXTI_StructInit
	.p2align	2
	.type	LL_EXTI_StructInit,%function
	.code	16                              @ @LL_EXTI_StructInit
	.thumb_func
LL_EXTI_StructInit:
.Lfunc_begin2:
	.loc	4 186 0                         @ ../Drivers/STM32F4xx_HAL_Driver/Src/stm32f4xx_ll_exti.c:186:0
	.fnstart
	.cfi_startproc
@ %bb.0:
	@DEBUG_VALUE: LL_EXTI_StructInit:EXTI_InitStruct <- $r0
	movs	r1, #0
.Ltmp56:
	.loc	4 187 35 prologue_end           @ ../Drivers/STM32F4xx_HAL_Driver/Src/stm32f4xx_ll_exti.c:187:35
	str	r1, [r0]
	.loc	4 188 35                        @ ../Drivers/STM32F4xx_HAL_Driver/Src/stm32f4xx_ll_exti.c:188:35
	strh	r1, [r0, #4]
	movs	r1, #2
	.loc	4 190 35                        @ ../Drivers/STM32F4xx_HAL_Driver/Src/stm32f4xx_ll_exti.c:190:35
	strb	r1, [r0, #6]
	.loc	4 191 1                         @ ../Drivers/STM32F4xx_HAL_Driver/Src/stm32f4xx_ll_exti.c:191:1
	bx	lr
.Ltmp57:
.Lfunc_end2:
	.size	LL_EXTI_StructInit, .Lfunc_end2-LL_EXTI_StructInit
	.cfi_endproc
	.cantunwind
	.fnend
                                        @ -- End function
	.type	.L.str,%object                  @ @.str
	.section	.rodata.str1.1,"aMS",%progbits,1
.L.str:
	.asciz	"../Drivers/STM32F4xx_HAL_Driver/Src/stm32f4xx_ll_exti.c"
	.size	.L.str, 56

	.section	.debug_loc,"",%progbits
.Ldebug_loc0:
	.long	-1
	.long	.Lfunc_begin1                   @   base address
	.long	.Lfunc_begin1-.Lfunc_begin1
	.long	.Ltmp2-.Lfunc_begin1
	.short	1                               @ Loc expr size
	.byte	80                              @ DW_OP_reg0
	.long	.Ltmp2-.Lfunc_begin1
	.long	.Ltmp28-.Lfunc_begin1
	.short	1                               @ Loc expr size
	.byte	84                              @ DW_OP_reg4
	.long	.Ltmp29-.Lfunc_begin1
	.long	.Ltmp38-.Lfunc_begin1
	.short	1                               @ Loc expr size
	.byte	84                              @ DW_OP_reg4
	.long	.Ltmp38-.Lfunc_begin1
	.long	.Ltmp39-.Lfunc_begin1
	.short	4                               @ Loc expr size
	.byte	243                             @ DW_OP_GNU_entry_value
	.byte	1                               @ 1
	.byte	80                              @ DW_OP_reg0
	.byte	159                             @ DW_OP_stack_value
	.long	.Ltmp40-.Lfunc_begin1
	.long	.Ltmp44-.Lfunc_begin1
	.short	4                               @ Loc expr size
	.byte	243                             @ DW_OP_GNU_entry_value
	.byte	1                               @ 1
	.byte	80                              @ DW_OP_reg0
	.byte	159                             @ DW_OP_stack_value
	.long	.Ltmp44-.Lfunc_begin1
	.long	.Ltmp49-.Lfunc_begin1
	.short	1                               @ Loc expr size
	.byte	84                              @ DW_OP_reg4
	.long	.Ltmp49-.Lfunc_begin1
	.long	.Lfunc_end1-.Lfunc_begin1
	.short	4                               @ Loc expr size
	.byte	243                             @ DW_OP_GNU_entry_value
	.byte	1                               @ 1
	.byte	80                              @ DW_OP_reg0
	.byte	159                             @ DW_OP_stack_value
	.long	0
	.long	0
.Ldebug_loc1:
	.long	-1
	.long	.Lfunc_begin1                   @   base address
	.long	.Ltmp2-.Lfunc_begin1
	.long	.Ltmp28-.Lfunc_begin1
	.short	2                               @ Loc expr size
	.byte	48                              @ DW_OP_lit0
	.byte	159                             @ DW_OP_stack_value
	.long	.Ltmp28-.Lfunc_begin1
	.long	.Ltmp29-.Lfunc_begin1
	.short	1                               @ Loc expr size
	.byte	80                              @ DW_OP_reg0
	.long	.Ltmp29-.Lfunc_begin1
	.long	.Ltmp30-.Lfunc_begin1
	.short	2                               @ Loc expr size
	.byte	48                              @ DW_OP_lit0
	.byte	159                             @ DW_OP_stack_value
	.long	.Ltmp30-.Lfunc_begin1
	.long	.Ltmp31-.Lfunc_begin1
	.short	1                               @ Loc expr size
	.byte	80                              @ DW_OP_reg0
	.long	.Ltmp31-.Lfunc_begin1
	.long	.Ltmp36-.Lfunc_begin1
	.short	2                               @ Loc expr size
	.byte	48                              @ DW_OP_lit0
	.byte	159                             @ DW_OP_stack_value
	.long	.Ltmp36-.Lfunc_begin1
	.long	.Ltmp39-.Lfunc_begin1
	.short	1                               @ Loc expr size
	.byte	80                              @ DW_OP_reg0
	.long	.Ltmp40-.Lfunc_begin1
	.long	.Ltmp44-.Lfunc_begin1
	.short	1                               @ Loc expr size
	.byte	80                              @ DW_OP_reg0
	.long	.Ltmp44-.Lfunc_begin1
	.long	.Ltmp45-.Lfunc_begin1
	.short	2                               @ Loc expr size
	.byte	48                              @ DW_OP_lit0
	.byte	159                             @ DW_OP_stack_value
	.long	.Ltmp45-.Lfunc_begin1
	.long	.Lfunc_end1-.Lfunc_begin1
	.short	1                               @ Loc expr size
	.byte	80                              @ DW_OP_reg0
	.long	0
	.long	0
.Ldebug_loc2:
	.long	-1
	.long	.Lfunc_begin1                   @   base address
	.long	.Ltmp26-.Lfunc_begin1
	.long	.Ltmp27-.Lfunc_begin1
	.short	1                               @ Loc expr size
	.byte	80                              @ DW_OP_reg0
	.long	0
	.long	0
.Ldebug_loc3:
	.long	-1
	.long	.Lfunc_begin1                   @   base address
	.long	.Ltmp41-.Lfunc_begin1
	.long	.Ltmp42-.Lfunc_begin1
	.short	1                               @ Loc expr size
	.byte	81                              @ DW_OP_reg1
	.long	0
	.long	0
	.section	.debug_abbrev,"",%progbits
	.byte	1                               @ Abbreviation Code
	.byte	17                              @ DW_TAG_compile_unit
	.byte	1                               @ DW_CHILDREN_yes
	.byte	37                              @ DW_AT_producer
	.byte	14                              @ DW_FORM_strp
	.byte	19                              @ DW_AT_language
	.byte	5                               @ DW_FORM_data2
	.byte	3                               @ DW_AT_name
	.byte	14                              @ DW_FORM_strp
	.byte	16                              @ DW_AT_stmt_list
	.byte	23                              @ DW_FORM_sec_offset
	.byte	27                              @ DW_AT_comp_dir
	.byte	14                              @ DW_FORM_strp
	.byte	17                              @ DW_AT_low_pc
	.byte	1                               @ DW_FORM_addr
	.byte	85                              @ DW_AT_ranges
	.byte	23                              @ DW_FORM_sec_offset
	.byte	0                               @ EOM(1)
	.byte	0                               @ EOM(2)
	.byte	2                               @ Abbreviation Code
	.byte	4                               @ DW_TAG_enumeration_type
	.byte	1                               @ DW_CHILDREN_yes
	.byte	73                              @ DW_AT_type
	.byte	19                              @ DW_FORM_ref4
	.byte	11                              @ DW_AT_byte_size
	.byte	11                              @ DW_FORM_data1
	.byte	58                              @ DW_AT_decl_file
	.byte	11                              @ DW_FORM_data1
	.byte	59                              @ DW_AT_decl_line
	.byte	11                              @ DW_FORM_data1
	.byte	0                               @ EOM(1)
	.byte	0                               @ EOM(2)
	.byte	3                               @ Abbreviation Code
	.byte	40                              @ DW_TAG_enumerator
	.byte	0                               @ DW_CHILDREN_no
	.byte	3                               @ DW_AT_name
	.byte	14                              @ DW_FORM_strp
	.byte	28                              @ DW_AT_const_value
	.byte	15                              @ DW_FORM_udata
	.byte	0                               @ EOM(1)
	.byte	0                               @ EOM(2)
	.byte	4                               @ Abbreviation Code
	.byte	36                              @ DW_TAG_base_type
	.byte	0                               @ DW_CHILDREN_no
	.byte	3                               @ DW_AT_name
	.byte	14                              @ DW_FORM_strp
	.byte	62                              @ DW_AT_encoding
	.byte	11                              @ DW_FORM_data1
	.byte	11                              @ DW_AT_byte_size
	.byte	11                              @ DW_FORM_data1
	.byte	0                               @ EOM(1)
	.byte	0                               @ EOM(2)
	.byte	5                               @ Abbreviation Code
	.byte	15                              @ DW_TAG_pointer_type
	.byte	0                               @ DW_CHILDREN_no
	.byte	73                              @ DW_AT_type
	.byte	19                              @ DW_FORM_ref4
	.byte	0                               @ EOM(1)
	.byte	0                               @ EOM(2)
	.byte	6                               @ Abbreviation Code
	.byte	22                              @ DW_TAG_typedef
	.byte	0                               @ DW_CHILDREN_no
	.byte	73                              @ DW_AT_type
	.byte	19                              @ DW_FORM_ref4
	.byte	3                               @ DW_AT_name
	.byte	14                              @ DW_FORM_strp
	.byte	58                              @ DW_AT_decl_file
	.byte	11                              @ DW_FORM_data1
	.byte	59                              @ DW_AT_decl_line
	.byte	5                               @ DW_FORM_data2
	.byte	0                               @ EOM(1)
	.byte	0                               @ EOM(2)
	.byte	7                               @ Abbreviation Code
	.byte	19                              @ DW_TAG_structure_type
	.byte	1                               @ DW_CHILDREN_yes
	.byte	11                              @ DW_AT_byte_size
	.byte	11                              @ DW_FORM_data1
	.byte	58                              @ DW_AT_decl_file
	.byte	11                              @ DW_FORM_data1
	.byte	59                              @ DW_AT_decl_line
	.byte	5                               @ DW_FORM_data2
	.byte	0                               @ EOM(1)
	.byte	0                               @ EOM(2)
	.byte	8                               @ Abbreviation Code
	.byte	13                              @ DW_TAG_member
	.byte	0                               @ DW_CHILDREN_no
	.byte	3                               @ DW_AT_name
	.byte	14                              @ DW_FORM_strp
	.byte	73                              @ DW_AT_type
	.byte	19                              @ DW_FORM_ref4
	.byte	58                              @ DW_AT_decl_file
	.byte	11                              @ DW_FORM_data1
	.byte	59                              @ DW_AT_decl_line
	.byte	5                               @ DW_FORM_data2
	.byte	56                              @ DW_AT_data_member_location
	.byte	11                              @ DW_FORM_data1
	.byte	0                               @ EOM(1)
	.byte	0                               @ EOM(2)
	.byte	9                               @ Abbreviation Code
	.byte	53                              @ DW_TAG_volatile_type
	.byte	0                               @ DW_CHILDREN_no
	.byte	73                              @ DW_AT_type
	.byte	19                              @ DW_FORM_ref4
	.byte	0                               @ EOM(1)
	.byte	0                               @ EOM(2)
	.byte	10                              @ Abbreviation Code
	.byte	22                              @ DW_TAG_typedef
	.byte	0                               @ DW_CHILDREN_no
	.byte	73                              @ DW_AT_type
	.byte	19                              @ DW_FORM_ref4
	.byte	3                               @ DW_AT_name
	.byte	14                              @ DW_FORM_strp
	.byte	58                              @ DW_AT_decl_file
	.byte	11                              @ DW_FORM_data1
	.byte	59                              @ DW_AT_decl_line
	.byte	11                              @ DW_FORM_data1
	.byte	0                               @ EOM(1)
	.byte	0                               @ EOM(2)
	.byte	11                              @ Abbreviation Code
	.byte	46                              @ DW_TAG_subprogram
	.byte	0                               @ DW_CHILDREN_no
	.byte	17                              @ DW_AT_low_pc
	.byte	1                               @ DW_FORM_addr
	.byte	18                              @ DW_AT_high_pc
	.byte	6                               @ DW_FORM_data4
	.byte	64                              @ DW_AT_frame_base
	.byte	24                              @ DW_FORM_exprloc
	.ascii	"\227B"                         @ DW_AT_GNU_all_call_sites
	.byte	25                              @ DW_FORM_flag_present
	.byte	3                               @ DW_AT_name
	.byte	14                              @ DW_FORM_strp
	.byte	58                              @ DW_AT_decl_file
	.byte	11                              @ DW_FORM_data1
	.byte	59                              @ DW_AT_decl_line
	.byte	11                              @ DW_FORM_data1
	.byte	39                              @ DW_AT_prototyped
	.byte	25                              @ DW_FORM_flag_present
	.byte	73                              @ DW_AT_type
	.byte	19                              @ DW_FORM_ref4
	.byte	63                              @ DW_AT_external
	.byte	25                              @ DW_FORM_flag_present
	.byte	0                               @ EOM(1)
	.byte	0                               @ EOM(2)
	.byte	12                              @ Abbreviation Code
	.byte	46                              @ DW_TAG_subprogram
	.byte	1                               @ DW_CHILDREN_yes
	.byte	3                               @ DW_AT_name
	.byte	14                              @ DW_FORM_strp
	.byte	58                              @ DW_AT_decl_file
	.byte	11                              @ DW_FORM_data1
	.byte	59                              @ DW_AT_decl_line
	.byte	5                               @ DW_FORM_data2
	.byte	39                              @ DW_AT_prototyped
	.byte	25                              @ DW_FORM_flag_present
	.byte	32                              @ DW_AT_inline
	.byte	11                              @ DW_FORM_data1
	.byte	0                               @ EOM(1)
	.byte	0                               @ EOM(2)
	.byte	13                              @ Abbreviation Code
	.byte	5                               @ DW_TAG_formal_parameter
	.byte	0                               @ DW_CHILDREN_no
	.byte	3                               @ DW_AT_name
	.byte	14                              @ DW_FORM_strp
	.byte	58                              @ DW_AT_decl_file
	.byte	11                              @ DW_FORM_data1
	.byte	59                              @ DW_AT_decl_line
	.byte	5                               @ DW_FORM_data2
	.byte	73                              @ DW_AT_type
	.byte	19                              @ DW_FORM_ref4
	.byte	0                               @ EOM(1)
	.byte	0                               @ EOM(2)
	.byte	14                              @ Abbreviation Code
	.byte	46                              @ DW_TAG_subprogram
	.byte	1                               @ DW_CHILDREN_yes
	.byte	17                              @ DW_AT_low_pc
	.byte	1                               @ DW_FORM_addr
	.byte	18                              @ DW_AT_high_pc
	.byte	6                               @ DW_FORM_data4
	.byte	64                              @ DW_AT_frame_base
	.byte	24                              @ DW_FORM_exprloc
	.ascii	"\227B"                         @ DW_AT_GNU_all_call_sites
	.byte	25                              @ DW_FORM_flag_present
	.byte	3                               @ DW_AT_name
	.byte	14                              @ DW_FORM_strp
	.byte	58                              @ DW_AT_decl_file
	.byte	11                              @ DW_FORM_data1
	.byte	59                              @ DW_AT_decl_line
	.byte	11                              @ DW_FORM_data1
	.byte	39                              @ DW_AT_prototyped
	.byte	25                              @ DW_FORM_flag_present
	.byte	73                              @ DW_AT_type
	.byte	19                              @ DW_FORM_ref4
	.byte	63                              @ DW_AT_external
	.byte	25                              @ DW_FORM_flag_present
	.byte	0                               @ EOM(1)
	.byte	0                               @ EOM(2)
	.byte	15                              @ Abbreviation Code
	.byte	5                               @ DW_TAG_formal_parameter
	.byte	0                               @ DW_CHILDREN_no
	.byte	2                               @ DW_AT_location
	.byte	23                              @ DW_FORM_sec_offset
	.byte	3                               @ DW_AT_name
	.byte	14                              @ DW_FORM_strp
	.byte	58                              @ DW_AT_decl_file
	.byte	11                              @ DW_FORM_data1
	.byte	59                              @ DW_AT_decl_line
	.byte	11                              @ DW_FORM_data1
	.byte	73                              @ DW_AT_type
	.byte	19                              @ DW_FORM_ref4
	.byte	0                               @ EOM(1)
	.byte	0                               @ EOM(2)
	.byte	16                              @ Abbreviation Code
	.byte	52                              @ DW_TAG_variable
	.byte	0                               @ DW_CHILDREN_no
	.byte	2                               @ DW_AT_location
	.byte	23                              @ DW_FORM_sec_offset
	.byte	3                               @ DW_AT_name
	.byte	14                              @ DW_FORM_strp
	.byte	58                              @ DW_AT_decl_file
	.byte	11                              @ DW_FORM_data1
	.byte	59                              @ DW_AT_decl_line
	.byte	11                              @ DW_FORM_data1
	.byte	73                              @ DW_AT_type
	.byte	19                              @ DW_FORM_ref4
	.byte	0                               @ EOM(1)
	.byte	0                               @ EOM(2)
	.byte	17                              @ Abbreviation Code
	.byte	29                              @ DW_TAG_inlined_subroutine
	.byte	1                               @ DW_CHILDREN_yes
	.byte	49                              @ DW_AT_abstract_origin
	.byte	19                              @ DW_FORM_ref4
	.byte	17                              @ DW_AT_low_pc
	.byte	1                               @ DW_FORM_addr
	.byte	18                              @ DW_AT_high_pc
	.byte	6                               @ DW_FORM_data4
	.byte	88                              @ DW_AT_call_file
	.byte	11                              @ DW_FORM_data1
	.byte	89                              @ DW_AT_call_line
	.byte	11                              @ DW_FORM_data1
	.byte	87                              @ DW_AT_call_column
	.byte	11                              @ DW_FORM_data1
	.byte	0                               @ EOM(1)
	.byte	0                               @ EOM(2)
	.byte	18                              @ Abbreviation Code
	.byte	5                               @ DW_TAG_formal_parameter
	.byte	0                               @ DW_CHILDREN_no
	.byte	2                               @ DW_AT_location
	.byte	24                              @ DW_FORM_exprloc
	.byte	49                              @ DW_AT_abstract_origin
	.byte	19                              @ DW_FORM_ref4
	.byte	0                               @ EOM(1)
	.byte	0                               @ EOM(2)
	.byte	19                              @ Abbreviation Code
	.byte	5                               @ DW_TAG_formal_parameter
	.byte	0                               @ DW_CHILDREN_no
	.byte	2                               @ DW_AT_location
	.byte	23                              @ DW_FORM_sec_offset
	.byte	49                              @ DW_AT_abstract_origin
	.byte	19                              @ DW_FORM_ref4
	.byte	0                               @ EOM(1)
	.byte	0                               @ EOM(2)
	.byte	20                              @ Abbreviation Code
	.byte	29                              @ DW_TAG_inlined_subroutine
	.byte	0                               @ DW_CHILDREN_no
	.byte	49                              @ DW_AT_abstract_origin
	.byte	19                              @ DW_FORM_ref4
	.byte	17                              @ DW_AT_low_pc
	.byte	1                               @ DW_FORM_addr
	.byte	18                              @ DW_AT_high_pc
	.byte	6                               @ DW_FORM_data4
	.byte	88                              @ DW_AT_call_file
	.byte	11                              @ DW_FORM_data1
	.byte	89                              @ DW_AT_call_line
	.byte	11                              @ DW_FORM_data1
	.byte	87                              @ DW_AT_call_column
	.byte	11                              @ DW_FORM_data1
	.byte	0                               @ EOM(1)
	.byte	0                               @ EOM(2)
	.byte	21                              @ Abbreviation Code
	.byte	46                              @ DW_TAG_subprogram
	.byte	1                               @ DW_CHILDREN_yes
	.byte	17                              @ DW_AT_low_pc
	.byte	1                               @ DW_FORM_addr
	.byte	18                              @ DW_AT_high_pc
	.byte	6                               @ DW_FORM_data4
	.byte	64                              @ DW_AT_frame_base
	.byte	24                              @ DW_FORM_exprloc
	.ascii	"\227B"                         @ DW_AT_GNU_all_call_sites
	.byte	25                              @ DW_FORM_flag_present
	.byte	3                               @ DW_AT_name
	.byte	14                              @ DW_FORM_strp
	.byte	58                              @ DW_AT_decl_file
	.byte	11                              @ DW_FORM_data1
	.byte	59                              @ DW_AT_decl_line
	.byte	11                              @ DW_FORM_data1
	.byte	39                              @ DW_AT_prototyped
	.byte	25                              @ DW_FORM_flag_present
	.byte	63                              @ DW_AT_external
	.byte	25                              @ DW_FORM_flag_present
	.byte	0                               @ EOM(1)
	.byte	0                               @ EOM(2)
	.byte	22                              @ Abbreviation Code
	.byte	5                               @ DW_TAG_formal_parameter
	.byte	0                               @ DW_CHILDREN_no
	.byte	2                               @ DW_AT_location
	.byte	24                              @ DW_FORM_exprloc
	.byte	3                               @ DW_AT_name
	.byte	14                              @ DW_FORM_strp
	.byte	58                              @ DW_AT_decl_file
	.byte	11                              @ DW_FORM_data1
	.byte	59                              @ DW_AT_decl_line
	.byte	11                              @ DW_FORM_data1
	.byte	73                              @ DW_AT_type
	.byte	19                              @ DW_FORM_ref4
	.byte	0                               @ EOM(1)
	.byte	0                               @ EOM(2)
	.byte	23                              @ Abbreviation Code
	.byte	19                              @ DW_TAG_structure_type
	.byte	1                               @ DW_CHILDREN_yes
	.byte	11                              @ DW_AT_byte_size
	.byte	11                              @ DW_FORM_data1
	.byte	58                              @ DW_AT_decl_file
	.byte	11                              @ DW_FORM_data1
	.byte	59                              @ DW_AT_decl_line
	.byte	11                              @ DW_FORM_data1
	.byte	0                               @ EOM(1)
	.byte	0                               @ EOM(2)
	.byte	24                              @ Abbreviation Code
	.byte	13                              @ DW_TAG_member
	.byte	0                               @ DW_CHILDREN_no
	.byte	3                               @ DW_AT_name
	.byte	14                              @ DW_FORM_strp
	.byte	73                              @ DW_AT_type
	.byte	19                              @ DW_FORM_ref4
	.byte	58                              @ DW_AT_decl_file
	.byte	11                              @ DW_FORM_data1
	.byte	59                              @ DW_AT_decl_line
	.byte	11                              @ DW_FORM_data1
	.byte	56                              @ DW_AT_data_member_location
	.byte	11                              @ DW_FORM_data1
	.byte	0                               @ EOM(1)
	.byte	0                               @ EOM(2)
	.byte	0                               @ EOM(3)
	.section	.debug_info,"",%progbits
.Lcu_begin0:
	.long	.Ldebug_info_end0-.Ldebug_info_start0 @ Length of Unit
.Ldebug_info_start0:
	.short	4                               @ DWARF version number
	.long	.debug_abbrev                   @ Offset Into Abbrev. Section
	.byte	4                               @ Address Size (in bytes)
	.byte	1                               @ Abbrev [1] 0xb:0x30c DW_TAG_compile_unit
	.long	.Linfo_string0                  @ DW_AT_producer
	.short	12                              @ DW_AT_language
	.long	.Linfo_string1                  @ DW_AT_name
	.long	.Lline_table_start0             @ DW_AT_stmt_list
	.long	.Linfo_string2                  @ DW_AT_comp_dir
	.long	0                               @ DW_AT_low_pc
	.long	.Ldebug_ranges0                 @ DW_AT_ranges
	.byte	2                               @ Abbrev [2] 0x26:0x15 DW_TAG_enumeration_type
	.long	59                              @ DW_AT_type
	.byte	1                               @ DW_AT_byte_size
	.byte	1                               @ DW_AT_decl_file
	.byte	197                             @ DW_AT_decl_line
	.byte	3                               @ Abbrev [3] 0x2e:0x6 DW_TAG_enumerator
	.long	.Linfo_string4                  @ DW_AT_name
	.byte	0                               @ DW_AT_const_value
	.byte	3                               @ Abbrev [3] 0x34:0x6 DW_TAG_enumerator
	.long	.Linfo_string5                  @ DW_AT_name
	.byte	1                               @ DW_AT_const_value
	.byte	0                               @ End Of Children Mark
	.byte	4                               @ Abbrev [4] 0x3b:0x7 DW_TAG_base_type
	.long	.Linfo_string3                  @ DW_AT_name
	.byte	8                               @ DW_AT_encoding
	.byte	1                               @ DW_AT_byte_size
	.byte	2                               @ Abbrev [2] 0x42:0x15 DW_TAG_enumeration_type
	.long	59                              @ DW_AT_type
	.byte	1                               @ DW_AT_byte_size
	.byte	1                               @ DW_AT_decl_file
	.byte	190                             @ DW_AT_decl_line
	.byte	3                               @ Abbrev [3] 0x4a:0x6 DW_TAG_enumerator
	.long	.Linfo_string6                  @ DW_AT_name
	.byte	0                               @ DW_AT_const_value
	.byte	3                               @ Abbrev [3] 0x50:0x6 DW_TAG_enumerator
	.long	.Linfo_string7                  @ DW_AT_name
	.byte	1                               @ DW_AT_const_value
	.byte	0                               @ End Of Children Mark
	.byte	5                               @ Abbrev [5] 0x57:0x5 DW_TAG_pointer_type
	.long	92                              @ DW_AT_type
	.byte	6                               @ Abbrev [6] 0x5c:0xc DW_TAG_typedef
	.long	104                             @ DW_AT_type
	.long	.Linfo_string16                 @ DW_AT_name
	.byte	3                               @ DW_AT_decl_file
	.short	450                             @ DW_AT_decl_line
	.byte	7                               @ Abbrev [7] 0x68:0x54 DW_TAG_structure_type
	.byte	24                              @ DW_AT_byte_size
	.byte	3                               @ DW_AT_decl_file
	.short	442                             @ DW_AT_decl_line
	.byte	8                               @ Abbrev [8] 0x6d:0xd DW_TAG_member
	.long	.Linfo_string8                  @ DW_AT_name
	.long	188                             @ DW_AT_type
	.byte	3                               @ DW_AT_decl_file
	.short	444                             @ DW_AT_decl_line
	.byte	0                               @ DW_AT_data_member_location
	.byte	8                               @ Abbrev [8] 0x7a:0xd DW_TAG_member
	.long	.Linfo_string11                 @ DW_AT_name
	.long	188                             @ DW_AT_type
	.byte	3                               @ DW_AT_decl_file
	.short	445                             @ DW_AT_decl_line
	.byte	4                               @ DW_AT_data_member_location
	.byte	8                               @ Abbrev [8] 0x87:0xd DW_TAG_member
	.long	.Linfo_string12                 @ DW_AT_name
	.long	188                             @ DW_AT_type
	.byte	3                               @ DW_AT_decl_file
	.short	446                             @ DW_AT_decl_line
	.byte	8                               @ DW_AT_data_member_location
	.byte	8                               @ Abbrev [8] 0x94:0xd DW_TAG_member
	.long	.Linfo_string13                 @ DW_AT_name
	.long	188                             @ DW_AT_type
	.byte	3                               @ DW_AT_decl_file
	.short	447                             @ DW_AT_decl_line
	.byte	12                              @ DW_AT_data_member_location
	.byte	8                               @ Abbrev [8] 0xa1:0xd DW_TAG_member
	.long	.Linfo_string14                 @ DW_AT_name
	.long	188                             @ DW_AT_type
	.byte	3                               @ DW_AT_decl_file
	.short	448                             @ DW_AT_decl_line
	.byte	16                              @ DW_AT_data_member_location
	.byte	8                               @ Abbrev [8] 0xae:0xd DW_TAG_member
	.long	.Linfo_string15                 @ DW_AT_name
	.long	188                             @ DW_AT_type
	.byte	3                               @ DW_AT_decl_file
	.short	449                             @ DW_AT_decl_line
	.byte	20                              @ DW_AT_data_member_location
	.byte	0                               @ End Of Children Mark
	.byte	9                               @ Abbrev [9] 0xbc:0x5 DW_TAG_volatile_type
	.long	193                             @ DW_AT_type
	.byte	10                              @ Abbrev [10] 0xc1:0xb DW_TAG_typedef
	.long	204                             @ DW_AT_type
	.long	.Linfo_string10                 @ DW_AT_name
	.byte	2                               @ DW_AT_decl_file
	.byte	64                              @ DW_AT_decl_line
	.byte	4                               @ Abbrev [4] 0xcc:0x7 DW_TAG_base_type
	.long	.Linfo_string9                  @ DW_AT_name
	.byte	7                               @ DW_AT_encoding
	.byte	4                               @ DW_AT_byte_size
	.byte	5                               @ Abbrev [5] 0xd3:0x5 DW_TAG_pointer_type
	.long	216                             @ DW_AT_type
	.byte	10                              @ Abbrev [10] 0xd8:0xb DW_TAG_typedef
	.long	59                              @ DW_AT_type
	.long	.Linfo_string17                 @ DW_AT_name
	.byte	2                               @ DW_AT_decl_file
	.byte	62                              @ DW_AT_decl_line
	.byte	11                              @ Abbrev [11] 0xe3:0x15 DW_TAG_subprogram
	.long	.Lfunc_begin0                   @ DW_AT_low_pc
	.long	.Lfunc_end0-.Lfunc_begin0       @ DW_AT_high_pc
	.byte	1                               @ DW_AT_frame_base
	.byte	93
                                        @ DW_AT_GNU_all_call_sites
	.long	.Linfo_string25                 @ DW_AT_name
	.byte	4                               @ DW_AT_decl_file
	.byte	79                              @ DW_AT_decl_line
                                        @ DW_AT_prototyped
	.long	193                             @ DW_AT_type
                                        @ DW_AT_external
	.byte	12                              @ Abbrev [12] 0xf8:0x16 DW_TAG_subprogram
	.long	.Linfo_string18                 @ DW_AT_name
	.byte	5                               @ DW_AT_decl_file
	.short	438                             @ DW_AT_decl_line
                                        @ DW_AT_prototyped
	.byte	1                               @ DW_AT_inline
	.byte	13                              @ Abbrev [13] 0x101:0xc DW_TAG_formal_parameter
	.long	.Linfo_string19                 @ DW_AT_name
	.byte	5                               @ DW_AT_decl_file
	.short	438                             @ DW_AT_decl_line
	.long	193                             @ DW_AT_type
	.byte	0                               @ End Of Children Mark
	.byte	12                              @ Abbrev [12] 0x10e:0x16 DW_TAG_subprogram
	.long	.Linfo_string20                 @ DW_AT_name
	.byte	5                               @ DW_AT_decl_file
	.short	268                             @ DW_AT_decl_line
                                        @ DW_AT_prototyped
	.byte	1                               @ DW_AT_inline
	.byte	13                              @ Abbrev [13] 0x117:0xc DW_TAG_formal_parameter
	.long	.Linfo_string19                 @ DW_AT_name
	.byte	5                               @ DW_AT_decl_file
	.short	268                             @ DW_AT_decl_line
	.long	193                             @ DW_AT_type
	.byte	0                               @ End Of Children Mark
	.byte	12                              @ Abbrev [12] 0x124:0x16 DW_TAG_subprogram
	.long	.Linfo_string21                 @ DW_AT_name
	.byte	5                               @ DW_AT_decl_file
	.short	309                             @ DW_AT_decl_line
                                        @ DW_AT_prototyped
	.byte	1                               @ DW_AT_inline
	.byte	13                              @ Abbrev [13] 0x12d:0xc DW_TAG_formal_parameter
	.long	.Linfo_string19                 @ DW_AT_name
	.byte	5                               @ DW_AT_decl_file
	.short	309                             @ DW_AT_decl_line
	.long	193                             @ DW_AT_type
	.byte	0                               @ End Of Children Mark
	.byte	12                              @ Abbrev [12] 0x13a:0x16 DW_TAG_subprogram
	.long	.Linfo_string22                 @ DW_AT_name
	.byte	5                               @ DW_AT_decl_file
	.short	703                             @ DW_AT_decl_line
                                        @ DW_AT_prototyped
	.byte	1                               @ DW_AT_inline
	.byte	13                              @ Abbrev [13] 0x143:0xc DW_TAG_formal_parameter
	.long	.Linfo_string19                 @ DW_AT_name
	.byte	5                               @ DW_AT_decl_file
	.short	703                             @ DW_AT_decl_line
	.long	193                             @ DW_AT_type
	.byte	0                               @ End Of Children Mark
	.byte	12                              @ Abbrev [12] 0x150:0x16 DW_TAG_subprogram
	.long	.Linfo_string23                 @ DW_AT_name
	.byte	5                               @ DW_AT_decl_file
	.short	529                             @ DW_AT_decl_line
                                        @ DW_AT_prototyped
	.byte	1                               @ DW_AT_inline
	.byte	13                              @ Abbrev [13] 0x159:0xc DW_TAG_formal_parameter
	.long	.Linfo_string19                 @ DW_AT_name
	.byte	5                               @ DW_AT_decl_file
	.short	529                             @ DW_AT_decl_line
	.long	193                             @ DW_AT_type
	.byte	0                               @ End Of Children Mark
	.byte	12                              @ Abbrev [12] 0x166:0x16 DW_TAG_subprogram
	.long	.Linfo_string24                 @ DW_AT_name
	.byte	5                               @ DW_AT_decl_file
	.short	573                             @ DW_AT_decl_line
                                        @ DW_AT_prototyped
	.byte	1                               @ DW_AT_inline
	.byte	13                              @ Abbrev [13] 0x16f:0xc DW_TAG_formal_parameter
	.long	.Linfo_string19                 @ DW_AT_name
	.byte	5                               @ DW_AT_decl_file
	.short	573                             @ DW_AT_decl_line
	.long	193                             @ DW_AT_type
	.byte	0                               @ End Of Children Mark
	.byte	14                              @ Abbrev [14] 0x17c:0x120 DW_TAG_subprogram
	.long	.Lfunc_begin1                   @ DW_AT_low_pc
	.long	.Lfunc_end1-.Lfunc_begin1       @ DW_AT_high_pc
	.byte	1                               @ DW_AT_frame_base
	.byte	93
                                        @ DW_AT_GNU_all_call_sites
	.long	.Linfo_string26                 @ DW_AT_name
	.byte	4                               @ DW_AT_decl_file
	.byte	104                             @ DW_AT_decl_line
                                        @ DW_AT_prototyped
	.long	193                             @ DW_AT_type
                                        @ DW_AT_external
	.byte	15                              @ Abbrev [15] 0x191:0xf DW_TAG_formal_parameter
	.long	.Ldebug_loc0                    @ DW_AT_location
	.long	.Linfo_string28                 @ DW_AT_name
	.byte	4                               @ DW_AT_decl_file
	.byte	104                             @ DW_AT_decl_line
	.long	699                             @ DW_AT_type
	.byte	16                              @ Abbrev [16] 0x1a0:0xf DW_TAG_variable
	.long	.Ldebug_loc1                    @ DW_AT_location
	.long	.Linfo_string35                 @ DW_AT_name
	.byte	4                               @ DW_AT_decl_file
	.byte	106                             @ DW_AT_decl_line
	.long	779                             @ DW_AT_type
	.byte	17                              @ Abbrev [17] 0x1af:0x18 DW_TAG_inlined_subroutine
	.long	248                             @ DW_AT_abstract_origin
	.long	.Ltmp14                         @ DW_AT_low_pc
	.long	.Ltmp15-.Ltmp14                 @ DW_AT_high_pc
	.byte	4                               @ DW_AT_call_file
	.byte	124                             @ DW_AT_call_line
	.byte	11                              @ DW_AT_call_column
	.byte	18                              @ Abbrev [18] 0x1bf:0x7 DW_TAG_formal_parameter
	.byte	1                               @ DW_AT_location
	.byte	81
	.long	257                             @ DW_AT_abstract_origin
	.byte	0                               @ End Of Children Mark
	.byte	17                              @ Abbrev [17] 0x1c7:0x18 DW_TAG_inlined_subroutine
	.long	270                             @ DW_AT_abstract_origin
	.long	.Ltmp15                         @ DW_AT_low_pc
	.long	.Ltmp16-.Ltmp15                 @ DW_AT_high_pc
	.byte	4                               @ DW_AT_call_file
	.byte	126                             @ DW_AT_call_line
	.byte	11                              @ DW_AT_call_column
	.byte	18                              @ Abbrev [18] 0x1d7:0x7 DW_TAG_formal_parameter
	.byte	1                               @ DW_AT_location
	.byte	81
	.long	279                             @ DW_AT_abstract_origin
	.byte	0                               @ End Of Children Mark
	.byte	17                              @ Abbrev [17] 0x1df:0x18 DW_TAG_inlined_subroutine
	.long	270                             @ DW_AT_abstract_origin
	.long	.Ltmp31                         @ DW_AT_low_pc
	.long	.Ltmp32-.Ltmp31                 @ DW_AT_high_pc
	.byte	4                               @ DW_AT_call_file
	.byte	136                             @ DW_AT_call_line
	.byte	11                              @ DW_AT_call_column
	.byte	18                              @ Abbrev [18] 0x1ef:0x7 DW_TAG_formal_parameter
	.byte	1                               @ DW_AT_location
	.byte	81
	.long	279                             @ DW_AT_abstract_origin
	.byte	0                               @ End Of Children Mark
	.byte	17                              @ Abbrev [17] 0x1f7:0x18 DW_TAG_inlined_subroutine
	.long	292                             @ DW_AT_abstract_origin
	.long	.Ltmp32                         @ DW_AT_low_pc
	.long	.Ltmp33-.Ltmp32                 @ DW_AT_high_pc
	.byte	4                               @ DW_AT_call_file
	.byte	130                             @ DW_AT_call_line
	.byte	11                              @ DW_AT_call_column
	.byte	18                              @ Abbrev [18] 0x207:0x7 DW_TAG_formal_parameter
	.byte	1                               @ DW_AT_location
	.byte	81
	.long	301                             @ DW_AT_abstract_origin
	.byte	0                               @ End Of Children Mark
	.byte	17                              @ Abbrev [17] 0x20f:0x18 DW_TAG_inlined_subroutine
	.long	314                             @ DW_AT_abstract_origin
	.long	.Ltmp40                         @ DW_AT_low_pc
	.long	.Ltmp41-.Ltmp40                 @ DW_AT_high_pc
	.byte	4                               @ DW_AT_call_file
	.byte	149                             @ DW_AT_call_line
	.byte	13                              @ DW_AT_call_column
	.byte	18                              @ Abbrev [18] 0x21f:0x7 DW_TAG_formal_parameter
	.byte	1                               @ DW_AT_location
	.byte	81
	.long	323                             @ DW_AT_abstract_origin
	.byte	0                               @ End Of Children Mark
	.byte	17                              @ Abbrev [17] 0x227:0x1a DW_TAG_inlined_subroutine
	.long	336                             @ DW_AT_abstract_origin
	.long	.Ltmp41                         @ DW_AT_low_pc
	.long	.Ltmp43-.Ltmp41                 @ DW_AT_high_pc
	.byte	4                               @ DW_AT_call_file
	.byte	151                             @ DW_AT_call_line
	.byte	13                              @ DW_AT_call_column
	.byte	19                              @ Abbrev [19] 0x237:0x9 DW_TAG_formal_parameter
	.long	.Ldebug_loc3                    @ DW_AT_location
	.long	345                             @ DW_AT_abstract_origin
	.byte	0                               @ End Of Children Mark
	.byte	17                              @ Abbrev [17] 0x241:0x18 DW_TAG_inlined_subroutine
	.long	358                             @ DW_AT_abstract_origin
	.long	.Ltmp49                         @ DW_AT_low_pc
	.long	.Ltmp50-.Ltmp49                 @ DW_AT_high_pc
	.byte	4                               @ DW_AT_call_file
	.byte	155                             @ DW_AT_call_line
	.byte	13                              @ DW_AT_call_column
	.byte	18                              @ Abbrev [18] 0x251:0x7 DW_TAG_formal_parameter
	.byte	1                               @ DW_AT_location
	.byte	81
	.long	367                             @ DW_AT_abstract_origin
	.byte	0                               @ End Of Children Mark
	.byte	17                              @ Abbrev [17] 0x259:0x18 DW_TAG_inlined_subroutine
	.long	336                             @ DW_AT_abstract_origin
	.long	.Ltmp50                         @ DW_AT_low_pc
	.long	.Ltmp51-.Ltmp50                 @ DW_AT_high_pc
	.byte	4                               @ DW_AT_call_file
	.byte	160                             @ DW_AT_call_line
	.byte	13                              @ DW_AT_call_column
	.byte	18                              @ Abbrev [18] 0x269:0x7 DW_TAG_formal_parameter
	.byte	1                               @ DW_AT_location
	.byte	81
	.long	345                             @ DW_AT_abstract_origin
	.byte	0                               @ End Of Children Mark
	.byte	20                              @ Abbrev [20] 0x271:0x10 DW_TAG_inlined_subroutine
	.long	292                             @ DW_AT_abstract_origin
	.long	.Ltmp25                         @ DW_AT_low_pc
	.long	.Ltmp26-.Ltmp25                 @ DW_AT_high_pc
	.byte	4                               @ DW_AT_call_file
	.byte	174                             @ DW_AT_call_line
	.byte	5                               @ DW_AT_call_column
	.byte	17                              @ Abbrev [17] 0x281:0x1a DW_TAG_inlined_subroutine
	.long	248                             @ DW_AT_abstract_origin
	.long	.Ltmp26                         @ DW_AT_low_pc
	.long	.Ltmp28-.Ltmp26                 @ DW_AT_high_pc
	.byte	4                               @ DW_AT_call_file
	.byte	175                             @ DW_AT_call_line
	.byte	5                               @ DW_AT_call_column
	.byte	19                              @ Abbrev [19] 0x291:0x9 DW_TAG_formal_parameter
	.long	.Ldebug_loc2                    @ DW_AT_location
	.long	257                             @ DW_AT_abstract_origin
	.byte	0                               @ End Of Children Mark
	.byte	0                               @ End Of Children Mark
	.byte	21                              @ Abbrev [21] 0x29c:0x1f DW_TAG_subprogram
	.long	.Lfunc_begin2                   @ DW_AT_low_pc
	.long	.Lfunc_end2-.Lfunc_begin2       @ DW_AT_high_pc
	.byte	1                               @ DW_AT_frame_base
	.byte	93
                                        @ DW_AT_GNU_all_call_sites
	.long	.Linfo_string27                 @ DW_AT_name
	.byte	4                               @ DW_AT_decl_file
	.byte	185                             @ DW_AT_decl_line
                                        @ DW_AT_prototyped
                                        @ DW_AT_external
	.byte	22                              @ Abbrev [22] 0x2ad:0xd DW_TAG_formal_parameter
	.byte	1                               @ DW_AT_location
	.byte	80
	.long	.Linfo_string28                 @ DW_AT_name
	.byte	4                               @ DW_AT_decl_file
	.byte	185                             @ DW_AT_decl_line
	.long	699                             @ DW_AT_type
	.byte	0                               @ End Of Children Mark
	.byte	5                               @ Abbrev [5] 0x2bb:0x5 DW_TAG_pointer_type
	.long	704                             @ DW_AT_type
	.byte	10                              @ Abbrev [10] 0x2c0:0xb DW_TAG_typedef
	.long	715                             @ DW_AT_type
	.long	.Linfo_string34                 @ DW_AT_name
	.byte	5                               @ DW_AT_decl_file
	.byte	71                              @ DW_AT_decl_line
	.byte	23                              @ Abbrev [23] 0x2cb:0x35 DW_TAG_structure_type
	.byte	8                               @ DW_AT_byte_size
	.byte	5                               @ DW_AT_decl_file
	.byte	57                              @ DW_AT_decl_line
	.byte	24                              @ Abbrev [24] 0x2cf:0xc DW_TAG_member
	.long	.Linfo_string29                 @ DW_AT_name
	.long	193                             @ DW_AT_type
	.byte	5                               @ DW_AT_decl_file
	.byte	60                              @ DW_AT_decl_line
	.byte	0                               @ DW_AT_data_member_location
	.byte	24                              @ Abbrev [24] 0x2db:0xc DW_TAG_member
	.long	.Linfo_string30                 @ DW_AT_name
	.long	768                             @ DW_AT_type
	.byte	5                               @ DW_AT_decl_file
	.byte	63                              @ DW_AT_decl_line
	.byte	4                               @ DW_AT_data_member_location
	.byte	24                              @ Abbrev [24] 0x2e7:0xc DW_TAG_member
	.long	.Linfo_string32                 @ DW_AT_name
	.long	216                             @ DW_AT_type
	.byte	5                               @ DW_AT_decl_file
	.byte	66                              @ DW_AT_decl_line
	.byte	5                               @ DW_AT_data_member_location
	.byte	24                              @ Abbrev [24] 0x2f3:0xc DW_TAG_member
	.long	.Linfo_string33                 @ DW_AT_name
	.long	216                             @ DW_AT_type
	.byte	5                               @ DW_AT_decl_file
	.byte	69                              @ DW_AT_decl_line
	.byte	6                               @ DW_AT_data_member_location
	.byte	0                               @ End Of Children Mark
	.byte	10                              @ Abbrev [10] 0x300:0xb DW_TAG_typedef
	.long	66                              @ DW_AT_type
	.long	.Linfo_string31                 @ DW_AT_name
	.byte	1                               @ DW_AT_decl_file
	.byte	194                             @ DW_AT_decl_line
	.byte	10                              @ Abbrev [10] 0x30b:0xb DW_TAG_typedef
	.long	38                              @ DW_AT_type
	.long	.Linfo_string36                 @ DW_AT_name
	.byte	1                               @ DW_AT_decl_file
	.byte	201                             @ DW_AT_decl_line
	.byte	0                               @ End Of Children Mark
.Ldebug_info_end0:
	.section	.debug_ranges,"",%progbits
.Ldebug_ranges0:
	.long	.Lfunc_begin0
	.long	.Lfunc_end0
	.long	.Lfunc_begin1
	.long	.Lfunc_end1
	.long	.Lfunc_begin2
	.long	.Lfunc_end2
	.long	0
	.long	0
	.section	.debug_str,"MS",%progbits,1
.Linfo_string0:
	.asciz	"Component: Arm Compiler for Embedded 6.18 Tool: armclang [5e4cca00]" @ string offset=0
.Linfo_string1:
	.asciz	"../Drivers/STM32F4xx_HAL_Driver/Src\\stm32f4xx_ll_exti.c" @ string offset=68
.Linfo_string2:
	.asciz	"f:\\OwnProject\\CubeMX\\stm32f407_ll_usart_dma\\MDK-ARM" @ string offset=124
.Linfo_string3:
	.asciz	"unsigned char"                 @ string offset=176
.Linfo_string4:
	.asciz	"SUCCESS"                       @ string offset=190
.Linfo_string5:
	.asciz	"ERROR"                         @ string offset=198
.Linfo_string6:
	.asciz	"DISABLE"                       @ string offset=204
.Linfo_string7:
	.asciz	"ENABLE"                        @ string offset=212
.Linfo_string8:
	.asciz	"IMR"                           @ string offset=219
.Linfo_string9:
	.asciz	"unsigned int"                  @ string offset=223
.Linfo_string10:
	.asciz	"uint32_t"                      @ string offset=236
.Linfo_string11:
	.asciz	"EMR"                           @ string offset=245
.Linfo_string12:
	.asciz	"RTSR"                          @ string offset=249
.Linfo_string13:
	.asciz	"FTSR"                          @ string offset=254
.Linfo_string14:
	.asciz	"SWIER"                         @ string offset=259
.Linfo_string15:
	.asciz	"PR"                            @ string offset=265
.Linfo_string16:
	.asciz	"EXTI_TypeDef"                  @ string offset=268
.Linfo_string17:
	.asciz	"uint8_t"                       @ string offset=281
.Linfo_string18:
	.asciz	"LL_EXTI_DisableEvent_0_31"     @ string offset=289
.Linfo_string19:
	.asciz	"ExtiLine"                      @ string offset=315
.Linfo_string20:
	.asciz	"LL_EXTI_EnableIT_0_31"         @ string offset=324
.Linfo_string21:
	.asciz	"LL_EXTI_DisableIT_0_31"        @ string offset=346
.Linfo_string22:
	.asciz	"LL_EXTI_DisableFallingTrig_0_31" @ string offset=369
.Linfo_string23:
	.asciz	"LL_EXTI_EnableRisingTrig_0_31" @ string offset=401
.Linfo_string24:
	.asciz	"LL_EXTI_DisableRisingTrig_0_31" @ string offset=431
.Linfo_string25:
	.asciz	"LL_EXTI_DeInit"                @ string offset=462
.Linfo_string26:
	.asciz	"LL_EXTI_Init"                  @ string offset=477
.Linfo_string27:
	.asciz	"LL_EXTI_StructInit"            @ string offset=490
.Linfo_string28:
	.asciz	"EXTI_InitStruct"               @ string offset=509
.Linfo_string29:
	.asciz	"Line_0_31"                     @ string offset=525
.Linfo_string30:
	.asciz	"LineCommand"                   @ string offset=535
.Linfo_string31:
	.asciz	"FunctionalState"               @ string offset=547
.Linfo_string32:
	.asciz	"Mode"                          @ string offset=563
.Linfo_string33:
	.asciz	"Trigger"                       @ string offset=568
.Linfo_string34:
	.asciz	"LL_EXTI_InitTypeDef"           @ string offset=576
.Linfo_string35:
	.asciz	"status"                        @ string offset=596
.Linfo_string36:
	.asciz	"ErrorStatus"                   @ string offset=603
	.ident	"Component: Arm Compiler for Embedded 6.18 Tool: armclang [5e4cca00]"
	.section	".note.GNU-stack","",%progbits
	.eabi_attribute	30, 2	@ Tag_ABI_optimization_goals
	.ARM_attribute	16, 1	@ Tag_AV_eba
	.section	.debug_line,"",%progbits
.Lline_table_start0:
