Component: Arm Compiler for Embedded 6.18 Tool: armlink [5e4cc100]

==============================================================================

Section Cross References

    main.o(.text.main) refers to main.o(.text.SystemClock_Config) for SystemClock_Config
    main.o(.text.main) refers to gpio.o(.text.MX_GPIO_Init) for MX_GPIO_Init
    main.o(.text.main) refers to usart.o(.text.MX_USART1_UART_Init) for MX_USART1_UART_Init
    main.o(.text.main) refers to dwt_delay.o(.text.dwt_init) for dwt_init
    main.o(.text.main) refers to bsp_i2c_sw.o(.text.soft_i2c_init) for soft_i2c_init
    main.o(.text.main) refers to bsp_key.o(.text.bsp_key_init) for bsp_key_init
    main.o(.text.main) refers to dwt_delay.o(.text.dwt_delay_ms) for dwt_delay_ms
    main.o(.text.main) refers to bsp_lcd1602.o(.text.lcd1602_init) for lcd1602_init
    main.o(.text.main) refers to bsp_key.o(.text.bsp_key_poll) for bsp_key_poll
    main.o(.text.main) refers to multi_task.o(.text.task_add) for task_add
    main.o(.text.main) refers to multi_task.o(.text.task_poll) for task_poll
    main.o(.text.main) refers to bsp_key.o(.text.bsp_key_callback) for bsp_key_callback
    main.o(.ARM.exidx.text.main) refers to main.o(.text.main) for [Anonymous Symbol]
    main.o(.text.SystemClock_Config) refers to stm32f4xx_ll_utils.o(.text.LL_Init1msTick) for LL_Init1msTick
    main.o(.text.SystemClock_Config) refers to stm32f4xx_ll_utils.o(.text.LL_SetSystemCoreClock) for LL_SetSystemCoreClock
    main.o(.ARM.exidx.text.SystemClock_Config) refers to main.o(.text.SystemClock_Config) for [Anonymous Symbol]
    main.o(.ARM.exidx.text.Error_Handler) refers to main.o(.text.Error_Handler) for [Anonymous Symbol]
    gpio.o(.ARM.exidx.text.MX_GPIO_Init) refers to gpio.o(.text.MX_GPIO_Init) for [Anonymous Symbol]
    i2c.o(.text.MX_I2C1_Init) refers to stm32f4xx_ll_gpio.o(.text.LL_GPIO_Init) for LL_GPIO_Init
    i2c.o(.text.MX_I2C1_Init) refers to stm32f4xx_ll_i2c.o(.text.LL_I2C_Init) for LL_I2C_Init
    i2c.o(.ARM.exidx.text.MX_I2C1_Init) refers to i2c.o(.text.MX_I2C1_Init) for [Anonymous Symbol]
    usart.o(.text.MX_USART1_UART_Init) refers to stm32f4xx_ll_gpio.o(.text.LL_GPIO_Init) for LL_GPIO_Init
    usart.o(.text.MX_USART1_UART_Init) refers to stm32f4xx_ll_usart.o(.text.LL_USART_Init) for LL_USART_Init
    usart.o(.ARM.exidx.text.MX_USART1_UART_Init) refers to usart.o(.text.MX_USART1_UART_Init) for [Anonymous Symbol]
    stm32f4xx_it.o(.ARM.exidx.text.NMI_Handler) refers to stm32f4xx_it.o(.text.NMI_Handler) for [Anonymous Symbol]
    stm32f4xx_it.o(.ARM.exidx.text.HardFault_Handler) refers to stm32f4xx_it.o(.text.HardFault_Handler) for [Anonymous Symbol]
    stm32f4xx_it.o(.ARM.exidx.text.MemManage_Handler) refers to stm32f4xx_it.o(.text.MemManage_Handler) for [Anonymous Symbol]
    stm32f4xx_it.o(.ARM.exidx.text.BusFault_Handler) refers to stm32f4xx_it.o(.text.BusFault_Handler) for [Anonymous Symbol]
    stm32f4xx_it.o(.ARM.exidx.text.UsageFault_Handler) refers to stm32f4xx_it.o(.text.UsageFault_Handler) for [Anonymous Symbol]
    stm32f4xx_it.o(.ARM.exidx.text.SVC_Handler) refers to stm32f4xx_it.o(.text.SVC_Handler) for [Anonymous Symbol]
    stm32f4xx_it.o(.ARM.exidx.text.DebugMon_Handler) refers to stm32f4xx_it.o(.text.DebugMon_Handler) for [Anonymous Symbol]
    stm32f4xx_it.o(.ARM.exidx.text.PendSV_Handler) refers to stm32f4xx_it.o(.text.PendSV_Handler) for [Anonymous Symbol]
    stm32f4xx_it.o(.text.SysTick_Handler) refers to multi_task.o(.text.task_ticks_update) for task_ticks_update
    stm32f4xx_it.o(.ARM.exidx.text.SysTick_Handler) refers to stm32f4xx_it.o(.text.SysTick_Handler) for [Anonymous Symbol]
    stm32f4xx_it.o(.ARM.exidx.text.I2C1_EV_IRQHandler) refers to stm32f4xx_it.o(.text.I2C1_EV_IRQHandler) for [Anonymous Symbol]
    stm32f4xx_it.o(.ARM.exidx.text.USART1_IRQHandler) refers to stm32f4xx_it.o(.text.USART1_IRQHandler) for [Anonymous Symbol]
    bsp_i2c_hw.o(.text.bsp_i2c1_init) refers to stm32f4xx_ll_gpio.o(.text.LL_GPIO_Init) for LL_GPIO_Init
    bsp_i2c_hw.o(.text.bsp_i2c1_init) refers to stm32f4xx_ll_i2c.o(.text.LL_I2C_Init) for LL_I2C_Init
    bsp_i2c_hw.o(.ARM.exidx.text.bsp_i2c1_init) refers to bsp_i2c_hw.o(.text.bsp_i2c1_init) for [Anonymous Symbol]
    bsp_i2c_hw.o(.text.i2c_master_write_poll) refers to bsp_i2c_hw.o(.text.i2c1_check_bus) for i2c1_check_bus
    bsp_i2c_hw.o(.ARM.exidx.text.i2c_master_write_poll) refers to bsp_i2c_hw.o(.text.i2c_master_write_poll) for [Anonymous Symbol]
    bsp_i2c_hw.o(.text.i2c1_check_bus) refers to stm32f4xx_ll_gpio.o(.text.LL_GPIO_Init) for LL_GPIO_Init
    bsp_i2c_hw.o(.text.i2c1_check_bus) refers to dwt_delay.o(.text.dwt_delay_us) for dwt_delay_us
    bsp_i2c_hw.o(.text.i2c1_check_bus) refers to bsp_i2c_hw.o(.text.bsp_i2c1_init) for bsp_i2c1_init
    bsp_i2c_hw.o(.ARM.exidx.text.i2c1_check_bus) refers to bsp_i2c_hw.o(.text.i2c1_check_bus) for [Anonymous Symbol]
    bsp_i2c_hw.o(.text.i2c_master_read_poll) refers to bsp_i2c_hw.o(.text.i2c1_check_bus) for i2c1_check_bus
    bsp_i2c_hw.o(.ARM.exidx.text.i2c_master_read_poll) refers to bsp_i2c_hw.o(.text.i2c_master_read_poll) for [Anonymous Symbol]
    bsp_i2c_sw.o(.text.soft_i2c_init) refers to stm32f4xx_ll_gpio.o(.text.LL_GPIO_Init) for LL_GPIO_Init
    bsp_i2c_sw.o(.ARM.exidx.text.soft_i2c_init) refers to bsp_i2c_sw.o(.text.soft_i2c_init) for [Anonymous Symbol]
    bsp_i2c_sw.o(.text.soft_i2c_master_write) refers to dwt_delay.o(.text.dwt_delay_us) for dwt_delay_us
    bsp_i2c_sw.o(.text.soft_i2c_master_write) refers to bsp_i2c_sw.o(.text.soft_i2c_master_send_byte) for soft_i2c_master_send_byte
    bsp_i2c_sw.o(.ARM.exidx.text.soft_i2c_master_write) refers to bsp_i2c_sw.o(.text.soft_i2c_master_write) for [Anonymous Symbol]
    bsp_i2c_sw.o(.text.soft_i2c_master_start) refers to dwt_delay.o(.text.dwt_delay_us) for dwt_delay_us
    bsp_i2c_sw.o(.ARM.exidx.text.soft_i2c_master_start) refers to bsp_i2c_sw.o(.text.soft_i2c_master_start) for [Anonymous Symbol]
    bsp_i2c_sw.o(.text.soft_i2c_master_send_byte) refers to dwt_delay.o(.text.dwt_delay_us) for dwt_delay_us
    bsp_i2c_sw.o(.ARM.exidx.text.soft_i2c_master_send_byte) refers to bsp_i2c_sw.o(.text.soft_i2c_master_send_byte) for [Anonymous Symbol]
    bsp_i2c_sw.o(.text.soft_i2c_master_stop) refers to dwt_delay.o(.text.dwt_delay_us) for dwt_delay_us
    bsp_i2c_sw.o(.ARM.exidx.text.soft_i2c_master_stop) refers to bsp_i2c_sw.o(.text.soft_i2c_master_stop) for [Anonymous Symbol]
    bsp_i2c_sw.o(.text.soft_i2c_master_read) refers to dwt_delay.o(.text.dwt_delay_us) for dwt_delay_us
    bsp_i2c_sw.o(.text.soft_i2c_master_read) refers to bsp_i2c_sw.o(.text.soft_i2c_master_send_byte) for soft_i2c_master_send_byte
    bsp_i2c_sw.o(.text.soft_i2c_master_read) refers to bsp_i2c_sw.o(.text.soft_i2c_master_recv_byte) for soft_i2c_master_recv_byte
    bsp_i2c_sw.o(.ARM.exidx.text.soft_i2c_master_read) refers to bsp_i2c_sw.o(.text.soft_i2c_master_read) for [Anonymous Symbol]
    bsp_i2c_sw.o(.text.soft_i2c_master_recv_byte) refers to dwt_delay.o(.text.dwt_delay_us) for dwt_delay_us
    bsp_i2c_sw.o(.ARM.exidx.text.soft_i2c_master_recv_byte) refers to bsp_i2c_sw.o(.text.soft_i2c_master_recv_byte) for [Anonymous Symbol]
    bsp_i2c_sw.o(.text.soft_i2c_master_send_ack) refers to dwt_delay.o(.text.dwt_delay_us) for dwt_delay_us
    bsp_i2c_sw.o(.ARM.exidx.text.soft_i2c_master_send_ack) refers to bsp_i2c_sw.o(.text.soft_i2c_master_send_ack) for [Anonymous Symbol]
    bsp_i2c_sw.o(.text.soft_i2c_master_send_nack) refers to dwt_delay.o(.text.dwt_delay_us) for dwt_delay_us
    bsp_i2c_sw.o(.ARM.exidx.text.soft_i2c_master_send_nack) refers to bsp_i2c_sw.o(.text.soft_i2c_master_send_nack) for [Anonymous Symbol]
    bsp_i2c_sw.o(.text.soft_i2c_master_wait_ack) refers to dwt_delay.o(.text.dwt_delay_us) for dwt_delay_us
    bsp_i2c_sw.o(.ARM.exidx.text.soft_i2c_master_wait_ack) refers to bsp_i2c_sw.o(.text.soft_i2c_master_wait_ack) for [Anonymous Symbol]
    bsp_lcd1602.o(.text.lcd1602_init) refers to bsp_lcd1602.o(.bss.back_light_stat) for back_light_stat
    bsp_lcd1602.o(.text.lcd1602_init) refers to bsp_i2c_sw.o(.text.soft_i2c_master_write) for soft_i2c_master_write
    bsp_lcd1602.o(.text.lcd1602_init) refers to dwt_delay.o(.text.dwt_delay_ms) for dwt_delay_ms
    bsp_lcd1602.o(.ARM.exidx.text.lcd1602_init) refers to bsp_lcd1602.o(.text.lcd1602_init) for [Anonymous Symbol]
    bsp_lcd1602.o(.text.lcd1602_set_backlight) refers to bsp_lcd1602.o(.bss.back_light_stat) for back_light_stat
    bsp_lcd1602.o(.text.lcd1602_set_backlight) refers to bsp_i2c_sw.o(.text.soft_i2c_master_write) for soft_i2c_master_write
    bsp_lcd1602.o(.ARM.exidx.text.lcd1602_set_backlight) refers to bsp_lcd1602.o(.text.lcd1602_set_backlight) for [Anonymous Symbol]
    bsp_lcd1602.o(.text.get_backlight_status) refers to bsp_lcd1602.o(.bss.back_light_stat) for back_light_stat
    bsp_lcd1602.o(.ARM.exidx.text.get_backlight_status) refers to bsp_lcd1602.o(.text.get_backlight_status) for [Anonymous Symbol]
    bsp_lcd1602.o(.text.lcd1602_show_str) refers to bsp_lcd1602.o(.bss.back_light_stat) for back_light_stat
    bsp_lcd1602.o(.text.lcd1602_show_str) refers to bsp_i2c_sw.o(.text.soft_i2c_master_write) for soft_i2c_master_write
    bsp_lcd1602.o(.ARM.exidx.text.lcd1602_show_str) refers to bsp_lcd1602.o(.text.lcd1602_show_str) for [Anonymous Symbol]
    bsp_lcd1602.o(.text.lcd1602_show_num) refers to bsp_lcd1602.o(.bss.back_light_stat) for back_light_stat
    bsp_lcd1602.o(.text.lcd1602_show_num) refers to bsp_i2c_sw.o(.text.soft_i2c_master_write) for soft_i2c_master_write
    bsp_lcd1602.o(.ARM.exidx.text.lcd1602_show_num) refers to bsp_lcd1602.o(.text.lcd1602_show_num) for [Anonymous Symbol]
    bsp_lcd1602.o(.text.lcd1602_read_char) refers to bsp_lcd1602.o(.bss.back_light_stat) for back_light_stat
    bsp_lcd1602.o(.text.lcd1602_read_char) refers to bsp_i2c_sw.o(.text.soft_i2c_master_write) for soft_i2c_master_write
    bsp_lcd1602.o(.text.lcd1602_read_char) refers to bsp_i2c_sw.o(.text.soft_i2c_master_read) for soft_i2c_master_read
    bsp_lcd1602.o(.ARM.exidx.text.lcd1602_read_char) refers to bsp_lcd1602.o(.text.lcd1602_read_char) for [Anonymous Symbol]
    bsp_lcd1602.o(.text.lcd1602_show_char) refers to bsp_lcd1602.o(.bss.back_light_stat) for back_light_stat
    bsp_lcd1602.o(.text.lcd1602_show_char) refers to bsp_i2c_sw.o(.text.soft_i2c_master_write) for soft_i2c_master_write
    bsp_lcd1602.o(.ARM.exidx.text.lcd1602_show_char) refers to bsp_lcd1602.o(.text.lcd1602_show_char) for [Anonymous Symbol]
    bsp_lcd1602.o(.text.lcd1602_clear) refers to bsp_lcd1602.o(.bss.back_light_stat) for back_light_stat
    bsp_lcd1602.o(.text.lcd1602_clear) refers to bsp_i2c_sw.o(.text.soft_i2c_master_write) for soft_i2c_master_write
    bsp_lcd1602.o(.text.lcd1602_clear) refers to bsp_i2c_sw.o(.text.soft_i2c_master_read) for soft_i2c_master_read
    bsp_lcd1602.o(.ARM.exidx.text.lcd1602_clear) refers to bsp_lcd1602.o(.text.lcd1602_clear) for [Anonymous Symbol]
    bsp_lcd1602.o(.text.lcd1602_set_cursor) refers to bsp_lcd1602.o(.bss.back_light_stat) for back_light_stat
    bsp_lcd1602.o(.text.lcd1602_set_cursor) refers to bsp_i2c_sw.o(.text.soft_i2c_master_write) for soft_i2c_master_write
    bsp_lcd1602.o(.ARM.exidx.text.lcd1602_set_cursor) refers to bsp_lcd1602.o(.text.lcd1602_set_cursor) for [Anonymous Symbol]
    bsp_lcd1602.o(.text.lcd1602_shift) refers to bsp_lcd1602.o(.bss.back_light_stat) for back_light_stat
    bsp_lcd1602.o(.text.lcd1602_shift) refers to bsp_i2c_sw.o(.text.soft_i2c_master_write) for soft_i2c_master_write
    bsp_lcd1602.o(.ARM.exidx.text.lcd1602_shift) refers to bsp_lcd1602.o(.text.lcd1602_shift) for [Anonymous Symbol]
    bsp_key.o(.text.bsp_key_init) refers to stm32f4xx_ll_gpio.o(.text.LL_GPIO_Init) for LL_GPIO_Init
    bsp_key.o(.text.bsp_key_init) refers to bsp_key.o(.text.bsp_key_gpio_read) for bsp_key_gpio_read
    bsp_key.o(.text.bsp_key_init) refers to custom_button.o(.text.button_init) for button_init
    bsp_key.o(.ARM.exidx.text.bsp_key_init) refers to bsp_key.o(.text.bsp_key_init) for [Anonymous Symbol]
    bsp_key.o(.ARM.exidx.text.bsp_key_gpio_read) refers to bsp_key.o(.text.bsp_key_gpio_read) for [Anonymous Symbol]
    bsp_key.o(.text.bsp_key_poll) refers to custom_button.o(.text.button_scan) for button_scan
    bsp_key.o(.ARM.exidx.text.bsp_key_poll) refers to bsp_key.o(.text.bsp_key_poll) for [Anonymous Symbol]
    bsp_key.o(.text.bsp_key_callback) refers to custom_button.o(.text.button_event_get) for button_event_get
    bsp_key.o(.text.bsp_key_callback) refers to bsp_lcd1602.o(.text.lcd1602_show_str) for lcd1602_show_str
    bsp_key.o(.text.bsp_key_callback) refers to bsp_lcd1602.o(.text.lcd1602_clear) for lcd1602_clear
    bsp_key.o(.ARM.exidx.text.bsp_key_callback) refers to bsp_key.o(.text.bsp_key_callback) for [Anonymous Symbol]
    dwt_delay.o(.ARM.exidx.text.dwt_init) refers to dwt_delay.o(.text.dwt_init) for [Anonymous Symbol]
    dwt_delay.o(.text.dwt_delay_us) refers to system_stm32f4xx.o(.data.SystemCoreClock) for SystemCoreClock
    dwt_delay.o(.ARM.exidx.text.dwt_delay_us) refers to dwt_delay.o(.text.dwt_delay_us) for [Anonymous Symbol]
    dwt_delay.o(.text.dwt_delay_ms) refers to system_stm32f4xx.o(.data.SystemCoreClock) for SystemCoreClock
    dwt_delay.o(.ARM.exidx.text.dwt_delay_ms) refers to dwt_delay.o(.text.dwt_delay_ms) for [Anonymous Symbol]
    custom_button.o(.text.button_init) refers to custom_button.o(.bss..L_MergedGlobals) for .L_MergedGlobals
    custom_button.o(.ARM.exidx.text.button_init) refers to custom_button.o(.text.button_init) for [Anonymous Symbol]
    custom_button.o(.text.button_scan) refers to custom_button.o(.bss..L_MergedGlobals) for .L_MergedGlobals
    custom_button.o(.text.button_scan) refers to custom_button.o(.data.button_list) for button_list
    custom_button.o(.ARM.exidx.text.button_scan) refers to custom_button.o(.text.button_scan) for [Anonymous Symbol]
    custom_button.o(.text.button_event_get) refers to custom_button.o(.bss..L_MergedGlobals) for .L_MergedGlobals
    custom_button.o(.ARM.exidx.text.button_event_get) refers to custom_button.o(.text.button_event_get) for [Anonymous Symbol]
    multi_task.o(.text.task_ticks_update) refers to multi_task.o(.bss..L_MergedGlobals) for .L_MergedGlobals
    multi_task.o(.ARM.exidx.text.task_ticks_update) refers to multi_task.o(.text.task_ticks_update) for [Anonymous Symbol]
    multi_task.o(.text.task_add) refers to multi_task.o(.bss.task_heap) for task_heap
    multi_task.o(.text.task_add) refers to multi_task.o(.bss..L_MergedGlobals) for .L_MergedGlobals
    multi_task.o(.ARM.exidx.text.task_add) refers to multi_task.o(.text.task_add) for [Anonymous Symbol]
    multi_task.o(.text.task_del) refers to multi_task.o(.bss..L_MergedGlobals) for .L_MergedGlobals
    multi_task.o(.ARM.exidx.text.task_del) refers to multi_task.o(.text.task_del) for [Anonymous Symbol]
    multi_task.o(.text.task_find) refers to multi_task.o(.bss..L_MergedGlobals) for .L_MergedGlobals
    multi_task.o(.ARM.exidx.text.task_find) refers to multi_task.o(.text.task_find) for [Anonymous Symbol]
    multi_task.o(.ARM.exidx.text.task_period_update) refers to multi_task.o(.text.task_period_update) for [Anonymous Symbol]
    multi_task.o(.text.task_poll) refers to multi_task.o(.bss..L_MergedGlobals) for .L_MergedGlobals
    multi_task.o(.ARM.exidx.text.task_poll) refers to multi_task.o(.text.task_poll) for [Anonymous Symbol]
    startup_stm32f407xx.o(RESET) refers to startup_stm32f407xx.o(STACK) for __initial_sp
    startup_stm32f407xx.o(RESET) refers to startup_stm32f407xx.o(.text) for Reset_Handler
    startup_stm32f407xx.o(RESET) refers to stm32f4xx_it.o(.text.NMI_Handler) for NMI_Handler
    startup_stm32f407xx.o(RESET) refers to stm32f4xx_it.o(.text.HardFault_Handler) for HardFault_Handler
    startup_stm32f407xx.o(RESET) refers to stm32f4xx_it.o(.text.MemManage_Handler) for MemManage_Handler
    startup_stm32f407xx.o(RESET) refers to stm32f4xx_it.o(.text.BusFault_Handler) for BusFault_Handler
    startup_stm32f407xx.o(RESET) refers to stm32f4xx_it.o(.text.UsageFault_Handler) for UsageFault_Handler
    startup_stm32f407xx.o(RESET) refers to stm32f4xx_it.o(.text.SVC_Handler) for SVC_Handler
    startup_stm32f407xx.o(RESET) refers to stm32f4xx_it.o(.text.DebugMon_Handler) for DebugMon_Handler
    startup_stm32f407xx.o(RESET) refers to stm32f4xx_it.o(.text.PendSV_Handler) for PendSV_Handler
    startup_stm32f407xx.o(RESET) refers to stm32f4xx_it.o(.text.SysTick_Handler) for SysTick_Handler
    startup_stm32f407xx.o(RESET) refers to stm32f4xx_it.o(.text.I2C1_EV_IRQHandler) for I2C1_EV_IRQHandler
    startup_stm32f407xx.o(RESET) refers to stm32f4xx_it.o(.text.USART1_IRQHandler) for USART1_IRQHandler
    startup_stm32f407xx.o(.text) refers to system_stm32f4xx.o(.text.SystemInit) for SystemInit
    startup_stm32f407xx.o(.text) refers to entry.o(.ARM.Collect$$$$00000000) for __main
    system_stm32f4xx.o(.ARM.exidx.text.SystemInit) refers to system_stm32f4xx.o(.text.SystemInit) for [Anonymous Symbol]
    system_stm32f4xx.o(.text.SystemCoreClockUpdate) refers to system_stm32f4xx.o(.data.SystemCoreClock) for SystemCoreClock
    system_stm32f4xx.o(.text.SystemCoreClockUpdate) refers to system_stm32f4xx.o(.rodata.AHBPrescTable) for AHBPrescTable
    system_stm32f4xx.o(.ARM.exidx.text.SystemCoreClockUpdate) refers to system_stm32f4xx.o(.text.SystemCoreClockUpdate) for [Anonymous Symbol]
    stm32f4xx_ll_gpio.o(.ARM.exidx.text.LL_GPIO_DeInit) refers to stm32f4xx_ll_gpio.o(.text.LL_GPIO_DeInit) for [Anonymous Symbol]
    stm32f4xx_ll_gpio.o(.ARM.exidx.text.LL_GPIO_Init) refers to stm32f4xx_ll_gpio.o(.text.LL_GPIO_Init) for [Anonymous Symbol]
    stm32f4xx_ll_gpio.o(.ARM.exidx.text.LL_GPIO_StructInit) refers to stm32f4xx_ll_gpio.o(.text.LL_GPIO_StructInit) for [Anonymous Symbol]
    stm32f4xx_ll_i2c.o(.ARM.exidx.text.LL_I2C_DeInit) refers to stm32f4xx_ll_i2c.o(.text.LL_I2C_DeInit) for [Anonymous Symbol]
    stm32f4xx_ll_i2c.o(.text.LL_I2C_Init) refers to stm32f4xx_ll_rcc.o(.text.LL_RCC_GetSystemClocksFreq) for LL_RCC_GetSystemClocksFreq
    stm32f4xx_ll_i2c.o(.ARM.exidx.text.LL_I2C_Init) refers to stm32f4xx_ll_i2c.o(.text.LL_I2C_Init) for [Anonymous Symbol]
    stm32f4xx_ll_i2c.o(.ARM.exidx.text.LL_I2C_StructInit) refers to stm32f4xx_ll_i2c.o(.text.LL_I2C_StructInit) for [Anonymous Symbol]
    stm32f4xx_ll_dma.o(.text.LL_DMA_DeInit) refers to stm32f4xx_ll_dma.o(.rodata.cst8) for STREAM_OFFSET_TAB
    stm32f4xx_ll_dma.o(.ARM.exidx.text.LL_DMA_DeInit) refers to stm32f4xx_ll_dma.o(.text.LL_DMA_DeInit) for [Anonymous Symbol]
    stm32f4xx_ll_dma.o(.text.LL_DMA_Init) refers to stm32f4xx_ll_dma.o(.rodata.cst8) for STREAM_OFFSET_TAB
    stm32f4xx_ll_dma.o(.ARM.exidx.text.LL_DMA_Init) refers to stm32f4xx_ll_dma.o(.text.LL_DMA_Init) for [Anonymous Symbol]
    stm32f4xx_ll_dma.o(.text.LL_DMA_StructInit) refers to memseta.o(.text) for __aeabi_memclr4
    stm32f4xx_ll_dma.o(.ARM.exidx.text.LL_DMA_StructInit) refers to stm32f4xx_ll_dma.o(.text.LL_DMA_StructInit) for [Anonymous Symbol]
    stm32f4xx_ll_rcc.o(.ARM.exidx.text.LL_RCC_DeInit) refers to stm32f4xx_ll_rcc.o(.text.LL_RCC_DeInit) for [Anonymous Symbol]
    stm32f4xx_ll_rcc.o(.text.LL_RCC_GetSystemClocksFreq) refers to system_stm32f4xx.o(.rodata.AHBPrescTable) for AHBPrescTable
    stm32f4xx_ll_rcc.o(.text.LL_RCC_GetSystemClocksFreq) refers to system_stm32f4xx.o(.rodata.APBPrescTable) for APBPrescTable
    stm32f4xx_ll_rcc.o(.ARM.exidx.text.LL_RCC_GetSystemClocksFreq) refers to stm32f4xx_ll_rcc.o(.text.LL_RCC_GetSystemClocksFreq) for [Anonymous Symbol]
    stm32f4xx_ll_rcc.o(.ARM.exidx.text.RCC_GetSystemClockFreq) refers to stm32f4xx_ll_rcc.o(.text.RCC_GetSystemClockFreq) for [Anonymous Symbol]
    stm32f4xx_ll_rcc.o(.text.RCC_GetHCLKClockFreq) refers to system_stm32f4xx.o(.rodata.AHBPrescTable) for AHBPrescTable
    stm32f4xx_ll_rcc.o(.ARM.exidx.text.RCC_GetHCLKClockFreq) refers to stm32f4xx_ll_rcc.o(.text.RCC_GetHCLKClockFreq) for [Anonymous Symbol]
    stm32f4xx_ll_rcc.o(.text.RCC_GetPCLK1ClockFreq) refers to system_stm32f4xx.o(.rodata.APBPrescTable) for APBPrescTable
    stm32f4xx_ll_rcc.o(.ARM.exidx.text.RCC_GetPCLK1ClockFreq) refers to stm32f4xx_ll_rcc.o(.text.RCC_GetPCLK1ClockFreq) for [Anonymous Symbol]
    stm32f4xx_ll_rcc.o(.text.RCC_GetPCLK2ClockFreq) refers to system_stm32f4xx.o(.rodata.APBPrescTable) for APBPrescTable
    stm32f4xx_ll_rcc.o(.ARM.exidx.text.RCC_GetPCLK2ClockFreq) refers to stm32f4xx_ll_rcc.o(.text.RCC_GetPCLK2ClockFreq) for [Anonymous Symbol]
    stm32f4xx_ll_rcc.o(.ARM.exidx.text.LL_RCC_GetI2SClockFreq) refers to stm32f4xx_ll_rcc.o(.text.LL_RCC_GetI2SClockFreq) for [Anonymous Symbol]
    stm32f4xx_ll_rcc.o(.ARM.exidx.text.RCC_PLLI2S_GetFreqDomain_I2S) refers to stm32f4xx_ll_rcc.o(.text.RCC_PLLI2S_GetFreqDomain_I2S) for [Anonymous Symbol]
    stm32f4xx_ll_rcc.o(.ARM.exidx.text.LL_RCC_GetSDIOClockFreq) refers to stm32f4xx_ll_rcc.o(.text.LL_RCC_GetSDIOClockFreq) for [Anonymous Symbol]
    stm32f4xx_ll_rcc.o(.ARM.exidx.text.RCC_PLL_GetFreqDomain_48M) refers to stm32f4xx_ll_rcc.o(.text.RCC_PLL_GetFreqDomain_48M) for [Anonymous Symbol]
    stm32f4xx_ll_rcc.o(.ARM.exidx.text.LL_RCC_GetRNGClockFreq) refers to stm32f4xx_ll_rcc.o(.text.LL_RCC_GetRNGClockFreq) for [Anonymous Symbol]
    stm32f4xx_ll_rcc.o(.ARM.exidx.text.LL_RCC_GetUSBClockFreq) refers to stm32f4xx_ll_rcc.o(.text.LL_RCC_GetUSBClockFreq) for [Anonymous Symbol]
    stm32f4xx_ll_rcc.o(.ARM.exidx.text.RCC_PLL_GetFreqDomain_SYS) refers to stm32f4xx_ll_rcc.o(.text.RCC_PLL_GetFreqDomain_SYS) for [Anonymous Symbol]
    stm32f4xx_ll_utils.o(.ARM.exidx.text.LL_Init1msTick) refers to stm32f4xx_ll_utils.o(.text.LL_Init1msTick) for [Anonymous Symbol]
    stm32f4xx_ll_utils.o(.ARM.exidx.text.LL_mDelay) refers to stm32f4xx_ll_utils.o(.text.LL_mDelay) for [Anonymous Symbol]
    stm32f4xx_ll_utils.o(.text.LL_SetSystemCoreClock) refers to system_stm32f4xx.o(.data.SystemCoreClock) for SystemCoreClock
    stm32f4xx_ll_utils.o(.ARM.exidx.text.LL_SetSystemCoreClock) refers to stm32f4xx_ll_utils.o(.text.LL_SetSystemCoreClock) for [Anonymous Symbol]
    stm32f4xx_ll_utils.o(.ARM.exidx.text.LL_SetFlashLatency) refers to stm32f4xx_ll_utils.o(.text.LL_SetFlashLatency) for [Anonymous Symbol]
    stm32f4xx_ll_utils.o(.text.LL_PLL_ConfigSystemClock_HSI) refers to stm32f4xx_ll_utils.o(.text.UTILS_EnablePLLAndSwitchSystem) for UTILS_EnablePLLAndSwitchSystem
    stm32f4xx_ll_utils.o(.ARM.exidx.text.LL_PLL_ConfigSystemClock_HSI) refers to stm32f4xx_ll_utils.o(.text.LL_PLL_ConfigSystemClock_HSI) for [Anonymous Symbol]
    stm32f4xx_ll_utils.o(.text.UTILS_EnablePLLAndSwitchSystem) refers to system_stm32f4xx.o(.rodata.AHBPrescTable) for AHBPrescTable
    stm32f4xx_ll_utils.o(.text.UTILS_EnablePLLAndSwitchSystem) refers to system_stm32f4xx.o(.data.SystemCoreClock) for SystemCoreClock
    stm32f4xx_ll_utils.o(.ARM.exidx.text.UTILS_EnablePLLAndSwitchSystem) refers to stm32f4xx_ll_utils.o(.text.UTILS_EnablePLLAndSwitchSystem) for [Anonymous Symbol]
    stm32f4xx_ll_utils.o(.text.LL_PLL_ConfigSystemClock_HSE) refers to stm32f4xx_ll_utils.o(.text.UTILS_EnablePLLAndSwitchSystem) for UTILS_EnablePLLAndSwitchSystem
    stm32f4xx_ll_utils.o(.ARM.exidx.text.LL_PLL_ConfigSystemClock_HSE) refers to stm32f4xx_ll_utils.o(.text.LL_PLL_ConfigSystemClock_HSE) for [Anonymous Symbol]
    stm32f4xx_ll_exti.o(.ARM.exidx.text.LL_EXTI_DeInit) refers to stm32f4xx_ll_exti.o(.text.LL_EXTI_DeInit) for [Anonymous Symbol]
    stm32f4xx_ll_exti.o(.ARM.exidx.text.LL_EXTI_Init) refers to stm32f4xx_ll_exti.o(.text.LL_EXTI_Init) for [Anonymous Symbol]
    stm32f4xx_ll_exti.o(.ARM.exidx.text.LL_EXTI_StructInit) refers to stm32f4xx_ll_exti.o(.text.LL_EXTI_StructInit) for [Anonymous Symbol]
    stm32f4xx_ll_usart.o(.ARM.exidx.text.LL_USART_DeInit) refers to stm32f4xx_ll_usart.o(.text.LL_USART_DeInit) for [Anonymous Symbol]
    stm32f4xx_ll_usart.o(.text.LL_USART_Init) refers to stm32f4xx_ll_rcc.o(.text.LL_RCC_GetSystemClocksFreq) for LL_RCC_GetSystemClocksFreq
    stm32f4xx_ll_usart.o(.text.LL_USART_Init) refers to uldiv.o(.text) for __aeabi_uldivmod
    stm32f4xx_ll_usart.o(.ARM.exidx.text.LL_USART_Init) refers to stm32f4xx_ll_usart.o(.text.LL_USART_Init) for [Anonymous Symbol]
    stm32f4xx_ll_usart.o(.ARM.exidx.text.LL_USART_StructInit) refers to stm32f4xx_ll_usart.o(.text.LL_USART_StructInit) for [Anonymous Symbol]
    stm32f4xx_ll_usart.o(.ARM.exidx.text.LL_USART_ClockInit) refers to stm32f4xx_ll_usart.o(.text.LL_USART_ClockInit) for [Anonymous Symbol]
    stm32f4xx_ll_usart.o(.ARM.exidx.text.LL_USART_ClockStructInit) refers to stm32f4xx_ll_usart.o(.text.LL_USART_ClockStructInit) for [Anonymous Symbol]
    entry.o(.ARM.Collect$$$$00000000) refers (Special) to entry10a.o(.ARM.Collect$$$$0000000D) for __rt_final_cpp
    entry.o(.ARM.Collect$$$$00000000) refers (Special) to entry11a.o(.ARM.Collect$$$$0000000F) for __rt_final_exit
    entry.o(.ARM.Collect$$$$00000000) refers (Special) to entry7b.o(.ARM.Collect$$$$00000008) for _main_clock
    entry.o(.ARM.Collect$$$$00000000) refers (Special) to entry8b.o(.ARM.Collect$$$$0000000A) for _main_cpp_init
    entry.o(.ARM.Collect$$$$00000000) refers (Special) to entry9a.o(.ARM.Collect$$$$0000000B) for _main_init
    entry.o(.ARM.Collect$$$$00000000) refers (Special) to entry5.o(.ARM.Collect$$$$00000004) for _main_scatterload
    entry.o(.ARM.Collect$$$$00000000) refers (Special) to entry2.o(.ARM.Collect$$$$00000001) for _main_stk
    uldiv.o(.text) refers to llushr.o(.text) for __aeabi_llsr
    uldiv.o(.text) refers to llshl.o(.text) for __aeabi_llsl
    entry2.o(.ARM.Collect$$$$00000001) refers to entry2.o(.ARM.Collect$$$$00002712) for __lit__00000000
    entry2.o(.ARM.Collect$$$$00002712) refers to startup_stm32f407xx.o(STACK) for __initial_sp
    entry2.o(__vectab_stack_and_reset_area) refers to startup_stm32f407xx.o(STACK) for __initial_sp
    entry2.o(__vectab_stack_and_reset_area) refers to entry.o(.ARM.Collect$$$$00000000) for __main
    entry5.o(.ARM.Collect$$$$00000004) refers to init.o(.text) for __scatterload
    entry9a.o(.ARM.Collect$$$$0000000B) refers to main.o(.text.main) for main
    entry9b.o(.ARM.Collect$$$$0000000C) refers to main.o(.text.main) for main
    init.o(.text) refers to entry5.o(.ARM.Collect$$$$00000004) for __main_after_scatterload


==============================================================================

Removing Unused input sections from the image.

    Removing main.o(.text), (0 bytes).
    Removing main.o(.ARM.exidx.text.main), (8 bytes).
    Removing main.o(.ARM.exidx.text.SystemClock_Config), (8 bytes).
    Removing main.o(.text.Error_Handler), (10 bytes).
    Removing main.o(.ARM.exidx.text.Error_Handler), (8 bytes).
    Removing main.o(.ARM.use_no_argv), (4 bytes).
    Removing gpio.o(.text), (0 bytes).
    Removing gpio.o(.ARM.exidx.text.MX_GPIO_Init), (8 bytes).
    Removing i2c.o(.text), (0 bytes).
    Removing i2c.o(.text.MX_I2C1_Init), (198 bytes).
    Removing i2c.o(.ARM.exidx.text.MX_I2C1_Init), (8 bytes).
    Removing usart.o(.text), (0 bytes).
    Removing usart.o(.ARM.exidx.text.MX_USART1_UART_Init), (8 bytes).
    Removing stm32f4xx_it.o(.text), (0 bytes).
    Removing stm32f4xx_it.o(.ARM.exidx.text.NMI_Handler), (8 bytes).
    Removing stm32f4xx_it.o(.ARM.exidx.text.HardFault_Handler), (8 bytes).
    Removing stm32f4xx_it.o(.ARM.exidx.text.MemManage_Handler), (8 bytes).
    Removing stm32f4xx_it.o(.ARM.exidx.text.BusFault_Handler), (8 bytes).
    Removing stm32f4xx_it.o(.ARM.exidx.text.UsageFault_Handler), (8 bytes).
    Removing stm32f4xx_it.o(.ARM.exidx.text.SVC_Handler), (8 bytes).
    Removing stm32f4xx_it.o(.ARM.exidx.text.DebugMon_Handler), (8 bytes).
    Removing stm32f4xx_it.o(.ARM.exidx.text.PendSV_Handler), (8 bytes).
    Removing stm32f4xx_it.o(.ARM.exidx.text.SysTick_Handler), (8 bytes).
    Removing stm32f4xx_it.o(.ARM.exidx.text.I2C1_EV_IRQHandler), (8 bytes).
    Removing stm32f4xx_it.o(.ARM.exidx.text.USART1_IRQHandler), (8 bytes).
    Removing bsp_i2c_hw.o(.text), (0 bytes).
    Removing bsp_i2c_hw.o(.text.bsp_i2c1_init), (286 bytes).
    Removing bsp_i2c_hw.o(.ARM.exidx.text.bsp_i2c1_init), (8 bytes).
    Removing bsp_i2c_hw.o(.text.i2c_master_write_poll), (340 bytes).
    Removing bsp_i2c_hw.o(.ARM.exidx.text.i2c_master_write_poll), (8 bytes).
    Removing bsp_i2c_hw.o(.text.i2c1_check_bus), (394 bytes).
    Removing bsp_i2c_hw.o(.ARM.exidx.text.i2c1_check_bus), (8 bytes).
    Removing bsp_i2c_hw.o(.text.i2c_master_read_poll), (552 bytes).
    Removing bsp_i2c_hw.o(.ARM.exidx.text.i2c_master_read_poll), (8 bytes).
    Removing bsp_i2c_sw.o(.text), (0 bytes).
    Removing bsp_i2c_sw.o(.ARM.exidx.text.soft_i2c_init), (8 bytes).
    Removing bsp_i2c_sw.o(.ARM.exidx.text.soft_i2c_master_write), (8 bytes).
    Removing bsp_i2c_sw.o(.text.soft_i2c_master_start), (36 bytes).
    Removing bsp_i2c_sw.o(.ARM.exidx.text.soft_i2c_master_start), (8 bytes).
    Removing bsp_i2c_sw.o(.ARM.exidx.text.soft_i2c_master_send_byte), (8 bytes).
    Removing bsp_i2c_sw.o(.text.soft_i2c_master_stop), (48 bytes).
    Removing bsp_i2c_sw.o(.ARM.exidx.text.soft_i2c_master_stop), (8 bytes).
    Removing bsp_i2c_sw.o(.ARM.exidx.text.soft_i2c_master_read), (8 bytes).
    Removing bsp_i2c_sw.o(.ARM.exidx.text.soft_i2c_master_recv_byte), (8 bytes).
    Removing bsp_i2c_sw.o(.text.soft_i2c_master_send_ack), (50 bytes).
    Removing bsp_i2c_sw.o(.ARM.exidx.text.soft_i2c_master_send_ack), (8 bytes).
    Removing bsp_i2c_sw.o(.text.soft_i2c_master_send_nack), (46 bytes).
    Removing bsp_i2c_sw.o(.ARM.exidx.text.soft_i2c_master_send_nack), (8 bytes).
    Removing bsp_i2c_sw.o(.text.soft_i2c_master_wait_ack), (50 bytes).
    Removing bsp_i2c_sw.o(.ARM.exidx.text.soft_i2c_master_wait_ack), (8 bytes).
    Removing bsp_lcd1602.o(.text), (0 bytes).
    Removing bsp_lcd1602.o(.ARM.exidx.text.lcd1602_init), (8 bytes).
    Removing bsp_lcd1602.o(.text.lcd1602_set_backlight), (64 bytes).
    Removing bsp_lcd1602.o(.ARM.exidx.text.lcd1602_set_backlight), (8 bytes).
    Removing bsp_lcd1602.o(.text.get_backlight_status), (12 bytes).
    Removing bsp_lcd1602.o(.ARM.exidx.text.get_backlight_status), (8 bytes).
    Removing bsp_lcd1602.o(.ARM.exidx.text.lcd1602_show_str), (8 bytes).
    Removing bsp_lcd1602.o(.text.lcd1602_show_num), (476 bytes).
    Removing bsp_lcd1602.o(.ARM.exidx.text.lcd1602_show_num), (8 bytes).
    Removing bsp_lcd1602.o(.text.lcd1602_read_char), (186 bytes).
    Removing bsp_lcd1602.o(.ARM.exidx.text.lcd1602_read_char), (8 bytes).
    Removing bsp_lcd1602.o(.text.lcd1602_show_char), (156 bytes).
    Removing bsp_lcd1602.o(.ARM.exidx.text.lcd1602_show_char), (8 bytes).
    Removing bsp_lcd1602.o(.ARM.exidx.text.lcd1602_clear), (8 bytes).
    Removing bsp_lcd1602.o(.text.lcd1602_set_cursor), (86 bytes).
    Removing bsp_lcd1602.o(.ARM.exidx.text.lcd1602_set_cursor), (8 bytes).
    Removing bsp_lcd1602.o(.text.lcd1602_shift), (86 bytes).
    Removing bsp_lcd1602.o(.ARM.exidx.text.lcd1602_shift), (8 bytes).
    Removing bsp_key.o(.text), (0 bytes).
    Removing bsp_key.o(.ARM.exidx.text.bsp_key_init), (8 bytes).
    Removing bsp_key.o(.ARM.exidx.text.bsp_key_gpio_read), (8 bytes).
    Removing bsp_key.o(.ARM.exidx.text.bsp_key_poll), (8 bytes).
    Removing bsp_key.o(.ARM.exidx.text.bsp_key_callback), (8 bytes).
    Removing dwt_delay.o(.text), (0 bytes).
    Removing dwt_delay.o(.ARM.exidx.text.dwt_init), (8 bytes).
    Removing dwt_delay.o(.ARM.exidx.text.dwt_delay_us), (8 bytes).
    Removing dwt_delay.o(.ARM.exidx.text.dwt_delay_ms), (8 bytes).
    Removing custom_button.o(.text), (0 bytes).
    Removing custom_button.o(.ARM.exidx.text.button_init), (8 bytes).
    Removing custom_button.o(.ARM.exidx.text.button_scan), (8 bytes).
    Removing custom_button.o(.ARM.exidx.text.button_event_get), (8 bytes).
    Removing multi_task.o(.text), (0 bytes).
    Removing multi_task.o(.ARM.exidx.text.task_ticks_update), (8 bytes).
    Removing multi_task.o(.ARM.exidx.text.task_add), (8 bytes).
    Removing multi_task.o(.text.task_del), (110 bytes).
    Removing multi_task.o(.ARM.exidx.text.task_del), (8 bytes).
    Removing multi_task.o(.text.task_find), (64 bytes).
    Removing multi_task.o(.ARM.exidx.text.task_find), (8 bytes).
    Removing multi_task.o(.text.task_period_update), (4 bytes).
    Removing multi_task.o(.ARM.exidx.text.task_period_update), (8 bytes).
    Removing multi_task.o(.ARM.exidx.text.task_poll), (8 bytes).
    Removing startup_stm32f407xx.o(HEAP), (512 bytes).
    Removing system_stm32f4xx.o(.text), (0 bytes).
    Removing system_stm32f4xx.o(.ARM.exidx.text.SystemInit), (8 bytes).
    Removing system_stm32f4xx.o(.text.SystemCoreClockUpdate), (124 bytes).
    Removing system_stm32f4xx.o(.ARM.exidx.text.SystemCoreClockUpdate), (8 bytes).
    Removing stm32f4xx_ll_gpio.o(.text), (0 bytes).
    Removing stm32f4xx_ll_gpio.o(.text.LL_GPIO_DeInit), (132 bytes).
    Removing stm32f4xx_ll_gpio.o(.ARM.exidx.text.LL_GPIO_DeInit), (8 bytes).
    Removing stm32f4xx_ll_gpio.o(.ARM.exidx.text.LL_GPIO_Init), (8 bytes).
    Removing stm32f4xx_ll_gpio.o(.text.LL_GPIO_StructInit), (20 bytes).
    Removing stm32f4xx_ll_gpio.o(.ARM.exidx.text.LL_GPIO_StructInit), (8 bytes).
    Removing stm32f4xx_ll_i2c.o(.text), (0 bytes).
    Removing stm32f4xx_ll_i2c.o(.text.LL_I2C_DeInit), (96 bytes).
    Removing stm32f4xx_ll_i2c.o(.ARM.exidx.text.LL_I2C_DeInit), (8 bytes).
    Removing stm32f4xx_ll_i2c.o(.text.LL_I2C_Init), (226 bytes).
    Removing stm32f4xx_ll_i2c.o(.ARM.exidx.text.LL_I2C_Init), (8 bytes).
    Removing stm32f4xx_ll_i2c.o(.text.LL_I2C_StructInit), (24 bytes).
    Removing stm32f4xx_ll_i2c.o(.ARM.exidx.text.LL_I2C_StructInit), (8 bytes).
    Removing stm32f4xx_ll_dma.o(.text), (0 bytes).
    Removing stm32f4xx_ll_dma.o(.text.LL_DMA_DeInit), (502 bytes).
    Removing stm32f4xx_ll_dma.o(.ARM.exidx.text.LL_DMA_DeInit), (8 bytes).
    Removing stm32f4xx_ll_dma.o(.text.LL_DMA_Init), (140 bytes).
    Removing stm32f4xx_ll_dma.o(.ARM.exidx.text.LL_DMA_Init), (8 bytes).
    Removing stm32f4xx_ll_dma.o(.text.LL_DMA_StructInit), (10 bytes).
    Removing stm32f4xx_ll_dma.o(.ARM.exidx.text.LL_DMA_StructInit), (8 bytes).
    Removing stm32f4xx_ll_dma.o(.rodata.cst8), (8 bytes).
    Removing stm32f4xx_ll_rcc.o(.text), (0 bytes).
    Removing stm32f4xx_ll_rcc.o(.text.LL_RCC_DeInit), (190 bytes).
    Removing stm32f4xx_ll_rcc.o(.ARM.exidx.text.LL_RCC_DeInit), (8 bytes).
    Removing stm32f4xx_ll_rcc.o(.ARM.exidx.text.LL_RCC_GetSystemClocksFreq), (8 bytes).
    Removing stm32f4xx_ll_rcc.o(.text.RCC_GetSystemClockFreq), (96 bytes).
    Removing stm32f4xx_ll_rcc.o(.ARM.exidx.text.RCC_GetSystemClockFreq), (8 bytes).
    Removing stm32f4xx_ll_rcc.o(.text.RCC_GetHCLKClockFreq), (28 bytes).
    Removing stm32f4xx_ll_rcc.o(.ARM.exidx.text.RCC_GetHCLKClockFreq), (8 bytes).
    Removing stm32f4xx_ll_rcc.o(.text.RCC_GetPCLK1ClockFreq), (28 bytes).
    Removing stm32f4xx_ll_rcc.o(.ARM.exidx.text.RCC_GetPCLK1ClockFreq), (8 bytes).
    Removing stm32f4xx_ll_rcc.o(.text.RCC_GetPCLK2ClockFreq), (28 bytes).
    Removing stm32f4xx_ll_rcc.o(.ARM.exidx.text.RCC_GetPCLK2ClockFreq), (8 bytes).
    Removing stm32f4xx_ll_rcc.o(.text.LL_RCC_GetI2SClockFreq), (102 bytes).
    Removing stm32f4xx_ll_rcc.o(.ARM.exidx.text.LL_RCC_GetI2SClockFreq), (8 bytes).
    Removing stm32f4xx_ll_rcc.o(.text.RCC_PLLI2S_GetFreqDomain_I2S), (64 bytes).
    Removing stm32f4xx_ll_rcc.o(.ARM.exidx.text.RCC_PLLI2S_GetFreqDomain_I2S), (8 bytes).
    Removing stm32f4xx_ll_rcc.o(.text.LL_RCC_GetSDIOClockFreq), (80 bytes).
    Removing stm32f4xx_ll_rcc.o(.ARM.exidx.text.LL_RCC_GetSDIOClockFreq), (8 bytes).
    Removing stm32f4xx_ll_rcc.o(.text.RCC_PLL_GetFreqDomain_48M), (60 bytes).
    Removing stm32f4xx_ll_rcc.o(.ARM.exidx.text.RCC_PLL_GetFreqDomain_48M), (8 bytes).
    Removing stm32f4xx_ll_rcc.o(.text.LL_RCC_GetRNGClockFreq), (72 bytes).
    Removing stm32f4xx_ll_rcc.o(.ARM.exidx.text.LL_RCC_GetRNGClockFreq), (8 bytes).
    Removing stm32f4xx_ll_rcc.o(.text.LL_RCC_GetUSBClockFreq), (72 bytes).
    Removing stm32f4xx_ll_rcc.o(.ARM.exidx.text.LL_RCC_GetUSBClockFreq), (8 bytes).
    Removing stm32f4xx_ll_rcc.o(.text.RCC_PLL_GetFreqDomain_SYS), (74 bytes).
    Removing stm32f4xx_ll_rcc.o(.ARM.exidx.text.RCC_PLL_GetFreqDomain_SYS), (8 bytes).
    Removing stm32f4xx_ll_utils.o(.text), (0 bytes).
    Removing stm32f4xx_ll_utils.o(.ARM.exidx.text.LL_Init1msTick), (8 bytes).
    Removing stm32f4xx_ll_utils.o(.text.LL_mDelay), (70 bytes).
    Removing stm32f4xx_ll_utils.o(.ARM.exidx.text.LL_mDelay), (8 bytes).
    Removing stm32f4xx_ll_utils.o(.ARM.exidx.text.LL_SetSystemCoreClock), (8 bytes).
    Removing stm32f4xx_ll_utils.o(.text.LL_SetFlashLatency), (260 bytes).
    Removing stm32f4xx_ll_utils.o(.ARM.exidx.text.LL_SetFlashLatency), (8 bytes).
    Removing stm32f4xx_ll_utils.o(.text.LL_PLL_ConfigSystemClock_HSI), (160 bytes).
    Removing stm32f4xx_ll_utils.o(.ARM.exidx.text.LL_PLL_ConfigSystemClock_HSI), (8 bytes).
    Removing stm32f4xx_ll_utils.o(.text.UTILS_EnablePLLAndSwitchSystem), (718 bytes).
    Removing stm32f4xx_ll_utils.o(.ARM.exidx.text.UTILS_EnablePLLAndSwitchSystem), (8 bytes).
    Removing stm32f4xx_ll_utils.o(.text.LL_PLL_ConfigSystemClock_HSE), (194 bytes).
    Removing stm32f4xx_ll_utils.o(.ARM.exidx.text.LL_PLL_ConfigSystemClock_HSE), (8 bytes).
    Removing stm32f4xx_ll_exti.o(.text), (0 bytes).
    Removing stm32f4xx_ll_exti.o(.text.LL_EXTI_DeInit), (30 bytes).
    Removing stm32f4xx_ll_exti.o(.ARM.exidx.text.LL_EXTI_DeInit), (8 bytes).
    Removing stm32f4xx_ll_exti.o(.text.LL_EXTI_Init), (194 bytes).
    Removing stm32f4xx_ll_exti.o(.ARM.exidx.text.LL_EXTI_Init), (8 bytes).
    Removing stm32f4xx_ll_exti.o(.text.LL_EXTI_StructInit), (12 bytes).
    Removing stm32f4xx_ll_exti.o(.ARM.exidx.text.LL_EXTI_StructInit), (8 bytes).
    Removing stm32f4xx_ll_usart.o(.text), (0 bytes).
    Removing stm32f4xx_ll_usart.o(.text.LL_USART_DeInit), (264 bytes).
    Removing stm32f4xx_ll_usart.o(.ARM.exidx.text.LL_USART_DeInit), (8 bytes).
    Removing stm32f4xx_ll_usart.o(.ARM.exidx.text.LL_USART_Init), (8 bytes).
    Removing stm32f4xx_ll_usart.o(.text.LL_USART_StructInit), (24 bytes).
    Removing stm32f4xx_ll_usart.o(.ARM.exidx.text.LL_USART_StructInit), (8 bytes).
    Removing stm32f4xx_ll_usart.o(.text.LL_USART_ClockInit), (54 bytes).
    Removing stm32f4xx_ll_usart.o(.ARM.exidx.text.LL_USART_ClockInit), (8 bytes).
    Removing stm32f4xx_ll_usart.o(.text.LL_USART_ClockStructInit), (12 bytes).
    Removing stm32f4xx_ll_usart.o(.ARM.exidx.text.LL_USART_ClockStructInit), (8 bytes).

173 unused section(s) (total 8706 bytes) removed from the image.

==============================================================================

Image Symbol Table

    Local Symbols

    Symbol Name                              Value     Ov Type        Size  Object(Section)

    ../clib/microlib/division.c              0x00000000   Number         0  uldiv.o ABSOLUTE
    ../clib/microlib/init/entry.s            0x00000000   Number         0  entry.o ABSOLUTE
    ../clib/microlib/init/entry.s            0x00000000   Number         0  entry2.o ABSOLUTE
    ../clib/microlib/init/entry.s            0x00000000   Number         0  entry5.o ABSOLUTE
    ../clib/microlib/init/entry.s            0x00000000   Number         0  entry7a.o ABSOLUTE
    ../clib/microlib/init/entry.s            0x00000000   Number         0  entry7b.o ABSOLUTE
    ../clib/microlib/init/entry.s            0x00000000   Number         0  entry8a.o ABSOLUTE
    ../clib/microlib/init/entry.s            0x00000000   Number         0  entry8b.o ABSOLUTE
    ../clib/microlib/init/entry.s            0x00000000   Number         0  entry9a.o ABSOLUTE
    ../clib/microlib/init/entry.s            0x00000000   Number         0  entry9b.o ABSOLUTE
    ../clib/microlib/init/entry.s            0x00000000   Number         0  entry10a.o ABSOLUTE
    ../clib/microlib/init/entry.s            0x00000000   Number         0  entry10b.o ABSOLUTE
    ../clib/microlib/init/entry.s            0x00000000   Number         0  entry11a.o ABSOLUTE
    ../clib/microlib/init/entry.s            0x00000000   Number         0  entry11b.o ABSOLUTE
    ../clib/microlib/longlong.c              0x00000000   Number         0  llshl.o ABSOLUTE
    ../clib/microlib/longlong.c              0x00000000   Number         0  llushr.o ABSOLUTE
    ../clib/microlib/string/memset.c         0x00000000   Number         0  memseta.o ABSOLUTE
    bsp_i2c_hw.c                             0x00000000   Number         0  bsp_i2c_hw.o ABSOLUTE
    bsp_i2c_sw.c                             0x00000000   Number         0  bsp_i2c_sw.o ABSOLUTE
    bsp_key.c                                0x00000000   Number         0  bsp_key.o ABSOLUTE
    bsp_lcd1602.c                            0x00000000   Number         0  bsp_lcd1602.o ABSOLUTE
    custom_button.c                          0x00000000   Number         0  custom_button.o ABSOLUTE
    dc.s                                     0x00000000   Number         0  dc.o ABSOLUTE
    dwt_delay.c                              0x00000000   Number         0  dwt_delay.o ABSOLUTE
    gpio.c                                   0x00000000   Number         0  gpio.o ABSOLUTE
    handlers.s                               0x00000000   Number         0  handlers.o ABSOLUTE
    i2c.c                                    0x00000000   Number         0  i2c.o ABSOLUTE
    init.s                                   0x00000000   Number         0  init.o ABSOLUTE
    main.c                                   0x00000000   Number         0  main.o ABSOLUTE
    multi_task.c                             0x00000000   Number         0  multi_task.o ABSOLUTE
    startup_stm32f407xx.s                    0x00000000   Number         0  startup_stm32f407xx.o ABSOLUTE
    stm32f4xx_it.c                           0x00000000   Number         0  stm32f4xx_it.o ABSOLUTE
    stm32f4xx_ll_dma.c                       0x00000000   Number         0  stm32f4xx_ll_dma.o ABSOLUTE
    stm32f4xx_ll_exti.c                      0x00000000   Number         0  stm32f4xx_ll_exti.o ABSOLUTE
    stm32f4xx_ll_gpio.c                      0x00000000   Number         0  stm32f4xx_ll_gpio.o ABSOLUTE
    stm32f4xx_ll_i2c.c                       0x00000000   Number         0  stm32f4xx_ll_i2c.o ABSOLUTE
    stm32f4xx_ll_rcc.c                       0x00000000   Number         0  stm32f4xx_ll_rcc.o ABSOLUTE
    stm32f4xx_ll_usart.c                     0x00000000   Number         0  stm32f4xx_ll_usart.o ABSOLUTE
    stm32f4xx_ll_utils.c                     0x00000000   Number         0  stm32f4xx_ll_utils.o ABSOLUTE
    system_stm32f4xx.c                       0x00000000   Number         0  system_stm32f4xx.o ABSOLUTE
    usart.c                                  0x00000000   Number         0  usart.o ABSOLUTE
    RESET                                    0x08000000   Section      392  startup_stm32f407xx.o(RESET)
    .ARM.Collect$$$$00000000                 0x08000188   Section        0  entry.o(.ARM.Collect$$$$00000000)
    .ARM.Collect$$$$00000001                 0x08000188   Section        4  entry2.o(.ARM.Collect$$$$00000001)
    .ARM.Collect$$$$00000004                 0x0800018c   Section        4  entry5.o(.ARM.Collect$$$$00000004)
    .ARM.Collect$$$$00000008                 0x08000190   Section        0  entry7b.o(.ARM.Collect$$$$00000008)
    .ARM.Collect$$$$0000000A                 0x08000190   Section        0  entry8b.o(.ARM.Collect$$$$0000000A)
    .ARM.Collect$$$$0000000B                 0x08000190   Section        8  entry9a.o(.ARM.Collect$$$$0000000B)
    __lit__00000000                          0x08000198   Data           4  entry2.o(.ARM.Collect$$$$00002712)
    .ARM.Collect$$$$0000000D                 0x08000198   Section        0  entry10a.o(.ARM.Collect$$$$0000000D)
    .ARM.Collect$$$$0000000F                 0x08000198   Section        0  entry11a.o(.ARM.Collect$$$$0000000F)
    .ARM.Collect$$$$00002712                 0x08000198   Section        4  entry2.o(.ARM.Collect$$$$00002712)
    $v0                                      0x0800019c   Number         0  startup_stm32f407xx.o(.text)
    .text                                    0x0800019c   Section       36  startup_stm32f407xx.o(.text)
    .text                                    0x080001c0   Section        0  uldiv.o(.text)
    .text                                    0x08000222   Section        0  llshl.o(.text)
    .text                                    0x08000240   Section        0  llushr.o(.text)
    .text                                    0x08000260   Section       36  init.o(.text)
    [Anonymous Symbol]                       0x08000284   Section        0  stm32f4xx_it.o(.text.BusFault_Handler)
    [Anonymous Symbol]                       0x08000288   Section        0  stm32f4xx_it.o(.text.DebugMon_Handler)
    [Anonymous Symbol]                       0x0800028c   Section        0  stm32f4xx_it.o(.text.HardFault_Handler)
    [Anonymous Symbol]                       0x08000290   Section        0  stm32f4xx_it.o(.text.I2C1_EV_IRQHandler)
    [Anonymous Symbol]                       0x08000294   Section        0  stm32f4xx_ll_gpio.o(.text.LL_GPIO_Init)
    [Anonymous Symbol]                       0x0800037c   Section        0  stm32f4xx_ll_utils.o(.text.LL_Init1msTick)
    [Anonymous Symbol]                       0x080003a4   Section        0  stm32f4xx_ll_rcc.o(.text.LL_RCC_GetSystemClocksFreq)
    [Anonymous Symbol]                       0x08000450   Section        0  stm32f4xx_ll_utils.o(.text.LL_SetSystemCoreClock)
    [Anonymous Symbol]                       0x0800045c   Section        0  stm32f4xx_ll_usart.o(.text.LL_USART_Init)
    [Anonymous Symbol]                       0x080005b8   Section        0  gpio.o(.text.MX_GPIO_Init)
    [Anonymous Symbol]                       0x08000610   Section        0  usart.o(.text.MX_USART1_UART_Init)
    [Anonymous Symbol]                       0x080006c8   Section        0  stm32f4xx_it.o(.text.MemManage_Handler)
    [Anonymous Symbol]                       0x080006cc   Section        0  stm32f4xx_it.o(.text.NMI_Handler)
    [Anonymous Symbol]                       0x080006d0   Section        0  stm32f4xx_it.o(.text.PendSV_Handler)
    [Anonymous Symbol]                       0x080006d4   Section        0  stm32f4xx_it.o(.text.SVC_Handler)
    [Anonymous Symbol]                       0x080006d8   Section        0  stm32f4xx_it.o(.text.SysTick_Handler)
    [Anonymous Symbol]                       0x080006dc   Section        0  main.o(.text.SystemClock_Config)
    [Anonymous Symbol]                       0x08000808   Section        0  system_stm32f4xx.o(.text.SystemInit)
    [Anonymous Symbol]                       0x0800081c   Section        0  stm32f4xx_it.o(.text.USART1_IRQHandler)
    [Anonymous Symbol]                       0x08000820   Section        0  stm32f4xx_it.o(.text.UsageFault_Handler)
    [Anonymous Symbol]                       0x08000824   Section        0  bsp_key.o(.text.bsp_key_callback)
    bsp_key_gpio_read                        0x0800089d   Thumb Code    80  bsp_key.o(.text.bsp_key_gpio_read)
    [Anonymous Symbol]                       0x0800089c   Section        0  bsp_key.o(.text.bsp_key_gpio_read)
    [Anonymous Symbol]                       0x080008ec   Section        0  bsp_key.o(.text.bsp_key_init)
    [Anonymous Symbol]                       0x08000960   Section        0  bsp_key.o(.text.bsp_key_poll)
    [Anonymous Symbol]                       0x08000964   Section        0  custom_button.o(.text.button_event_get)
    [Anonymous Symbol]                       0x0800099c   Section        0  custom_button.o(.text.button_init)
    [Anonymous Symbol]                       0x080009a8   Section        0  custom_button.o(.text.button_scan)
    [Anonymous Symbol]                       0x08000c5c   Section        0  dwt_delay.o(.text.dwt_delay_ms)
    [Anonymous Symbol]                       0x08000cac   Section        0  dwt_delay.o(.text.dwt_delay_us)
    [Anonymous Symbol]                       0x08000cfc   Section        0  dwt_delay.o(.text.dwt_init)
    [Anonymous Symbol]                       0x08000d2c   Section        0  bsp_lcd1602.o(.text.lcd1602_clear)
    [Anonymous Symbol]                       0x08000dbc   Section        0  bsp_lcd1602.o(.text.lcd1602_init)
    [Anonymous Symbol]                       0x08000f2c   Section        0  bsp_lcd1602.o(.text.lcd1602_show_str)
    [Anonymous Symbol]                       0x08000fe0   Section        0  main.o(.text.main)
    [Anonymous Symbol]                       0x080010a8   Section        0  bsp_i2c_sw.o(.text.soft_i2c_init)
    [Anonymous Symbol]                       0x08001104   Section        0  bsp_i2c_sw.o(.text.soft_i2c_master_read)
    [Anonymous Symbol]                       0x080011c8   Section        0  bsp_i2c_sw.o(.text.soft_i2c_master_recv_byte)
    [Anonymous Symbol]                       0x080012d0   Section        0  bsp_i2c_sw.o(.text.soft_i2c_master_send_byte)
    [Anonymous Symbol]                       0x08001424   Section        0  bsp_i2c_sw.o(.text.soft_i2c_master_write)
    [Anonymous Symbol]                       0x080014a4   Section        0  multi_task.o(.text.task_add)
    [Anonymous Symbol]                       0x080015d8   Section        0  multi_task.o(.text.task_poll)
    [Anonymous Symbol]                       0x0800169c   Section        0  multi_task.o(.text.task_ticks_update)
    i.__scatterload_copy                     0x080016b4   Section       14  handlers.o(i.__scatterload_copy)
    i.__scatterload_null                     0x080016c2   Section        2  handlers.o(i.__scatterload_null)
    i.__scatterload_zeroinit                 0x080016c4   Section       14  handlers.o(i.__scatterload_zeroinit)
    button_list                              0x20000004   Data          36  custom_button.o(.data.button_list)
    [Anonymous Symbol]                       0x20000004   Section        0  custom_button.o(.data.button_list)
    .L_MergedGlobals                         0x20000028   Data          46  custom_button.o(.bss..L_MergedGlobals)
    hbtn_list.0                              0x20000028   Data           1  custom_button.o(.bss..L_MergedGlobals)
    [Anonymous Symbol]                       0x20000028   Section        0  custom_button.o(.bss..L_MergedGlobals)
    hbtn_list.2                              0x20000029   Data           1  custom_button.o(.bss..L_MergedGlobals)
    hbtn_list.4                              0x2000002a   Data           1  custom_button.o(.bss..L_MergedGlobals)
    hbtn_list.6                              0x2000002b   Data           1  custom_button.o(.bss..L_MergedGlobals)
    read_hbtn_gpio                           0x2000002c   Data           4  custom_button.o(.bss..L_MergedGlobals)
    hbtn_status                              0x20000030   Data           4  custom_button.o(.bss..L_MergedGlobals)
    event_fifo                               0x20000034   Data          34  custom_button.o(.bss..L_MergedGlobals)
    .L_MergedGlobals                         0x20000058   Data          16  multi_task.o(.bss..L_MergedGlobals)
    task_list                                0x20000058   Data           4  multi_task.o(.bss..L_MergedGlobals)
    [Anonymous Symbol]                       0x20000058   Section        0  multi_task.o(.bss..L_MergedGlobals)
    task_ticks                               0x20000060   Data           8  multi_task.o(.bss..L_MergedGlobals)
    back_light_stat                          0x20000068   Data           1  bsp_lcd1602.o(.bss.back_light_stat)
    [Anonymous Symbol]                       0x20000068   Section        0  bsp_lcd1602.o(.bss.back_light_stat)
    task_heap                                0x20000070   Data         240  multi_task.o(.bss.task_heap)
    [Anonymous Symbol]                       0x20000070   Section        0  multi_task.o(.bss.task_heap)
    STACK                                    0x20000160   Section     1024  startup_stm32f407xx.o(STACK)

    Global Symbols

    Symbol Name                              Value     Ov Type        Size  Object(Section)

    BuildAttributes$$THM_ISAv4$E$P$D$K$B$S$7EM$VFPi3$EXTD16$VFPS$VFMA$PE$A:L22UL41UL21$X:L11$S22US41US21$IEEE1$IW$~IW$USESV6$~STKCKD$USESV7$~SHL$OTIME$EBA8$MICROLIB$REQ8$PRES8$EABIv2 0x00000000   Number         0  anon$$obj.o ABSOLUTE
    __cpp_initialize__aeabi_                  - Undefined Weak Reference
    __cxa_finalize                            - Undefined Weak Reference
    __decompress                              - Undefined Weak Reference
    _clock_init                               - Undefined Weak Reference
    _microlib_exit                            - Undefined Weak Reference
    __Vectors_Size                           0x00000188   Number         0  startup_stm32f407xx.o ABSOLUTE
    __Vectors                                0x08000000   Data           4  startup_stm32f407xx.o(RESET)
    __Vectors_End                            0x08000188   Data           0  startup_stm32f407xx.o(RESET)
    __main                                   0x08000189   Thumb Code     0  entry.o(.ARM.Collect$$$$00000000)
    _main_stk                                0x08000189   Thumb Code     0  entry2.o(.ARM.Collect$$$$00000001)
    _main_scatterload                        0x0800018d   Thumb Code     0  entry5.o(.ARM.Collect$$$$00000004)
    __main_after_scatterload                 0x08000191   Thumb Code     0  entry5.o(.ARM.Collect$$$$00000004)
    _main_clock                              0x08000191   Thumb Code     0  entry7b.o(.ARM.Collect$$$$00000008)
    _main_cpp_init                           0x08000191   Thumb Code     0  entry8b.o(.ARM.Collect$$$$0000000A)
    _main_init                               0x08000191   Thumb Code     0  entry9a.o(.ARM.Collect$$$$0000000B)
    __rt_final_cpp                           0x08000199   Thumb Code     0  entry10a.o(.ARM.Collect$$$$0000000D)
    __rt_final_exit                          0x08000199   Thumb Code     0  entry11a.o(.ARM.Collect$$$$0000000F)
    Reset_Handler                            0x0800019d   Thumb Code     8  startup_stm32f407xx.o(.text)
    ADC_IRQHandler                           0x080001b7   Thumb Code     0  startup_stm32f407xx.o(.text)
    CAN1_RX0_IRQHandler                      0x080001b7   Thumb Code     0  startup_stm32f407xx.o(.text)
    CAN1_RX1_IRQHandler                      0x080001b7   Thumb Code     0  startup_stm32f407xx.o(.text)
    CAN1_SCE_IRQHandler                      0x080001b7   Thumb Code     0  startup_stm32f407xx.o(.text)
    CAN1_TX_IRQHandler                       0x080001b7   Thumb Code     0  startup_stm32f407xx.o(.text)
    CAN2_RX0_IRQHandler                      0x080001b7   Thumb Code     0  startup_stm32f407xx.o(.text)
    CAN2_RX1_IRQHandler                      0x080001b7   Thumb Code     0  startup_stm32f407xx.o(.text)
    CAN2_SCE_IRQHandler                      0x080001b7   Thumb Code     0  startup_stm32f407xx.o(.text)
    CAN2_TX_IRQHandler                       0x080001b7   Thumb Code     0  startup_stm32f407xx.o(.text)
    DCMI_IRQHandler                          0x080001b7   Thumb Code     0  startup_stm32f407xx.o(.text)
    DMA1_Stream0_IRQHandler                  0x080001b7   Thumb Code     0  startup_stm32f407xx.o(.text)
    DMA1_Stream1_IRQHandler                  0x080001b7   Thumb Code     0  startup_stm32f407xx.o(.text)
    DMA1_Stream2_IRQHandler                  0x080001b7   Thumb Code     0  startup_stm32f407xx.o(.text)
    DMA1_Stream3_IRQHandler                  0x080001b7   Thumb Code     0  startup_stm32f407xx.o(.text)
    DMA1_Stream4_IRQHandler                  0x080001b7   Thumb Code     0  startup_stm32f407xx.o(.text)
    DMA1_Stream5_IRQHandler                  0x080001b7   Thumb Code     0  startup_stm32f407xx.o(.text)
    DMA1_Stream6_IRQHandler                  0x080001b7   Thumb Code     0  startup_stm32f407xx.o(.text)
    DMA1_Stream7_IRQHandler                  0x080001b7   Thumb Code     0  startup_stm32f407xx.o(.text)
    DMA2_Stream0_IRQHandler                  0x080001b7   Thumb Code     0  startup_stm32f407xx.o(.text)
    DMA2_Stream1_IRQHandler                  0x080001b7   Thumb Code     0  startup_stm32f407xx.o(.text)
    DMA2_Stream2_IRQHandler                  0x080001b7   Thumb Code     0  startup_stm32f407xx.o(.text)
    DMA2_Stream3_IRQHandler                  0x080001b7   Thumb Code     0  startup_stm32f407xx.o(.text)
    DMA2_Stream4_IRQHandler                  0x080001b7   Thumb Code     0  startup_stm32f407xx.o(.text)
    DMA2_Stream5_IRQHandler                  0x080001b7   Thumb Code     0  startup_stm32f407xx.o(.text)
    DMA2_Stream6_IRQHandler                  0x080001b7   Thumb Code     0  startup_stm32f407xx.o(.text)
    DMA2_Stream7_IRQHandler                  0x080001b7   Thumb Code     0  startup_stm32f407xx.o(.text)
    ETH_IRQHandler                           0x080001b7   Thumb Code     0  startup_stm32f407xx.o(.text)
    ETH_WKUP_IRQHandler                      0x080001b7   Thumb Code     0  startup_stm32f407xx.o(.text)
    EXTI0_IRQHandler                         0x080001b7   Thumb Code     0  startup_stm32f407xx.o(.text)
    EXTI15_10_IRQHandler                     0x080001b7   Thumb Code     0  startup_stm32f407xx.o(.text)
    EXTI1_IRQHandler                         0x080001b7   Thumb Code     0  startup_stm32f407xx.o(.text)
    EXTI2_IRQHandler                         0x080001b7   Thumb Code     0  startup_stm32f407xx.o(.text)
    EXTI3_IRQHandler                         0x080001b7   Thumb Code     0  startup_stm32f407xx.o(.text)
    EXTI4_IRQHandler                         0x080001b7   Thumb Code     0  startup_stm32f407xx.o(.text)
    EXTI9_5_IRQHandler                       0x080001b7   Thumb Code     0  startup_stm32f407xx.o(.text)
    FLASH_IRQHandler                         0x080001b7   Thumb Code     0  startup_stm32f407xx.o(.text)
    FMC_IRQHandler                           0x080001b7   Thumb Code     0  startup_stm32f407xx.o(.text)
    FPU_IRQHandler                           0x080001b7   Thumb Code     0  startup_stm32f407xx.o(.text)
    HASH_RNG_IRQHandler                      0x080001b7   Thumb Code     0  startup_stm32f407xx.o(.text)
    I2C1_ER_IRQHandler                       0x080001b7   Thumb Code     0  startup_stm32f407xx.o(.text)
    I2C2_ER_IRQHandler                       0x080001b7   Thumb Code     0  startup_stm32f407xx.o(.text)
    I2C2_EV_IRQHandler                       0x080001b7   Thumb Code     0  startup_stm32f407xx.o(.text)
    I2C3_ER_IRQHandler                       0x080001b7   Thumb Code     0  startup_stm32f407xx.o(.text)
    I2C3_EV_IRQHandler                       0x080001b7   Thumb Code     0  startup_stm32f407xx.o(.text)
    OTG_FS_IRQHandler                        0x080001b7   Thumb Code     0  startup_stm32f407xx.o(.text)
    OTG_FS_WKUP_IRQHandler                   0x080001b7   Thumb Code     0  startup_stm32f407xx.o(.text)
    OTG_HS_EP1_IN_IRQHandler                 0x080001b7   Thumb Code     0  startup_stm32f407xx.o(.text)
    OTG_HS_EP1_OUT_IRQHandler                0x080001b7   Thumb Code     0  startup_stm32f407xx.o(.text)
    OTG_HS_IRQHandler                        0x080001b7   Thumb Code     0  startup_stm32f407xx.o(.text)
    OTG_HS_WKUP_IRQHandler                   0x080001b7   Thumb Code     0  startup_stm32f407xx.o(.text)
    PVD_IRQHandler                           0x080001b7   Thumb Code     0  startup_stm32f407xx.o(.text)
    RCC_IRQHandler                           0x080001b7   Thumb Code     0  startup_stm32f407xx.o(.text)
    RTC_Alarm_IRQHandler                     0x080001b7   Thumb Code     0  startup_stm32f407xx.o(.text)
    RTC_WKUP_IRQHandler                      0x080001b7   Thumb Code     0  startup_stm32f407xx.o(.text)
    SDIO_IRQHandler                          0x080001b7   Thumb Code     0  startup_stm32f407xx.o(.text)
    SPI1_IRQHandler                          0x080001b7   Thumb Code     0  startup_stm32f407xx.o(.text)
    SPI2_IRQHandler                          0x080001b7   Thumb Code     0  startup_stm32f407xx.o(.text)
    SPI3_IRQHandler                          0x080001b7   Thumb Code     0  startup_stm32f407xx.o(.text)
    TAMP_STAMP_IRQHandler                    0x080001b7   Thumb Code     0  startup_stm32f407xx.o(.text)
    TIM1_BRK_TIM9_IRQHandler                 0x080001b7   Thumb Code     0  startup_stm32f407xx.o(.text)
    TIM1_CC_IRQHandler                       0x080001b7   Thumb Code     0  startup_stm32f407xx.o(.text)
    TIM1_TRG_COM_TIM11_IRQHandler            0x080001b7   Thumb Code     0  startup_stm32f407xx.o(.text)
    TIM1_UP_TIM10_IRQHandler                 0x080001b7   Thumb Code     0  startup_stm32f407xx.o(.text)
    TIM2_IRQHandler                          0x080001b7   Thumb Code     0  startup_stm32f407xx.o(.text)
    TIM3_IRQHandler                          0x080001b7   Thumb Code     0  startup_stm32f407xx.o(.text)
    TIM4_IRQHandler                          0x080001b7   Thumb Code     0  startup_stm32f407xx.o(.text)
    TIM5_IRQHandler                          0x080001b7   Thumb Code     0  startup_stm32f407xx.o(.text)
    TIM6_DAC_IRQHandler                      0x080001b7   Thumb Code     0  startup_stm32f407xx.o(.text)
    TIM7_IRQHandler                          0x080001b7   Thumb Code     0  startup_stm32f407xx.o(.text)
    TIM8_BRK_TIM12_IRQHandler                0x080001b7   Thumb Code     0  startup_stm32f407xx.o(.text)
    TIM8_CC_IRQHandler                       0x080001b7   Thumb Code     0  startup_stm32f407xx.o(.text)
    TIM8_TRG_COM_TIM14_IRQHandler            0x080001b7   Thumb Code     0  startup_stm32f407xx.o(.text)
    TIM8_UP_TIM13_IRQHandler                 0x080001b7   Thumb Code     0  startup_stm32f407xx.o(.text)
    UART4_IRQHandler                         0x080001b7   Thumb Code     0  startup_stm32f407xx.o(.text)
    UART5_IRQHandler                         0x080001b7   Thumb Code     0  startup_stm32f407xx.o(.text)
    USART2_IRQHandler                        0x080001b7   Thumb Code     0  startup_stm32f407xx.o(.text)
    USART3_IRQHandler                        0x080001b7   Thumb Code     0  startup_stm32f407xx.o(.text)
    USART6_IRQHandler                        0x080001b7   Thumb Code     0  startup_stm32f407xx.o(.text)
    WWDG_IRQHandler                          0x080001b7   Thumb Code     0  startup_stm32f407xx.o(.text)
    __aeabi_uldivmod                         0x080001c1   Thumb Code    98  uldiv.o(.text)
    __aeabi_llsl                             0x08000223   Thumb Code    30  llshl.o(.text)
    _ll_shift_l                              0x08000223   Thumb Code     0  llshl.o(.text)
    __aeabi_llsr                             0x08000241   Thumb Code    32  llushr.o(.text)
    _ll_ushift_r                             0x08000241   Thumb Code     0  llushr.o(.text)
    __scatterload                            0x08000261   Thumb Code    28  init.o(.text)
    __scatterload_rt2                        0x08000261   Thumb Code     0  init.o(.text)
    BusFault_Handler                         0x08000285   Thumb Code     2  stm32f4xx_it.o(.text.BusFault_Handler)
    DebugMon_Handler                         0x08000289   Thumb Code     2  stm32f4xx_it.o(.text.DebugMon_Handler)
    HardFault_Handler                        0x0800028d   Thumb Code     2  stm32f4xx_it.o(.text.HardFault_Handler)
    I2C1_EV_IRQHandler                       0x08000291   Thumb Code     2  stm32f4xx_it.o(.text.I2C1_EV_IRQHandler)
    LL_GPIO_Init                             0x08000295   Thumb Code   230  stm32f4xx_ll_gpio.o(.text.LL_GPIO_Init)
    LL_Init1msTick                           0x0800037d   Thumb Code    40  stm32f4xx_ll_utils.o(.text.LL_Init1msTick)
    LL_RCC_GetSystemClocksFreq               0x080003a5   Thumb Code   170  stm32f4xx_ll_rcc.o(.text.LL_RCC_GetSystemClocksFreq)
    LL_SetSystemCoreClock                    0x08000451   Thumb Code    12  stm32f4xx_ll_utils.o(.text.LL_SetSystemCoreClock)
    LL_USART_Init                            0x0800045d   Thumb Code   346  stm32f4xx_ll_usart.o(.text.LL_USART_Init)
    MX_GPIO_Init                             0x080005b9   Thumb Code    86  gpio.o(.text.MX_GPIO_Init)
    MX_USART1_UART_Init                      0x08000611   Thumb Code   182  usart.o(.text.MX_USART1_UART_Init)
    MemManage_Handler                        0x080006c9   Thumb Code     2  stm32f4xx_it.o(.text.MemManage_Handler)
    NMI_Handler                              0x080006cd   Thumb Code     2  stm32f4xx_it.o(.text.NMI_Handler)
    PendSV_Handler                           0x080006d1   Thumb Code     2  stm32f4xx_it.o(.text.PendSV_Handler)
    SVC_Handler                              0x080006d5   Thumb Code     2  stm32f4xx_it.o(.text.SVC_Handler)
    SysTick_Handler                          0x080006d9   Thumb Code     4  stm32f4xx_it.o(.text.SysTick_Handler)
    SystemClock_Config                       0x080006dd   Thumb Code   300  main.o(.text.SystemClock_Config)
    SystemInit                               0x08000809   Thumb Code    18  system_stm32f4xx.o(.text.SystemInit)
    USART1_IRQHandler                        0x0800081d   Thumb Code     2  stm32f4xx_it.o(.text.USART1_IRQHandler)
    UsageFault_Handler                       0x08000821   Thumb Code     2  stm32f4xx_it.o(.text.UsageFault_Handler)
    bsp_key_callback                         0x08000825   Thumb Code    88  bsp_key.o(.text.bsp_key_callback)
    bsp_key_init                             0x080008ed   Thumb Code   114  bsp_key.o(.text.bsp_key_init)
    bsp_key_poll                             0x08000961   Thumb Code     4  bsp_key.o(.text.bsp_key_poll)
    button_event_get                         0x08000965   Thumb Code    54  custom_button.o(.text.button_event_get)
    button_init                              0x0800099d   Thumb Code    12  custom_button.o(.text.button_init)
    button_scan                              0x080009a9   Thumb Code   690  custom_button.o(.text.button_scan)
    dwt_delay_ms                             0x08000c5d   Thumb Code    80  dwt_delay.o(.text.dwt_delay_ms)
    dwt_delay_us                             0x08000cad   Thumb Code    80  dwt_delay.o(.text.dwt_delay_us)
    dwt_init                                 0x08000cfd   Thumb Code    46  dwt_delay.o(.text.dwt_init)
    lcd1602_clear                            0x08000d2d   Thumb Code   142  bsp_lcd1602.o(.text.lcd1602_clear)
    lcd1602_init                             0x08000dbd   Thumb Code   368  bsp_lcd1602.o(.text.lcd1602_init)
    lcd1602_show_str                         0x08000f2d   Thumb Code   178  bsp_lcd1602.o(.text.lcd1602_show_str)
    main                                     0x08000fe1   Thumb Code   198  main.o(.text.main)
    soft_i2c_init                            0x080010a9   Thumb Code    92  bsp_i2c_sw.o(.text.soft_i2c_init)
    soft_i2c_master_read                     0x08001105   Thumb Code   196  bsp_i2c_sw.o(.text.soft_i2c_master_read)
    soft_i2c_master_recv_byte                0x080011c9   Thumb Code   264  bsp_i2c_sw.o(.text.soft_i2c_master_recv_byte)
    soft_i2c_master_send_byte                0x080012d1   Thumb Code   338  bsp_i2c_sw.o(.text.soft_i2c_master_send_byte)
    soft_i2c_master_write                    0x08001425   Thumb Code   126  bsp_i2c_sw.o(.text.soft_i2c_master_write)
    task_add                                 0x080014a5   Thumb Code   306  multi_task.o(.text.task_add)
    task_poll                                0x080015d9   Thumb Code   196  multi_task.o(.text.task_poll)
    task_ticks_update                        0x0800169d   Thumb Code    24  multi_task.o(.text.task_ticks_update)
    __scatterload_copy                       0x080016b5   Thumb Code    14  handlers.o(i.__scatterload_copy)
    __scatterload_null                       0x080016c3   Thumb Code     2  handlers.o(i.__scatterload_null)
    __scatterload_zeroinit                   0x080016c5   Thumb Code    14  handlers.o(i.__scatterload_zeroinit)
    AHBPrescTable                            0x080016d2   Data          16  system_stm32f4xx.o(.rodata.AHBPrescTable)
    APBPrescTable                            0x080016e2   Data           8  system_stm32f4xx.o(.rodata.APBPrescTable)
    Region$$Table$$Base                      0x080016ec   Number         0  anon$$obj.o(Region$$Table)
    Region$$Table$$Limit                     0x0800170c   Number         0  anon$$obj.o(Region$$Table)
    SystemCoreClock                          0x20000000   Data           4  system_stm32f4xx.o(.data.SystemCoreClock)
    __initial_sp                             0x20000560   Data           0  startup_stm32f407xx.o(STACK)



==============================================================================

Memory Map of the image

  Image Entry point : 0x08000189

  Load Region LR_IROM1 (Base: 0x08000000, Size: 0x00001738, Max: 0x00100000, ABSOLUTE)

    Execution Region ER_IROM1 (Exec base: 0x08000000, Load base: 0x08000000, Size: 0x0000170c, Max: 0x00100000, ABSOLUTE)

    Exec Addr    Load Addr    Size         Type   Attr      Idx    E Section Name        Object

    0x08000000   0x08000000   0x00000188   Data   RO          212    RESET               startup_stm32f407xx.o
    0x08000188   0x08000188   0x00000000   Code   RO          365  * .ARM.Collect$$$$00000000  mc_w.l(entry.o)
    0x08000188   0x08000188   0x00000004   Code   RO          372    .ARM.Collect$$$$00000001  mc_w.l(entry2.o)
    0x0800018c   0x0800018c   0x00000004   Code   RO          375    .ARM.Collect$$$$00000004  mc_w.l(entry5.o)
    0x08000190   0x08000190   0x00000000   Code   RO          377    .ARM.Collect$$$$00000008  mc_w.l(entry7b.o)
    0x08000190   0x08000190   0x00000000   Code   RO          379    .ARM.Collect$$$$0000000A  mc_w.l(entry8b.o)
    0x08000190   0x08000190   0x00000008   Code   RO          380    .ARM.Collect$$$$0000000B  mc_w.l(entry9a.o)
    0x08000198   0x08000198   0x00000000   Code   RO          382    .ARM.Collect$$$$0000000D  mc_w.l(entry10a.o)
    0x08000198   0x08000198   0x00000000   Code   RO          384    .ARM.Collect$$$$0000000F  mc_w.l(entry11a.o)
    0x08000198   0x08000198   0x00000004   Code   RO          373    .ARM.Collect$$$$00002712  mc_w.l(entry2.o)
    0x0800019c   0x0800019c   0x00000024   Code   RO          213    .text               startup_stm32f407xx.o
    0x080001c0   0x080001c0   0x00000062   Code   RO          368    .text               mc_w.l(uldiv.o)
    0x08000222   0x08000222   0x0000001e   Code   RO          386    .text               mc_w.l(llshl.o)
    0x08000240   0x08000240   0x00000020   Code   RO          388    .text               mc_w.l(llushr.o)
    0x08000260   0x08000260   0x00000024   Code   RO          390    .text               mc_w.l(init.o)
    0x08000284   0x08000284   0x00000002   Code   RO           47    .text.BusFault_Handler  stm32f4xx_it.o
    0x08000286   0x08000286   0x00000002   PAD
    0x08000288   0x08000288   0x00000002   Code   RO           53    .text.DebugMon_Handler  stm32f4xx_it.o
    0x0800028a   0x0800028a   0x00000002   PAD
    0x0800028c   0x0800028c   0x00000002   Code   RO           43    .text.HardFault_Handler  stm32f4xx_it.o
    0x0800028e   0x0800028e   0x00000002   PAD
    0x08000290   0x08000290   0x00000002   Code   RO           59    .text.I2C1_EV_IRQHandler  stm32f4xx_it.o
    0x08000292   0x08000292   0x00000002   PAD
    0x08000294   0x08000294   0x000000e6   Code   RO          237    .text.LL_GPIO_Init  stm32f4xx_ll_gpio.o
    0x0800037a   0x0800037a   0x00000002   PAD
    0x0800037c   0x0800037c   0x00000028   Code   RO          312    .text.LL_Init1msTick  stm32f4xx_ll_utils.o
    0x080003a4   0x080003a4   0x000000aa   Code   RO          280    .text.LL_RCC_GetSystemClocksFreq  stm32f4xx_ll_rcc.o
    0x0800044e   0x0800044e   0x00000002   PAD
    0x08000450   0x08000450   0x0000000c   Code   RO          316    .text.LL_SetSystemCoreClock  stm32f4xx_ll_utils.o
    0x0800045c   0x0800045c   0x0000015a   Code   RO          350    .text.LL_USART_Init  stm32f4xx_ll_usart.o
    0x080005b6   0x080005b6   0x00000002   PAD
    0x080005b8   0x080005b8   0x00000056   Code   RO           17    .text.MX_GPIO_Init  gpio.o
    0x0800060e   0x0800060e   0x00000002   PAD
    0x08000610   0x08000610   0x000000b6   Code   RO           33    .text.MX_USART1_UART_Init  usart.o
    0x080006c6   0x080006c6   0x00000002   PAD
    0x080006c8   0x080006c8   0x00000002   Code   RO           45    .text.MemManage_Handler  stm32f4xx_it.o
    0x080006ca   0x080006ca   0x00000002   PAD
    0x080006cc   0x080006cc   0x00000002   Code   RO           41    .text.NMI_Handler   stm32f4xx_it.o
    0x080006ce   0x080006ce   0x00000002   PAD
    0x080006d0   0x080006d0   0x00000002   Code   RO           55    .text.PendSV_Handler  stm32f4xx_it.o
    0x080006d2   0x080006d2   0x00000002   PAD
    0x080006d4   0x080006d4   0x00000002   Code   RO           51    .text.SVC_Handler   stm32f4xx_it.o
    0x080006d6   0x080006d6   0x00000002   PAD
    0x080006d8   0x080006d8   0x00000004   Code   RO           57    .text.SysTick_Handler  stm32f4xx_it.o
    0x080006dc   0x080006dc   0x0000012c   Code   RO            4    .text.SystemClock_Config  main.o
    0x08000808   0x08000808   0x00000012   Code   RO          220    .text.SystemInit    system_stm32f4xx.o
    0x0800081a   0x0800081a   0x00000002   PAD
    0x0800081c   0x0800081c   0x00000002   Code   RO           61    .text.USART1_IRQHandler  stm32f4xx_it.o
    0x0800081e   0x0800081e   0x00000002   PAD
    0x08000820   0x08000820   0x00000002   Code   RO           49    .text.UsageFault_Handler  stm32f4xx_it.o
    0x08000822   0x08000822   0x00000002   PAD
    0x08000824   0x08000824   0x00000078   Code   RO          149    .text.bsp_key_callback  bsp_key.o
    0x0800089c   0x0800089c   0x00000050   Code   RO          145    .text.bsp_key_gpio_read  bsp_key.o
    0x080008ec   0x080008ec   0x00000072   Code   RO          143    .text.bsp_key_init  bsp_key.o
    0x0800095e   0x0800095e   0x00000002   PAD
    0x08000960   0x08000960   0x00000004   Code   RO          147    .text.bsp_key_poll  bsp_key.o
    0x08000964   0x08000964   0x00000036   Code   RO          177    .text.button_event_get  custom_button.o
    0x0800099a   0x0800099a   0x00000002   PAD
    0x0800099c   0x0800099c   0x0000000c   Code   RO          173    .text.button_init   custom_button.o
    0x080009a8   0x080009a8   0x000002b2   Code   RO          175    .text.button_scan   custom_button.o
    0x08000c5a   0x08000c5a   0x00000002   PAD
    0x08000c5c   0x08000c5c   0x00000050   Code   RO          163    .text.dwt_delay_ms  dwt_delay.o
    0x08000cac   0x08000cac   0x00000050   Code   RO          161    .text.dwt_delay_us  dwt_delay.o
    0x08000cfc   0x08000cfc   0x0000002e   Code   RO          159    .text.dwt_init      dwt_delay.o
    0x08000d2a   0x08000d2a   0x00000002   PAD
    0x08000d2c   0x08000d2c   0x0000008e   Code   RO          128    .text.lcd1602_clear  bsp_lcd1602.o
    0x08000dba   0x08000dba   0x00000002   PAD
    0x08000dbc   0x08000dbc   0x00000170   Code   RO          114    .text.lcd1602_init  bsp_lcd1602.o
    0x08000f2c   0x08000f2c   0x000000b2   Code   RO          120    .text.lcd1602_show_str  bsp_lcd1602.o
    0x08000fde   0x08000fde   0x00000002   PAD
    0x08000fe0   0x08000fe0   0x000000c6   Code   RO            2    .text.main          main.o
    0x080010a6   0x080010a6   0x00000002   PAD
    0x080010a8   0x080010a8   0x0000005c   Code   RO           86    .text.soft_i2c_init  bsp_i2c_sw.o
    0x08001104   0x08001104   0x000000c4   Code   RO           96    .text.soft_i2c_master_read  bsp_i2c_sw.o
    0x080011c8   0x080011c8   0x00000108   Code   RO           98    .text.soft_i2c_master_recv_byte  bsp_i2c_sw.o
    0x080012d0   0x080012d0   0x00000152   Code   RO           92    .text.soft_i2c_master_send_byte  bsp_i2c_sw.o
    0x08001422   0x08001422   0x00000002   PAD
    0x08001424   0x08001424   0x0000007e   Code   RO           88    .text.soft_i2c_master_write  bsp_i2c_sw.o
    0x080014a2   0x080014a2   0x00000002   PAD
    0x080014a4   0x080014a4   0x00000132   Code   RO          191    .text.task_add      multi_task.o
    0x080015d6   0x080015d6   0x00000002   PAD
    0x080015d8   0x080015d8   0x000000c4   Code   RO          199    .text.task_poll     multi_task.o
    0x0800169c   0x0800169c   0x00000018   Code   RO          189    .text.task_ticks_update  multi_task.o
    0x080016b4   0x080016b4   0x0000000e   Code   RO          394    i.__scatterload_copy  mc_w.l(handlers.o)
    0x080016c2   0x080016c2   0x00000002   Code   RO          395    i.__scatterload_null  mc_w.l(handlers.o)
    0x080016c4   0x080016c4   0x0000000e   Code   RO          396    i.__scatterload_zeroinit  mc_w.l(handlers.o)
    0x080016d2   0x080016d2   0x00000010   Data   RO          225    .rodata.AHBPrescTable  system_stm32f4xx.o
    0x080016e2   0x080016e2   0x00000008   Data   RO          226    .rodata.APBPrescTable  system_stm32f4xx.o
    0x080016ea   0x080016ea   0x00000002   PAD
    0x080016ec   0x080016ec   0x00000020   Data   RO          393    Region$$Table       anon$$obj.o


    Execution Region RW_IRAM1 (Exec base: 0x20000000, Load base: 0x08001710, Size: 0x00000560, Max: 0x0001c000, ABSOLUTE)

    Exec Addr    Load Addr    Size         Type   Attr      Idx    E Section Name        Object

    0x20000000   0x08001710   0x00000004   Data   RW          224    .data.SystemCoreClock  system_stm32f4xx.o
    0x20000004   0x08001714   0x00000024   Data   RW          179    .data.button_list   custom_button.o
    0x20000028        -       0x0000002e   Zero   RW          180    .bss..L_MergedGlobals  custom_button.o
    0x20000056   0x08001738   0x00000002   PAD
    0x20000058        -       0x00000010   Zero   RW          202    .bss..L_MergedGlobals  multi_task.o
    0x20000068        -       0x00000001   Zero   RW          134    .bss.back_light_stat  bsp_lcd1602.o
    0x20000069   0x08001738   0x00000007   PAD
    0x20000070        -       0x000000f0   Zero   RW          201    .bss.task_heap      multi_task.o
    0x20000160        -       0x00000400   Zero   RW          210    STACK               startup_stm32f407xx.o


    Execution Region RW_IRAM2 (Exec base: 0x2001c000, Load base: 0x08001738, Size: 0x00000000, Max: 0x00004000, ABSOLUTE)

    **** No section assigned to this execution region ****


==============================================================================

Image component sizes


      Code (inc. data)   RO Data    RW Data    ZI Data      Debug   Object Name

      1016          0          0          0          0       8331   bsp_i2c_sw.o
       318         36          0          0          0       3446   bsp_key.o
       688          0          0          0          1       6726   bsp_lcd1602.o
       756          6          0         36         46       4467   custom_button.o
       206          0          0          0          0       1973   dwt_delay.o
        86          0          0          0          0       1746   gpio.o
       498          0          0          0          0       7723   main.o
       526          0          0          0        256       3965   multi_task.o
        36          8        392          0       1024        832   startup_stm32f407xx.o
        24          0          0          0          0       1286   stm32f4xx_it.o
       230          0          0          0          0       3557   stm32f4xx_ll_gpio.o
       170          0          0          0          0       9240   stm32f4xx_ll_rcc.o
       346          0          0          0          0       5657   stm32f4xx_ll_usart.o
        52          0          0          0          0       9034   stm32f4xx_ll_utils.o
        18          0         24          4          0       2633   system_stm32f4xx.o
       182          0          0          0          0       5961   usart.o

    ----------------------------------------------------------------------
      5204         50        450         40       1336      76577   Object Totals
         0          0         32          0          0          0   (incl. Generated)
        52          0          2          0          9          0   (incl. Padding)

    ----------------------------------------------------------------------

      Code (inc. data)   RO Data    RW Data    ZI Data      Debug   Library Member Name

         0          0          0          0          0          0   entry.o
         0          0          0          0          0          0   entry10a.o
         0          0          0          0          0          0   entry11a.o
         8          4          0          0          0          0   entry2.o
         4          0          0          0          0          0   entry5.o
         0          0          0          0          0          0   entry7b.o
         0          0          0          0          0          0   entry8b.o
         8          4          0          0          0          0   entry9a.o
        30          0          0          0          0          0   handlers.o
        36          8          0          0          0         68   init.o
        30          0          0          0          0         68   llshl.o
        32          0          0          0          0         68   llushr.o
        98          0          0          0          0         92   uldiv.o

    ----------------------------------------------------------------------
       246         16          0          0          0        296   Library Totals
         0          0          0          0          0          0   (incl. Padding)

    ----------------------------------------------------------------------

      Code (inc. data)   RO Data    RW Data    ZI Data      Debug   Library Name

       246         16          0          0          0        296   mc_w.l

    ----------------------------------------------------------------------
       246         16          0          0          0        296   Library Totals

    ----------------------------------------------------------------------

==============================================================================


      Code (inc. data)   RO Data    RW Data    ZI Data      Debug   

      5450         66        450         40       1336      76745   Grand Totals
      5450         66        450         40       1336      76745   ELF Image Totals
      5450         66        450         40          0          0   ROM Totals

==============================================================================

    Total RO  Size (Code + RO Data)                 5900 (   5.76kB)
    Total RW  Size (RW Data + ZI Data)              1376 (   1.34kB)
    Total ROM Size (Code + RO Data + RW Data)       5940 (   5.80kB)

==============================================================================

